Component: ARM Compiler 5.06 update 6 (build 750) Tool: armlink [4d35ed]

==============================================================================

Section Cross References

    main.o(i.gpio_config) refers to main.o(i.nrf_gpio_cfg) for nrf_gpio_cfg
    main.o(i.gpio_config) refers to main.o(i.nrf_gpio_cfg_output) for nrf_gpio_cfg_output
    main.o(i.gpio_config) refers to main.o(i.nrf_gpio_pin_clear) for nrf_gpio_pin_clear
    main.o(i.gpio_config) refers to main.o(i.nrf_gpio_pin_set) for nrf_gpio_pin_set
    main.o(i.gpio_config) refers to main.o(.data) for rows
    main.o(i.handle_inactivity) refers to main.o(i.empty_keys) for empty_keys
    main.o(i.handle_inactivity) refers to nrf_drv_rtc.o(i.nrf_drv_rtc_disable) for nrf_drv_rtc_disable
    main.o(i.handle_inactivity) refers to main.o(i.nrf_gpio_pin_set) for nrf_gpio_pin_set
    main.o(i.handle_inactivity) refers to main.o(.data) for inactivity_ticks
    main.o(i.handle_inactivity) refers to main.o(.constdata) for rtc1
    main.o(i.lfclk_config) refers to nrf_drv_clock.o(i.nrf_drv_clock_init) for nrf_drv_clock_init
    main.o(i.lfclk_config) refers to app_error.o(i.app_error_handler) for app_error_handler
    main.o(i.lfclk_config) refers to nrf_drv_clock.o(i.nrf_drv_clock_lfclk_request) for nrf_drv_clock_lfclk_request
    main.o(i.main) refers to app_error.o(i.app_error_handler) for app_error_handler
    main.o(i.main) refers to eeprom.o(i.eeprom_read) for eeprom_read
    main.o(i.main) refers to nrf_gzll.o(i.nrf_gzll_init) for nrf_gzll_init
    main.o(i.main) refers to nrf_gzll.o(i.nrf_gzll_set_max_tx_attempts) for nrf_gzll_set_max_tx_attempts
    main.o(i.main) refers to nrf_gzll.o(i.nrf_gzll_set_timeslots_per_channel) for nrf_gzll_set_timeslots_per_channel
    main.o(i.main) refers to nrf_gzll.o(i.nrf_gzll_set_channel_table) for nrf_gzll_set_channel_table
    main.o(i.main) refers to nrf_gzll.o(i.nrf_gzll_set_datarate) for nrf_gzll_set_datarate
    main.o(i.main) refers to nrf_gzll.o(i.nrf_gzll_set_timeslot_period) for nrf_gzll_set_timeslot_period
    main.o(i.main) refers to nrf_gzll.o(i.nrf_gzll_set_base_address_0) for nrf_gzll_set_base_address_0
    main.o(i.main) refers to nrf_gzll.o(i.nrf_gzll_set_base_address_1) for nrf_gzll_set_base_address_1
    main.o(i.main) refers to nrf_gzll.o(i.nrf_gzll_enable) for nrf_gzll_enable
    main.o(i.main) refers to main.o(i.lfclk_config) for lfclk_config
    main.o(i.main) refers to main.o(i.rtc_config) for rtc_config
    main.o(i.main) refers to main.o(i.gpio_config) for gpio_config
    main.o(i.main) refers to main.o(.data) for channelC
    main.o(i.nrf_gpio_cfg_output) refers to main.o(i.nrf_gpio_cfg) for nrf_gpio_cfg
    main.o(i.read_keys) refers to main.o(i.nrf_gpio_pin_set) for nrf_gpio_pin_set
    main.o(i.read_keys) refers to main.o(i.nrf_gpio_pin_clear) for nrf_gpio_pin_clear
    main.o(i.read_keys) refers to main.o(.constdata) for COL_PINS
    main.o(i.read_keys) refers to main.o(.data) for rows
    main.o(i.rtc_config) refers to nrf_drv_rtc.o(i.nrf_drv_rtc_init) for nrf_drv_rtc_init
    main.o(i.rtc_config) refers to nrf_drv_rtc.o(i.nrf_drv_rtc_tick_enable) for nrf_drv_rtc_tick_enable
    main.o(i.rtc_config) refers to nrf_drv_rtc.o(i.nrf_drv_rtc_enable) for nrf_drv_rtc_enable
    main.o(i.rtc_config) refers to main.o(.constdata) for .constdata
    main.o(i.rtc_config) refers to main.o(i.tick) for tick
    main.o(i.tick) refers to main.o(i.read_keys) for read_keys
    main.o(i.tick) refers to major.o(i.check_predef_action) for check_predef_action
    main.o(i.tick) refers to main.o(i.handle_inactivity) for handle_inactivity
    main.o(i.tick) refers to major.o(i.handle_send) for handle_send
    major.o(i.check_addr) refers to eeprom.o(i.eeprom_write) for eeprom_write
    major.o(i.check_addr) refers to major.o(i.__NVIC_SystemReset) for __NVIC_SystemReset
    major.o(i.check_addr) refers to main.o(.data) for channelC
    major.o(i.check_ota) refers to major.o(i.qf_enter_dfu) for qf_enter_dfu
    major.o(i.check_ota) refers to major.o(.data) for rtc_ota_counter
    major.o(i.check_predef_action) refers to major.o(i.check_addr) for check_addr
    major.o(i.check_predef_action) refers to major.o(i.check_ota) for check_ota
    major.o(i.check_predef_action) refers to major.o(.data) for addr0
    major.o(i.handle_send) refers to main.o(i.compare_keys) for compare_keys
    major.o(i.handle_send) refers to major.o(i.print_bits_raw) for print_bits_raw
    major.o(i.handle_send) refers to nrf_gzll.o(i.nrf_gzll_add_packet_to_tx_fifo) for nrf_gzll_add_packet_to_tx_fifo
    major.o(i.handle_send) refers to major.o(.data) for keys_snapshot
    major.o(i.qf_enter_dfu) refers to major.o(i.__NVIC_SystemReset) for __NVIC_SystemReset
    receiver_cb.o(i.nrf_gzll_device_tx_success) refers to nrf_gzll.o(i.nrf_gzll_fetch_packet_from_rx_fifo) for nrf_gzll_fetch_packet_from_rx_fifo
    receiver_cb.o(i.nrf_gzll_device_tx_success) refers to receiver_cb.o(.bss) for ack_payload
[...]
    hfclk_start                              0x000011e1   Thumb Code    24  nrf_drv_clock.o(i.hfclk_start)
    i.hfclk_stop                             0x000011f8   Section        0  nrf_drv_clock.o(i.hfclk_stop)
    hfclk_stop                               0x000011f9   Thumb Code    26  nrf_drv_clock.o(i.hfclk_stop)
    i.intern_softdevice_events_execute       0x00001218   Section        0  softdevice_handler.o(i.intern_softdevice_events_execute)
    i.is_disabled_in_debug_needed            0x000012e4   Section        0  system_nrf51.o(i.is_disabled_in_debug_needed)
    is_disabled_in_debug_needed              0x000012e5   Thumb Code    52  system_nrf51.o(i.is_disabled_in_debug_needed)
    i.is_manual_peripheral_setup_needed      0x0000131c   Section        0  system_nrf51.o(i.is_manual_peripheral_setup_needed)
    is_manual_peripheral_setup_needed        0x0000131d   Thumb Code   104  system_nrf51.o(i.is_manual_peripheral_setup_needed)
    i.is_peripheral_domain_setup_needed      0x00001388   Section        0  system_nrf51.o(i.is_peripheral_domain_setup_needed)
    is_peripheral_domain_setup_needed        0x00001389   Thumb Code    78  system_nrf51.o(i.is_peripheral_domain_setup_needed)
    i.item_dequeue                           0x000013dc   Section        0  nrf_drv_clock.o(i.item_dequeue)
    item_dequeue                             0x000013dd   Thumb Code    14  nrf_drv_clock.o(i.item_dequeue)
    i.item_enqueue                           0x000013ea   Section        0  nrf_drv_clock.o(i.item_enqueue)
    item_enqueue                             0x000013eb   Thumb Code    36  nrf_drv_clock.o(i.item_enqueue)
    i.lfclk_config                           0x00001410   Section        0  main.o(i.lfclk_config)
    lfclk_config                             0x00001411   Thumb Code    40  main.o(i.lfclk_config)
    i.lfclk_start                            0x00001440   Section        0  nrf_drv_clock.o(i.lfclk_start)
    lfclk_start                              0x00001441   Thumb Code    24  nrf_drv_clock.o(i.lfclk_start)
    i.m_nrf_impl_restore_all_hw_params       0x00001458   Section        0  nrf_impala.o(i.m_nrf_impl_restore_all_hw_params)
    m_nrf_impl_restore_all_hw_params         0x00001459   Thumb Code   682  nrf_impala.o(i.m_nrf_impl_restore_all_hw_params)
    i.main                                   0x00001768   Section        0  main.o(i.main)
    i.notification_cb                        0x00001828   Section        0  nrf_gzll.o(i.notification_cb)
    i.nrf_assert_internal_callback           0x0000191c   Section        0  nrf_gzll.o(i.nrf_assert_internal_callback)
    i.nrf_bitmask_bit_is_set                 0x0000192c   Section        0  nrf_drv_gpiote.o(i.nrf_bitmask_bit_is_set)
    nrf_bitmask_bit_is_set                   0x0000192d   Thumb Code    22  nrf_drv_gpiote.o(i.nrf_bitmask_bit_is_set)
    i.nrf_chm_execute_single_tick            0x00001944   Section        0  nrf_channel_manager.o(i.nrf_chm_execute_single_tick)
    i.nrf_chm_get_current_channel            0x00001974   Section        0  nrf_channel_manager.o(i.nrf_chm_get_current_channel)
    i.nrf_chm_get_current_channel_index      0x000019a0   Section        0  nrf_channel_manager.o(i.nrf_chm_get_current_channel_index)
    i.nrf_chm_get_current_timeslot           0x000019ac   Section        0  nrf_channel_manager.o(i.nrf_chm_get_current_timeslot)
    i.nrf_chm_init                           0x000019b8   Section        0  nrf_channel_manager.o(i.nrf_chm_init)
    i.nrf_chm_set_current_channel_index      0x000019e0   Section        0  nrf_channel_manager.o(i.nrf_chm_set_current_channel_index)
    i.nrf_chm_set_current_timeslot           0x00001a08   Section        0  nrf_channel_manager.o(i.nrf_chm_set_current_timeslot)
    i.nrf_clock_event_check                  0x00001a30   Section        0  nrf_drv_clock.o(i.nrf_clock_event_check)
    nrf_clock_event_check                    0x00001a31   Thumb Code    22  nrf_drv_clock.o(i.nrf_clock_event_check)
    i.nrf_clock_event_clear                  0x00001a46   Section        0  nrf_drv_clock.o(i.nrf_clock_event_clear)
    nrf_clock_event_clear                    0x00001a47   Thumb Code    12  nrf_drv_clock.o(i.nrf_clock_event_clear)
    i.nrf_clock_hf_is_running                0x00001a54   Section        0  nrf_drv_clock.o(i.nrf_clock_hf_is_running)
    nrf_clock_hf_is_running                  0x00001a55   Thumb Code    26  nrf_drv_clock.o(i.nrf_clock_hf_is_running)
    i.nrf_clock_int_disable                  0x00001a78   Section        0  nrf_drv_clock.o(i.nrf_clock_int_disable)
    nrf_clock_int_disable                    0x00001a79   Thumb Code     6  nrf_drv_clock.o(i.nrf_clock_int_disable)
    i.nrf_clock_int_enable                   0x00001a84   Section        0  nrf_drv_clock.o(i.nrf_clock_int_enable)
    nrf_clock_int_enable                     0x00001a85   Thumb Code     6  nrf_drv_clock.o(i.nrf_clock_int_enable)
    i.nrf_clock_task_trigger                 0x00001a90   Section        0  nrf_drv_clock.o(i.nrf_clock_task_trigger)
    nrf_clock_task_trigger                   0x00001a91   Thumb Code    10  nrf_drv_clock.o(i.nrf_clock_task_trigger)
    i.nrf_drv_clock_hfclk_release            0x00001a9c   Section        0  nrf_drv_clock.o(i.nrf_drv_clock_hfclk_release)
    i.nrf_drv_clock_hfclk_request            0x00001ac8   Section        0  nrf_drv_clock.o(i.nrf_drv_clock_hfclk_request)
    i.nrf_drv_clock_init                     0x00001b2c   Section        0  nrf_drv_clock.o(i.nrf_drv_clock_init)
    i.nrf_drv_clock_lfclk_request            0x00001b9c   Section        0  nrf_drv_clock.o(i.nrf_drv_clock_lfclk_request)
    i.nrf_drv_common_irq_enable              0x00001c00   Section        0  nrf_drv_common.o(i.nrf_drv_common_irq_enable)
    i.nrf_drv_rtc_disable                    0x00001c48   Section        0  nrf_drv_rtc.o(i.nrf_drv_rtc_disable)
    i.nrf_drv_rtc_enable                     0x00001c68   Section        0  nrf_drv_rtc.o(i.nrf_drv_rtc_enable)
    i.nrf_drv_rtc_init                       0x00001c88   Section        0  nrf_drv_rtc.o(i.nrf_drv_rtc_init)
    i.nrf_drv_rtc_int_handler                0x00001d08   Section        0  nrf_drv_rtc.o(i.nrf_drv_rtc_int_handler)
    nrf_drv_rtc_int_handler                  0x00001d09   Thumb Code   196  nrf_drv_rtc.o(i.nrf_drv_rtc_int_handler)
    i.nrf_drv_rtc_tick_enable                0x00001dd0   Section        0  nrf_drv_rtc.o(i.nrf_drv_rtc_tick_enable)
    i.nrf_fifo_free_packet                   0x00001dfc   Section        0  nrf_fifo.o(i.nrf_fifo_free_packet)
    i.nrf_fifo_get_available_packet_count    0x00001e8c   Section        0  nrf_fifo.o(i.nrf_fifo_get_available_packet_count)
    i.nrf_fifo_get_packet_count              0x00001e98   Section        0  nrf_fifo.o(i.nrf_fifo_get_packet_count)
    i.nrf_fifo_init                          0x00001eb8   Section        0  nrf_fifo.o(i.nrf_fifo_init)
    i.nrf_fifo_pop_packet                    0x00001f4c   Section        0  nrf_fifo.o(i.nrf_fifo_pop_packet)
    i.nrf_fifo_put_packet                    0x00001fa0   Section        0  nrf_fifo.o(i.nrf_fifo_put_packet)
    i.nrf_fifo_read_packet                   0x0000204c   Section        0  nrf_fifo.o(i.nrf_fifo_read_packet)
    i.nrf_fifo_reserve_packet                0x00002088   Section        0  nrf_fifo.o(i.nrf_fifo_reserve_packet)
    i.nrf_flw_get_ext_capture_task           0x000020fc   Section        0  nrf_flywheel.o(i.nrf_flw_get_ext_capture_task)
    i.nrf_flw_get_flw_call_event             0x00002104   Section        0  nrf_flywheel.o(i.nrf_flw_get_flw_call_event)
    i.nrf_flw_get_runstate                   0x0000210c   Section        0  nrf_flywheel.o(i.nrf_flw_get_runstate)
    i.nrf_flw_init                           0x00002118   Section        0  nrf_flywheel.o(i.nrf_flw_init)
    i.nrf_flw_start                          0x00002188   Section        0  nrf_flywheel.o(i.nrf_flw_start)
    i.nrf_flw_stop                           0x000021a0   Section        0  nrf_flywheel.o(i.nrf_flw_stop)
    i.nrf_flw_task_is_delayed                0x000021cc   Section        0  nrf_flywheel.o(i.nrf_flw_task_is_delayed)
    i.nrf_gpio_cfg                           0x000021d8   Section        0  main.o(i.nrf_gpio_cfg)
    nrf_gpio_cfg                             0x000021d9   Thumb Code    42  main.o(i.nrf_gpio_cfg)
    i.nrf_gpio_cfg_output                    0x00002202   Section        0  main.o(i.nrf_gpio_cfg_output)
    nrf_gpio_cfg_output                      0x00002203   Thumb Code    24  main.o(i.nrf_gpio_cfg_output)
    i.nrf_gpio_cfg_sense_set                 0x0000221a   Section        0  nrf_drv_gpiote.o(i.nrf_gpio_cfg_sense_set)
    nrf_gpio_cfg_sense_set                   0x0000221b   Thumb Code    64  nrf_drv_gpiote.o(i.nrf_gpio_cfg_sense_set)
    i.nrf_gpio_pin_clear                     0x0000225a   Section        0  main.o(i.nrf_gpio_pin_clear)
    nrf_gpio_pin_clear                       0x0000225b   Thumb Code    24  main.o(i.nrf_gpio_pin_clear)
    i.nrf_gpio_pin_set                       0x00002272   Section        0  main.o(i.nrf_gpio_pin_set)
    nrf_gpio_pin_set                         0x00002273   Thumb Code    24  main.o(i.nrf_gpio_pin_set)
    i.nrf_gpio_ports_read                    0x0000228c   Section        0  nrf_drv_gpiote.o(i.nrf_gpio_ports_read)
    nrf_gpio_ports_read                      0x0000228d   Thumb Code    42  nrf_drv_gpiote.o(i.nrf_gpio_ports_read)
    i.nrf_gpiote_event_addr_get              0x000022bc   Section        0  nrf_drv_gpiote.o(i.nrf_gpiote_event_addr_get)
    nrf_gpiote_event_addr_get                0x000022bd   Thumb Code     8  nrf_drv_gpiote.o(i.nrf_gpiote_event_addr_get)
    i.nrf_gpiote_event_clear                 0x000022c8   Section        0  nrf_drv_gpiote.o(i.nrf_gpiote_event_clear)
    nrf_gpiote_event_clear                   0x000022c9   Thumb Code    16  nrf_drv_gpiote.o(i.nrf_gpiote_event_clear)
    i.nrf_gpiote_event_is_set                0x000022d8   Section        0  nrf_drv_gpiote.o(i.nrf_gpiote_event_is_set)
    nrf_gpiote_event_is_set                  0x000022d9   Thumb Code    22  nrf_drv_gpiote.o(i.nrf_gpiote_event_is_set)
    i.nrf_gzll_add_packet_to_tx_fifo         0x000022f0   Section        0  nrf_gzll.o(i.nrf_gzll_add_packet_to_tx_fifo)
    i.nrf_gzll_device_tx_failed              0x000023a4   Section        0  receiver_cb.o(i.nrf_gzll_device_tx_failed)
    i.nrf_gzll_device_tx_success             0x000023a8   Section        0  receiver_cb.o(i.nrf_gzll_device_tx_success)
    i.nrf_gzll_disabled                      0x000023cc   Section        0  receiver_cb.o(i.nrf_gzll_disabled)
    i.nrf_gzll_enable                        0x000023d0   Section        0  nrf_gzll.o(i.nrf_gzll_enable)
    i.nrf_gzll_fetch_packet_from_rx_fifo     0x000023f0   Section        0  nrf_gzll.o(i.nrf_gzll_fetch_packet_from_rx_fifo)
    i.nrf_gzll_host_rx_data_ready            0x00002468   Section        0  receiver_cb.o(i.nrf_gzll_host_rx_data_ready)
    i.nrf_gzll_init                          0x0000246c   Section        0  nrf_gzll.o(i.nrf_gzll_init)
    i.nrf_gzll_mode_changed                  0x00002594   Section        0  nrf_gzll.o(i.nrf_gzll_mode_changed)
    i.nrf_gzll_set_base_address_0            0x00002598   Section        0  nrf_gzll.o(i.nrf_gzll_set_base_address_0)
    i.nrf_gzll_set_base_address_1            0x000025b8   Section        0  nrf_gzll.o(i.nrf_gzll_set_base_address_1)
    i.nrf_gzll_set_channel_table             0x000025d8   Section        0  nrf_gzll.o(i.nrf_gzll_set_channel_table)
    i.nrf_gzll_set_datarate                  0x00002628   Section        0  nrf_gzll.o(i.nrf_gzll_set_datarate)
    i.nrf_gzll_set_max_tx_attempts           0x00002664   Section        0  nrf_gzll.o(i.nrf_gzll_set_max_tx_attempts)
    i.nrf_gzll_set_timeslot_period           0x00002684   Section        0  nrf_gzll.o(i.nrf_gzll_set_timeslot_period)
    i.nrf_gzll_set_timeslots_per_channel     0x000026a4   Section        0  nrf_gzll.o(i.nrf_gzll_set_timeslots_per_channel)
    i.nrf_impl_disable                       0x000026c4   Section        0  nrf_impala.o(i.nrf_impl_disable)
    i.nrf_impl_enable                        0x000026f0   Section        0  nrf_impala.o(i.nrf_impl_enable)
    i.nrf_impl_enable_rssi                   0x0000274c   Section        0  nrf_impala.o(i.nrf_impl_enable_rssi)
    i.nrf_impl_free_packet                   0x00002770   Section        0  nrf_impala.o(i.nrf_impl_free_packet)
    i.nrf_impl_get_available_fifo_packets    0x00002784   Section        0  nrf_impala.o(i.nrf_impl_get_available_fifo_packets)
    i.nrf_impl_get_rx_fifo_status            0x0000278c   Section        0  nrf_impala.o(i.nrf_impl_get_rx_fifo_status)
    i.nrf_impl_get_tx_fifo_status            0x00002794   Section        0  nrf_impala.o(i.nrf_impl_get_tx_fifo_status)
    i.nrf_impl_init                          0x0000279c   Section        0  nrf_impala.o(i.nrf_impl_init)
    i.nrf_impl_is_disabled                   0x00002928   Section        0  nrf_impala.o(i.nrf_impl_is_disabled)
    i.nrf_impl_pop_rx_fifo                   0x0000293c   Section        0  nrf_impala.o(i.nrf_impl_pop_rx_fifo)
    i.nrf_impl_put_tx_fifo                   0x00002950   Section        0  nrf_impala.o(i.nrf_impl_put_tx_fifo)
    i.nrf_impl_read_rx_fifo                  0x00002988   Section        0  nrf_impala.o(i.nrf_impl_read_rx_fifo)
    i.nrf_impl_reserve_packet                0x00002990   Section        0  nrf_impala.o(i.nrf_impl_reserve_packet)
    i.nrf_impl_set_base_address_length       0x000029a4   Section        0  nrf_impala.o(i.nrf_impl_set_base_address_length)
    i.nrf_impl_set_channel_selection_policy  0x000029c4   Section        0  nrf_impala.o(i.nrf_impl_set_channel_selection_policy)
    i.nrf_impl_set_channel_table             0x000029d0   Section        0  nrf_impala.o(i.nrf_impl_set_channel_table)
    i.nrf_impl_set_datarate                  0x00002a04   Section        0  nrf_impala.o(i.nrf_impl_set_datarate)
    i.nrf_impl_set_max_allowed_tx_attempts   0x00002a98   Section        0  nrf_impala.o(i.nrf_impl_set_max_allowed_tx_attempts)
    i.nrf_impl_set_mode                      0x00002aa4   Section        0  nrf_impala.o(i.nrf_impl_set_mode)
    i.nrf_impl_set_pipe_0_base_address       0x00002ad4   Section        0  nrf_impala.o(i.nrf_impl_set_pipe_0_base_address)
    i.nrf_impl_set_pipes_1_to_7_base_address 0x00002b40   Section        0  nrf_impala.o(i.nrf_impl_set_pipes_1_to_7_base_address)
    i.nrf_impl_set_timeslot_period           0x00002bac   Section        0  nrf_impala.o(i.nrf_impl_set_timeslot_period)
    i.nrf_impl_set_timeslots_per_channel_when_in_sync 0x00002bb8   Section        0  nrf_impala.o(i.nrf_impl_set_timeslots_per_channel_when_in_sync)
    i.nrf_impl_set_tx_power                  0x00002be8   Section        0  nrf_impala.o(i.nrf_impl_set_tx_power)
    i.nrf_impl_set_xosc_ctl                  0x00002bfc   Section        0  nrf_impala.o(i.nrf_impl_set_xosc_ctl)
    i.nrf_impl_state_fun_device_send_packet  0x00002c08   Section        0  nrf_impala.o(i.nrf_impl_state_fun_device_send_packet)
    i.nrf_impl_state_fun_timeslot_start      0x00002c6c   Section        0  nrf_impala.o(i.nrf_impl_state_fun_timeslot_start)
    i.nrf_lcore_force_disable                0x0000312c   Section        0  nrf_link_core.o(i.nrf_lcore_force_disable)
    i.nrf_lcore_handler_rx_enable_start_tx_enable_start_disable 0x000031c0   Section        0  nrf_link_core.o(i.nrf_lcore_handler_rx_enable_start_tx_enable_start_disable)
    nrf_lcore_handler_rx_enable_start_tx_enable_start_disable 0x000031c1   Thumb Code   208  nrf_link_core.o(i.nrf_lcore_handler_rx_enable_start_tx_enable_start_disable)
    i.nrf_lcore_init                         0x000032d0   Section        0  nrf_link_core.o(i.nrf_lcore_init)
    i.nrf_lcore_prepare_operation            0x00003324   Section        0  nrf_link_core.o(i.nrf_lcore_prepare_operation)
    i.nrf_lcore_rx_address_match             0x00003408   Section        0  nrf_link_core.o(i.nrf_lcore_rx_address_match)
    i.nrf_lcore_start_operation              0x00003418   Section        0  nrf_link_core.o(i.nrf_lcore_start_operation)
    i.nrf_nm_add                             0x000034bc   Section        0  nrf_notification_manager.o(i.nrf_nm_add)
    i.nrf_nm_get_remaining_space_in_notification_queue 0x00003534   Section        0  nrf_notification_manager.o(i.nrf_nm_get_remaining_space_in_notification_queue)
    i.nrf_nm_init                            0x00003544   Section        0  nrf_notification_manager.o(i.nrf_nm_init)
    i.nrf_pm_end_prx                         0x00003578   Section        0  nrf_packet_manager.o(i.nrf_pm_end_prx)
    i.nrf_pm_end_ptx                         0x0000370c   Section        0  nrf_packet_manager.o(i.nrf_pm_end_ptx)
    i.nrf_pm_free_packet                     0x000037e8   Section        0  nrf_packet_manager.o(i.nrf_pm_free_packet)
    i.nrf_pm_get_available_fifo_packets      0x000037f0   Section        0  nrf_packet_manager.o(i.nrf_pm_get_available_fifo_packets)
    i.nrf_pm_get_current_ptx_ack_ptr         0x000037f8   Section        0  nrf_packet_manager.o(i.nrf_pm_get_current_ptx_ack_ptr)
    i.nrf_pm_get_current_ptx_packet          0x00003804   Section        0  nrf_packet_manager.o(i.nrf_pm_get_current_ptx_packet)
    i.nrf_pm_get_current_ptx_pipe            0x00003810   Section        0  nrf_packet_manager.o(i.nrf_pm_get_current_ptx_pipe)
    i.nrf_pm_get_rx_fifo_status              0x0000381c   Section        0  nrf_packet_manager.o(i.nrf_pm_get_rx_fifo_status)
    i.nrf_pm_get_state                       0x00003828   Section        0  nrf_packet_manager.o(i.nrf_pm_get_state)
    i.nrf_pm_get_tx_fifo_status              0x00003834   Section        0  nrf_packet_manager.o(i.nrf_pm_get_tx_fifo_status)
    i.nrf_pm_init                            0x0000383c   Section        0  nrf_packet_manager.o(i.nrf_pm_init)
    i.nrf_pm_pop_rx_fifo                     0x000038a8   Section        0  nrf_packet_manager.o(i.nrf_pm_pop_rx_fifo)
    i.nrf_pm_put_tx_fifo                     0x000038b2   Section        0  nrf_packet_manager.o(i.nrf_pm_put_tx_fifo)
    i.nrf_pm_read_rx_fifo                    0x000038d8   Section        0  nrf_packet_manager.o(i.nrf_pm_read_rx_fifo)
    i.nrf_pm_reserve_packet                  0x000038e2   Section        0  nrf_packet_manager.o(i.nrf_pm_reserve_packet)
    i.nrf_pm_search_for_ptx_pipe_to_service  0x000038ec   Section        0  nrf_packet_manager.o(i.nrf_pm_search_for_ptx_pipe_to_service)
    i.nrf_pm_set_dyn_ack_status              0x00003934   Section        0  nrf_packet_manager.o(i.nrf_pm_set_dyn_ack_status)
    i.nrf_pm_start_prx                       0x00003940   Section        0  nrf_packet_manager.o(i.nrf_pm_start_prx)
    i.nrf_pm_start_ptx                       0x00003988   Section        0  nrf_packet_manager.o(i.nrf_pm_start_ptx)
    i.nrf_pm_there_is_ptx_packet_to_be_serviced 0x00003a38   Section        0  nrf_packet_manager.o(i.nrf_pm_there_is_ptx_packet_to_be_serviced)
    i.nrf_rtc_event_clear                    0x00003a44   Section        0  nrf_drv_rtc.o(i.nrf_rtc_event_clear)
    nrf_rtc_event_clear                      0x00003a45   Thumb Code     6  nrf_drv_rtc.o(i.nrf_rtc_event_clear)
    i.nrf_rtc_event_disable                  0x00003a4a   Section        0  nrf_drv_rtc.o(i.nrf_rtc_event_disable)
    nrf_rtc_event_disable                    0x00003a4b   Thumb Code    10  nrf_drv_rtc.o(i.nrf_rtc_event_disable)
    i.nrf_rtc_event_enable                   0x00003a54   Section        0  nrf_drv_rtc.o(i.nrf_rtc_event_enable)
    nrf_rtc_event_enable                     0x00003a55   Thumb Code    10  nrf_drv_rtc.o(i.nrf_rtc_event_enable)
    i.nrf_rtc_event_pending                  0x00003a5e   Section        0  nrf_drv_rtc.o(i.nrf_rtc_event_pending)
    nrf_rtc_event_pending                    0x00003a5f   Thumb Code     6  nrf_drv_rtc.o(i.nrf_rtc_event_pending)
    i.nrf_rtc_int_disable                    0x00003a64   Section        0  nrf_drv_rtc.o(i.nrf_rtc_int_disable)
    nrf_rtc_int_disable                      0x00003a65   Thumb Code    10  nrf_drv_rtc.o(i.nrf_rtc_int_disable)
    i.nrf_rtc_int_enable                     0x00003a6e   Section        0  nrf_drv_rtc.o(i.nrf_rtc_int_enable)
    nrf_rtc_int_enable                       0x00003a6f   Thumb Code    10  nrf_drv_rtc.o(i.nrf_rtc_int_enable)
    i.nrf_rtc_int_is_enabled                 0x00003a78   Section        0  nrf_drv_rtc.o(i.nrf_rtc_int_is_enabled)
    nrf_rtc_int_is_enabled                   0x00003a79   Thumb Code    14  nrf_drv_rtc.o(i.nrf_rtc_int_is_enabled)
    i.nrf_rtc_task_trigger                   0x00003a86   Section        0  nrf_drv_rtc.o(i.nrf_rtc_task_trigger)
    nrf_rtc_task_trigger                     0x00003a87   Thumb Code     6  nrf_drv_rtc.o(i.nrf_rtc_task_trigger)
    i.nrf_sm_execute                         0x00003a8c   Section        0  nrf_state_machine.o(i.nrf_sm_execute)
    i.nrf_sm_get_current_state               0x00003aa8   Section        0  nrf_state_machine.o(i.nrf_sm_get_current_state)
    i.nrf_sm_get_next_state                  0x00003ab4   Section        0  nrf_state_machine.o(i.nrf_sm_get_next_state)
    i.nrf_sm_init                            0x00003ac0   Section        0  nrf_state_machine.o(i.nrf_sm_init)
    i.nrf_sm_set_next_state                  0x00003ad0   Section        0  nrf_state_machine.o(i.nrf_sm_set_next_state)
    i.nrf_uart_errorsrc_get_and_clear        0x00003aec   Section        0  nrf_drv_uart.o(i.nrf_uart_errorsrc_get_and_clear)
    nrf_uart_errorsrc_get_and_clear          0x00003aed   Thumb Code    20  nrf_drv_uart.o(i.nrf_uart_errorsrc_get_and_clear)
    i.nrf_uart_event_check                   0x00003b00   Section        0  nrf_drv_uart.o(i.nrf_uart_event_check)
    nrf_uart_event_check                     0x00003b01   Thumb Code    16  nrf_drv_uart.o(i.nrf_uart_event_check)
    i.nrf_uart_event_clear                   0x00003b10   Section        0  nrf_drv_uart.o(i.nrf_uart_event_clear)
    nrf_uart_event_clear                     0x00003b11   Thumb Code     6  nrf_drv_uart.o(i.nrf_uart_event_clear)
    i.nrf_uart_int_disable                   0x00003b16   Section        0  nrf_drv_uart.o(i.nrf_uart_int_disable)
    nrf_uart_int_disable                     0x00003b17   Thumb Code    10  nrf_drv_uart.o(i.nrf_uart_int_disable)
    i.nrf_uart_int_enable_check              0x00003b20   Section        0  nrf_drv_uart.o(i.nrf_uart_int_enable_check)
    nrf_uart_int_enable_check                0x00003b21   Thumb Code    24  nrf_drv_uart.o(i.nrf_uart_int_enable_check)
    i.nrf_uart_task_trigger                  0x00003b38   Section        0  nrf_drv_uart.o(i.nrf_uart_task_trigger)
    nrf_uart_task_trigger                    0x00003b39   Thumb Code     6  nrf_drv_uart.o(i.nrf_uart_task_trigger)
    i.print_bits_raw                         0x00003b3e   Section        0  major.o(i.print_bits_raw)
    i.qf_enter_dfu                           0x00003b4c   Section        0  major.o(i.qf_enter_dfu)
    i.read_keys                              0x00003b5c   Section        0  main.o(i.read_keys)
    read_keys                                0x00003b5d   Thumb Code    78  main.o(i.read_keys)
    i.rtc_config                             0x00003bb8   Section        0  main.o(i.rtc_config)
    rtc_config                               0x00003bb9   Thumb Code    40  main.o(i.rtc_config)
    i.rx_byte                                0x00003bec   Section        0  nrf_drv_uart.o(i.rx_byte)
    rx_byte                                  0x00003bed   Thumb Code    72  nrf_drv_uart.o(i.rx_byte)
    i.rx_done_event                          0x00003c34   Section        0  nrf_drv_uart.o(i.rx_done_event)
    rx_done_event                            0x00003c35   Thumb Code    28  nrf_drv_uart.o(i.rx_done_event)
    i.sm_start                               0x00003c50   Section        0  nrf_impala.o(i.sm_start)
    sm_start                                 0x00003c51   Thumb Code    78  nrf_impala.o(i.sm_start)
    i.tick                                   0x00003cb4   Section        0  main.o(i.tick)
    i.tx_byte                                0x00003cd8   Section        0  nrf_drv_uart.o(i.tx_byte)
    tx_byte                                  0x00003cd9   Thumb Code    42  nrf_drv_uart.o(i.tx_byte)
    i.tx_done_event                          0x00003d02   Section        0  nrf_drv_uart.o(i.tx_done_event)
    tx_done_event                            0x00003d03   Thumb Code    34  nrf_drv_uart.o(i.tx_done_event)
    i.uart_irq_handler                       0x00003d24   Section        0  nrf_drv_uart.o(i.uart_irq_handler)
    uart_irq_handler                         0x00003d25   Thumb Code   344  nrf_drv_uart.o(i.uart_irq_handler)
    i.update_mode                            0x00003e7c   Section        0  nrf_impala.o(i.update_mode)
    update_mode                              0x00003e7d   Thumb Code   240  nrf_impala.o(i.update_mode)
    .constdata                               0x00003f88   Section       42  main.o(.constdata)
    COL_PINS                                 0x00003f90   Data          28  main.o(.constdata)
    .constdata                               0x00003fb4   Section       71  nrf_drv_gpiote.o(.constdata)
    __func__                                 0x00003fb8   Data          20  nrf_drv_gpiote.o(.constdata)
    __func__                                 0x00003fcc   Data          24  nrf_drv_gpiote.o(.constdata)
    __func__                                 0x00003fe4   Data          23  nrf_drv_gpiote.o(.constdata)
    .constdata                               0x00003ffc   Section       48  nrf_link_core.o(.constdata)
    operation_params                         0x00003ffc   Data          48  nrf_link_core.o(.constdata)
    .conststring                             0x0000402c   Section       77  softdevice_handler.o(.conststring)
    .data                                    0x20000000   Section       64  main.o(.data)
    channel_table                            0x20000000   Data           3  main.o(.data)
    inactivity_ticks                         0x2000003c   Data           4  main.o(.data)
    .data                                    0x20000040   Section       52  major.o(.data)
    keys_snapshot                            0x20000068   Data           5  major.o(.data)
    debounce_ticks                           0x20000070   Data           4  major.o(.data)
    .data                                    0x20000074   Section       12  eeprom.o(.data)
    .data                                    0x20000080   Section        7  nrf_drv_rtc.o(.data)
    m_handlers                               0x20000080   Data           4  nrf_drv_rtc.o(.data)
    m_cb                                     0x20000084   Data           3  nrf_drv_rtc.o(.data)
    .data                                    0x20000088   Section        4  app_util_platform.o(.data)
    m_in_critical_region                     0x20000088   Data           4  app_util_platform.o(.data)
    .data                                    0x2000008c   Section       24  softdevice_handler.o(.data)
    m_evt_schedule_func                      0x2000008c   Data           4  softdevice_handler.o(.data)
    m_softdevice_enabled                     0x20000090   Data           1  softdevice_handler.o(.data)
    m_suspended                              0x20000091   Data           1  softdevice_handler.o(.data)
    mp_ble_evt_buffer                        0x20000094   Data           4  softdevice_handler.o(.data)
    m_ble_evt_buffer_size                    0x20000098   Data           2  softdevice_handler.o(.data)
    m_ble_evt_handler                        0x2000009c   Data           4  softdevice_handler.o(.data)
    m_sys_evt_handler                        0x200000a0   Data           4  softdevice_handler.o(.data)
    .data                                    0x200000a4   Section        4  system_nrf51.o(.data)
    __tagsym$$used                           0x200000a4   Number         0  system_nrf51.o(.data)
    .data                                    0x200000a8   Section       32  nrf_gzll.o(.data)
    channel_table_size                       0x200000ac   Data           4  nrf_gzll.o(.data)
    impl_status                              0x200000b0   Data           4  nrf_gzll.o(.data)
    nrf_gzll_internal_debug_code             0x200000b4   Data           4  nrf_gzll.o(.data)
    channel_table                            0x200000b8   Data          16  nrf_gzll.o(.data)
    .data                                    0x200000c8   Section        8  nrf_impala.o(.data)
    lcore_status                             0x200000cc   Data           4  nrf_impala.o(.data)
    .data                                    0x200000d0   Section       12  nrf_channel_manager.o(.data)
    config                                   0x200000d0   Data           4  nrf_channel_manager.o(.data)
    status                                   0x200000d4   Data           8  nrf_channel_manager.o(.data)
    .data                                    0x200000dc   Section        8  nrf_flywheel.o(.data)
    task_is_delayed                          0x200000dd   Data           1  nrf_flywheel.o(.data)
    waiting_on_handler                       0x200000de   Data           1  nrf_flywheel.o(.data)
    pending_cb                               0x200000e0   Data           4  nrf_flywheel.o(.data)
    .data                                    0x200000e4   Section        4  nrf_link_core.o(.data)
    nrf_lcore_config                         0x200000e4   Data           4  nrf_link_core.o(.data)
    .data                                    0x200000e8   Section        8  nrf_packet_manager.o(.data)
    .data                                    0x200000f0   Section       12  nrf_state_machine.o(.data)
    .data                                    0x200000fc   Section        4  nrf_fifo.o(.data)
    .bss                                     0x20000100   Section       32  receiver_cb.o(.bss)
    ack_payload                              0x20000100   Data          32  receiver_cb.o(.bss)
    .bss                                     0x20000120   Section       36  nrf_drv_clock.o(.bss)
    m_clock_cb                               0x20000120   Data          36  nrf_drv_clock.o(.bss)
    .bss                                     0x20000144   Section       72  nrf_drv_gpiote.o(.bss)
    m_cb                                     0x20000144   Data          72  nrf_drv_gpiote.o(.bss)
    .bss                                     0x2000018c   Section       28  nrf_drv_uart.o(.bss)
    m_cb                                     0x2000018c   Data          28  nrf_drv_uart.o(.bss)
    .bss                                     0x200001a8   Section       12  nrf_gzll.o(.bss)
    status                                   0x200001a8   Data          12  nrf_gzll.o(.bss)
    .bss                                     0x200001b4   Section      116  nrf_impala.o(.bss)
    chm_config                               0x2000021c   Data          12  nrf_impala.o(.bss)
    .bss                                     0x20000228   Section       36  nrf_link_core.o(.bss)
    .bss                                     0x2000024c   Section      136  nrf_notification_manager.o(.bss)
    .bss                                     0x200002d4   Section      148  nrf_packet_manager.o(.bss)
    .bss                                     0x20000368   Section      468  nrf_fifo.o(.bss)
    STACK                                    0x20000540   Section     2048  arm_startup_nrf51.o(STACK)

    Global Symbols

    Symbol Name                              Value     Ov Type        Size  Object(Section)

    BuildAttributes$$THM_ISAv3M$S$PE$A:L22$X:L11$S22$IEEE1$IW$USESV6$~STKCKD$USESV7$~SHL$OTIME$EBA8$MICROLIB$REQ8$PRES8$EABIv2 0x00000000   Number         0  anon$$obj.o ABSOLUTE
    __ARM_use_no_argv                        0x00000000   Number         0  main.o ABSOLUTE
    __Vectors                                0x00000000   Data           4  arm_startup_nrf51.o(RESET)
    __cpp_initialize__aeabi_                  - Undefined Weak Reference
    __cxa_finalize                            - Undefined Weak Reference
    __decompress                              - Undefined Weak Reference
    _clock_init                               - Undefined Weak Reference
    _microlib_exit                            - Undefined Weak Reference
    __Vectors_End                            0x000000c0   Data           0  arm_startup_nrf51.o(RESET)
    __Vectors_Size                           0x000000c0   Number         0  arm_startup_nrf51.o ABSOLUTE
    __main                                   0x000000c1   Thumb Code     0  entry.o(.ARM.Collect$$$$00000000)
    _main_stk                                0x000000c1   Thumb Code     0  entry2.o(.ARM.Collect$$$$00000001)
    _main_scatterload                        0x000000c5   Thumb Code     0  entry5.o(.ARM.Collect$$$$00000004)
    __main_after_scatterload                 0x000000c9   Thumb Code     0  entry5.o(.ARM.Collect$$$$00000004)
    _main_clock                              0x000000c9   Thumb Code     0  entry7b.o(.ARM.Collect$$$$00000008)
    _main_cpp_init                           0x000000c9   Thumb Code     0  entry8b.o(.ARM.Collect$$$$0000000A)
    _main_init                               0x000000c9   Thumb Code     0  entry9a.o(.ARM.Collect$$$$0000000B)
    __rt_final_cpp                           0x000000d1   Thumb Code     0  entry10a.o(.ARM.Collect$$$$0000000D)
    __rt_final_exit                          0x000000d1   Thumb Code     0  entry11a.o(.ARM.Collect$$$$0000000F)
    __asm___15_nrf_link_core_c_b93f5dba__nrf_delay_us 0x000000d5   Thumb Code    30  nrf_link_core.o(.emb_text)
    Reset_Handler                            0x000000f5   Thumb Code    26  arm_startup_nrf51.o(.text)
    NMI_Handler                              0x0000010f   Thumb Code     2  arm_startup_nrf51.o(.text)
    HardFault_Handler                        0x00000111   Thumb Code     2  arm_startup_nrf51.o(.text)
    SVC_Handler                              0x00000113   Thumb Code     2  arm_startup_nrf51.o(.text)
    PendSV_Handler                           0x00000115   Thumb Code     2  arm_startup_nrf51.o(.text)
    SysTick_Handler                          0x00000117   Thumb Code     2  arm_startup_nrf51.o(.text)
    ADC_IRQHandler                           0x00000119   Thumb Code     0  arm_startup_nrf51.o(.text)
    CCM_AAR_IRQHandler                       0x00000119   Thumb Code     0  arm_startup_nrf51.o(.text)
    ECB_IRQHandler                           0x00000119   Thumb Code     0  arm_startup_nrf51.o(.text)
    LPCOMP_IRQHandler                        0x00000119   Thumb Code     0  arm_startup_nrf51.o(.text)
    QDEC_IRQHandler                          0x00000119   Thumb Code     0  arm_startup_nrf51.o(.text)
    RNG_IRQHandler                           0x00000119   Thumb Code     0  arm_startup_nrf51.o(.text)
    RTC0_IRQHandler                          0x00000119   Thumb Code     0  arm_startup_nrf51.o(.text)
    SPI0_TWI0_IRQHandler                     0x00000119   Thumb Code     0  arm_startup_nrf51.o(.text)
    SPI1_TWI1_IRQHandler                     0x00000119   Thumb Code     0  arm_startup_nrf51.o(.text)
    SWI1_IRQHandler                          0x00000119   Thumb Code     0  arm_startup_nrf51.o(.text)
    SWI3_IRQHandler                          0x00000119   Thumb Code     0  arm_startup_nrf51.o(.text)
    SWI4_IRQHandler                          0x00000119   Thumb Code     0  arm_startup_nrf51.o(.text)
    SWI5_IRQHandler                          0x00000119   Thumb Code     0  arm_startup_nrf51.o(.text)
    TEMP_IRQHandler                          0x00000119   Thumb Code     0  arm_startup_nrf51.o(.text)
    TIMER0_IRQHandler                        0x00000119   Thumb Code     0  arm_startup_nrf51.o(.text)
    TIMER1_IRQHandler                        0x00000119   Thumb Code     0  arm_startup_nrf51.o(.text)
    WDT_IRQHandler                           0x00000119   Thumb Code     0  arm_startup_nrf51.o(.text)
    __aeabi_memcpy                           0x0000012d   Thumb Code    36  memcpya.o(.text)
    __aeabi_memcpy4                          0x0000012d   Thumb Code     0  memcpya.o(.text)
    __aeabi_memcpy8                          0x0000012d   Thumb Code     0  memcpya.o(.text)
    __aeabi_memset                           0x00000151   Thumb Code    14  memseta.o(.text)
    __aeabi_memset4                          0x00000151   Thumb Code     0  memseta.o(.text)
    __aeabi_memset8                          0x00000151   Thumb Code     0  memseta.o(.text)
    __aeabi_memclr                           0x0000015f   Thumb Code     4  memseta.o(.text)
    __aeabi_memclr4                          0x0000015f   Thumb Code     0  memseta.o(.text)
    __aeabi_memclr8                          0x0000015f   Thumb Code     0  memseta.o(.text)
    _memset$wrapper                          0x00000163   Thumb Code    18  memseta.o(.text)
    __scatterload                            0x00000175   Thumb Code    28  init.o(.text)
    __scatterload_rt2                        0x00000175   Thumb Code     0  init.o(.text)
    GPIOTE_IRQHandler                        0x00000199   Thumb Code   618  nrf_drv_gpiote.o(i.GPIOTE_IRQHandler)
    NRF_ASSERT_INTERNAL_parse_and_forward    0x00000411   Thumb Code     8  nrf_assert_internal.o(i.NRF_ASSERT_INTERNAL_parse_and_forward)
    NRF_flw_prepare_call                     0x00000419   Thumb Code   196  nrf_flywheel.o(i.NRF_flw_prepare_call)
    POWER_CLOCK_IRQHandler                   0x0000050d   Thumb Code   196  nrf_drv_clock.o(i.POWER_CLOCK_IRQHandler)
    RADIO_IRQHandler                         0x000005d5   Thumb Code   382  nrf_link_core.o(i.RADIO_IRQHandler)
    RTC1_IRQHandler                          0x00000795   Thumb Code    14  nrf_drv_rtc.o(i.RTC1_IRQHandler)
    SWI0_IRQHandler                          0x000007a9   Thumb Code   130  nrf_notification_manager.o(i.SWI0_IRQHandler)
    SWI2_IRQHandler                          0x00000831   Thumb Code    52  softdevice_handler.o(i.SWI2_IRQHandler)
    SystemInit                               0x0000086d   Thumb Code    76  system_nrf51.o(i.SystemInit)
    TIMER2_IRQHandler                        0x000008d1   Thumb Code    84  nrf_flywheel.o(i.TIMER2_IRQHandler)
    UART0_IRQHandler                         0x0000093d   Thumb Code    12  nrf_drv_uart.o(i.UART0_IRQHandler)
    __scatterload_copy                       0x000009e5   Thumb Code    14  handlers.o(i.__scatterload_copy)
    __scatterload_null                       0x000009f3   Thumb Code     2  handlers.o(i.__scatterload_null)
    __scatterload_zeroinit                   0x000009f5   Thumb Code    14  handlers.o(i.__scatterload_zeroinit)
    app_error_fault_handler                  0x00000a05   Thumb Code    30  main.o(i.app_error_fault_handler)
    app_error_handler                        0x00000a31   Thumb Code    28  app_error.o(i.app_error_handler)
    app_util_critical_region_enter           0x00000a51   Thumb Code    10  app_util_platform.o(i.app_util_critical_region_enter)
    app_util_critical_region_exit            0x00000a5b   Thumb Code    10  app_util_platform.o(i.app_util_critical_region_exit)
    app_util_disable_irq                     0x00000a65   Thumb Code    14  app_util_platform.o(i.app_util_disable_irq)
    app_util_enable_irq                      0x00000a79   Thumb Code    22  app_util_platform.o(i.app_util_enable_irq)
    async_state_packet_received              0x00000a95   Thumb Code   296  nrf_impala.o(i.async_state_packet_received)
    async_state_rx_enabling                  0x00000bed   Thumb Code   120  nrf_impala.o(i.async_state_rx_enabling)
    async_state_tx_ack_complete              0x00000c89   Thumb Code    14  nrf_impala.o(i.async_state_tx_ack_complete)
    check_addr                               0x00000cb9   Thumb Code    76  major.o(i.check_addr)
    check_ota                                0x00000d0d   Thumb Code    54  major.o(i.check_ota)
    check_predef_action                      0x00000d4d   Thumb Code    28  major.o(i.check_predef_action)
    compare_keys                             0x00000da5   Thumb Code    32  main.o(i.compare_keys)
    eeprom_read                              0x00000f05   Thumb Code    42  eeprom.o(i.eeprom_read)
    eeprom_write                             0x00000f39   Thumb Code    46  eeprom.o(i.eeprom_write)
    flash_page_erase                         0x00000f8d   Thumb Code    48  eeprom.o(i.flash_page_erase)
    flash_word_write                         0x00000fc5   Thumb Code    46  eeprom.o(i.flash_word_write)
    handle_send                              0x00001169   Thumb Code   108  major.o(i.handle_send)
    intern_softdevice_events_execute         0x00001219   Thumb Code   174  softdevice_handler.o(i.intern_softdevice_events_execute)
    main                                     0x00001769   Thumb Code   160  main.o(i.main)
    notification_cb                          0x00001829   Thumb Code   222  nrf_gzll.o(i.notification_cb)
    nrf_assert_internal_callback             0x0000191d   Thumb Code    10  nrf_gzll.o(i.nrf_assert_internal_callback)
    nrf_chm_execute_single_tick              0x00001945   Thumb Code    38  nrf_channel_manager.o(i.nrf_chm_execute_single_tick)
    nrf_chm_get_current_channel              0x00001975   Thumb Code    32  nrf_channel_manager.o(i.nrf_chm_get_current_channel)
    nrf_chm_get_current_channel_index        0x000019a1   Thumb Code     6  nrf_channel_manager.o(i.nrf_chm_get_current_channel_index)
    nrf_chm_get_current_timeslot             0x000019ad   Thumb Code     6  nrf_channel_manager.o(i.nrf_chm_get_current_timeslot)
    nrf_chm_init                             0x000019b9   Thumb Code    26  nrf_channel_manager.o(i.nrf_chm_init)
    nrf_chm_set_current_channel_index        0x000019e1   Thumb Code    26  nrf_channel_manager.o(i.nrf_chm_set_current_channel_index)
    nrf_chm_set_current_timeslot             0x00001a09   Thumb Code    26  nrf_channel_manager.o(i.nrf_chm_set_current_timeslot)
    nrf_drv_clock_hfclk_release              0x00001a9d   Thumb Code    38  nrf_drv_clock.o(i.nrf_drv_clock_hfclk_release)
    nrf_drv_clock_hfclk_request              0x00001ac9   Thumb Code    96  nrf_drv_clock.o(i.nrf_drv_clock_hfclk_request)
    nrf_drv_clock_init                       0x00001b2d   Thumb Code    98  nrf_drv_clock.o(i.nrf_drv_clock_init)
    nrf_drv_clock_lfclk_request              0x00001b9d   Thumb Code    96  nrf_drv_clock.o(i.nrf_drv_clock_lfclk_request)
    nrf_drv_common_irq_enable                0x00001c01   Thumb Code    64  nrf_drv_common.o(i.nrf_drv_common_irq_enable)
    nrf_drv_rtc_disable                      0x00001c49   Thumb Code    26  nrf_drv_rtc.o(i.nrf_drv_rtc_disable)
    nrf_drv_rtc_enable                       0x00001c69   Thumb Code    26  nrf_drv_rtc.o(i.nrf_drv_rtc_enable)
    nrf_drv_rtc_init                         0x00001c89   Thumb Code   118  nrf_drv_rtc.o(i.nrf_drv_rtc_init)
    nrf_drv_rtc_tick_enable                  0x00001dd1   Thumb Code    42  nrf_drv_rtc.o(i.nrf_drv_rtc_tick_enable)
    nrf_fifo_free_packet                     0x00001dfd   Thumb Code   110  nrf_fifo.o(i.nrf_fifo_free_packet)
    nrf_fifo_get_available_packet_count      0x00001e8d   Thumb Code     6  nrf_fifo.o(i.nrf_fifo_get_available_packet_count)
    nrf_fifo_get_packet_count                0x00001e99   Thumb Code    24  nrf_fifo.o(i.nrf_fifo_get_packet_count)
    nrf_fifo_init                            0x00001eb9   Thumb Code   132  nrf_fifo.o(i.nrf_fifo_init)
    nrf_fifo_pop_packet                      0x00001f4d   Thumb Code    72  nrf_fifo.o(i.nrf_fifo_pop_packet)
    nrf_fifo_put_packet                      0x00001fa1   Thumb Code   140  nrf_fifo.o(i.nrf_fifo_put_packet)
    nrf_fifo_read_packet                     0x0000204d   Thumb Code    48  nrf_fifo.o(i.nrf_fifo_read_packet)
    nrf_fifo_reserve_packet                  0x00002089   Thumb Code    92  nrf_fifo.o(i.nrf_fifo_reserve_packet)
    nrf_flw_get_ext_capture_task             0x000020fd   Thumb Code     4  nrf_flywheel.o(i.nrf_flw_get_ext_capture_task)
    nrf_flw_get_flw_call_event               0x00002105   Thumb Code     4  nrf_flywheel.o(i.nrf_flw_get_flw_call_event)
    nrf_flw_get_runstate                     0x0000210d   Thumb Code     6  nrf_flywheel.o(i.nrf_flw_get_runstate)
    nrf_flw_init                             0x00002119   Thumb Code    72  nrf_flywheel.o(i.nrf_flw_init)
    nrf_flw_start                            0x00002189   Thumb Code    14  nrf_flywheel.o(i.nrf_flw_start)
    nrf_flw_stop                             0x000021a1   Thumb Code    32  nrf_flywheel.o(i.nrf_flw_stop)
    nrf_flw_task_is_delayed                  0x000021cd   Thumb Code     6  nrf_flywheel.o(i.nrf_flw_task_is_delayed)
    nrf_gzll_add_packet_to_tx_fifo           0x000022f1   Thumb Code   170  nrf_gzll.o(i.nrf_gzll_add_packet_to_tx_fifo)
    nrf_gzll_device_tx_failed                0x000023a5   Thumb Code     2  receiver_cb.o(i.nrf_gzll_device_tx_failed)
    nrf_gzll_device_tx_success               0x000023a9   Thumb Code    30  receiver_cb.o(i.nrf_gzll_device_tx_success)
    nrf_gzll_disabled                        0x000023cd   Thumb Code     2  receiver_cb.o(i.nrf_gzll_disabled)
    nrf_gzll_enable                          0x000023d1   Thumb Code    26  nrf_gzll.o(i.nrf_gzll_enable)
    nrf_gzll_fetch_packet_from_rx_fifo       0x000023f1   Thumb Code   110  nrf_gzll.o(i.nrf_gzll_fetch_packet_from_rx_fifo)
    nrf_gzll_host_rx_data_ready              0x00002469   Thumb Code     2  receiver_cb.o(i.nrf_gzll_host_rx_data_ready)
    nrf_gzll_init                            0x0000246d   Thumb Code   278  nrf_gzll.o(i.nrf_gzll_init)
    nrf_gzll_mode_changed                    0x00002595   Thumb Code     2  nrf_gzll.o(i.nrf_gzll_mode_changed)
    nrf_gzll_set_base_address_0              0x00002599   Thumb Code    28  nrf_gzll.o(i.nrf_gzll_set_base_address_0)
    nrf_gzll_set_base_address_1              0x000025b9   Thumb Code    28  nrf_gzll.o(i.nrf_gzll_set_base_address_1)
    nrf_gzll_set_channel_table               0x000025d9   Thumb Code    72  nrf_gzll.o(i.nrf_gzll_set_channel_table)
    nrf_gzll_set_datarate                    0x00002629   Thumb Code    56  nrf_gzll.o(i.nrf_gzll_set_datarate)
    nrf_gzll_set_max_tx_attempts             0x00002665   Thumb Code    28  nrf_gzll.o(i.nrf_gzll_set_max_tx_attempts)
    nrf_gzll_set_timeslot_period             0x00002685   Thumb Code    28  nrf_gzll.o(i.nrf_gzll_set_timeslot_period)
    nrf_gzll_set_timeslots_per_channel       0x000026a5   Thumb Code    28  nrf_gzll.o(i.nrf_gzll_set_timeslots_per_channel)
    nrf_impl_disable                         0x000026c5   Thumb Code    38  nrf_impala.o(i.nrf_impl_disable)
    nrf_impl_enable                          0x000026f1   Thumb Code    70  nrf_impala.o(i.nrf_impl_enable)
    nrf_impl_enable_rssi                     0x0000274d   Thumb Code    24  nrf_impala.o(i.nrf_impl_enable_rssi)
    nrf_impl_free_packet                     0x00002771   Thumb Code    20  nrf_impala.o(i.nrf_impl_free_packet)
    nrf_impl_get_available_fifo_packets      0x00002785   Thumb Code     8  nrf_impala.o(i.nrf_impl_get_available_fifo_packets)
    nrf_impl_get_rx_fifo_status              0x0000278d   Thumb Code     8  nrf_impala.o(i.nrf_impl_get_rx_fifo_status)
    nrf_impl_get_tx_fifo_status              0x00002795   Thumb Code     8  nrf_impala.o(i.nrf_impl_get_tx_fifo_status)
    nrf_impl_init                            0x0000279d   Thumb Code   346  nrf_impala.o(i.nrf_impl_init)
    nrf_impl_is_disabled                     0x00002929   Thumb Code    16  nrf_impala.o(i.nrf_impl_is_disabled)
    nrf_impl_pop_rx_fifo                     0x0000293d   Thumb Code    20  nrf_impala.o(i.nrf_impl_pop_rx_fifo)
    nrf_impl_put_tx_fifo                     0x00002951   Thumb Code    52  nrf_impala.o(i.nrf_impl_put_tx_fifo)
    nrf_impl_read_rx_fifo                    0x00002989   Thumb Code     8  nrf_impala.o(i.nrf_impl_read_rx_fifo)
    nrf_impl_reserve_packet                  0x00002991   Thumb Code    20  nrf_impala.o(i.nrf_impl_reserve_packet)
    nrf_impl_set_base_address_length         0x000029a5   Thumb Code    22  nrf_impala.o(i.nrf_impl_set_base_address_length)
    nrf_impl_set_channel_selection_policy    0x000029c5   Thumb Code     6  nrf_impala.o(i.nrf_impl_set_channel_selection_policy)
    nrf_impl_set_channel_table               0x000029d1   Thumb Code    38  nrf_impala.o(i.nrf_impl_set_channel_table)
    nrf_impl_set_datarate                    0x00002a05   Thumb Code    94  nrf_impala.o(i.nrf_impl_set_datarate)
    nrf_impl_set_max_allowed_tx_attempts     0x00002a99   Thumb Code     6  nrf_impala.o(i.nrf_impl_set_max_allowed_tx_attempts)
    nrf_impl_set_mode                        0x00002aa5   Thumb Code    42  nrf_impala.o(i.nrf_impl_set_mode)
    nrf_impl_set_pipe_0_base_address         0x00002ad5   Thumb Code    98  nrf_impala.o(i.nrf_impl_set_pipe_0_base_address)
    nrf_impl_set_pipes_1_to_7_base_address   0x00002b41   Thumb Code    98  nrf_impala.o(i.nrf_impl_set_pipes_1_to_7_base_address)
    nrf_impl_set_timeslot_period             0x00002bad   Thumb Code     6  nrf_impala.o(i.nrf_impl_set_timeslot_period)
    nrf_impl_set_timeslots_per_channel_when_in_sync 0x00002bb9   Thumb Code    36  nrf_impala.o(i.nrf_impl_set_timeslots_per_channel_when_in_sync)
    nrf_impl_set_tx_power                    0x00002be9   Thumb Code    10  nrf_impala.o(i.nrf_impl_set_tx_power)
    nrf_impl_set_xosc_ctl                    0x00002bfd   Thumb Code     6  nrf_impala.o(i.nrf_impl_set_xosc_ctl)
    nrf_impl_state_fun_device_send_packet    0x00002c09   Thumb Code    74  nrf_impala.o(i.nrf_impl_state_fun_device_send_packet)
    nrf_impl_state_fun_timeslot_start        0x00002c6d   Thumb Code  1200  nrf_impala.o(i.nrf_impl_state_fun_timeslot_start)
    nrf_lcore_force_disable                  0x0000312d   Thumb Code   114  nrf_link_core.o(i.nrf_lcore_force_disable)
    nrf_lcore_init                           0x000032d1   Thumb Code    54  nrf_link_core.o(i.nrf_lcore_init)
    nrf_lcore_prepare_operation              0x00003325   Thumb Code   176  nrf_link_core.o(i.nrf_lcore_prepare_operation)
    nrf_lcore_rx_address_match               0x00003409   Thumb Code    12  nrf_link_core.o(i.nrf_lcore_rx_address_match)
    nrf_lcore_start_operation                0x00003419   Thumb Code   122  nrf_link_core.o(i.nrf_lcore_start_operation)
    nrf_nm_add                               0x000034bd   Thumb Code   100  nrf_notification_manager.o(i.nrf_nm_add)
    nrf_nm_get_remaining_space_in_notification_queue 0x00003535   Thumb Code    12  nrf_notification_manager.o(i.nrf_nm_get_remaining_space_in_notification_queue)
    nrf_nm_init                              0x00003545   Thumb Code    36  nrf_notification_manager.o(i.nrf_nm_init)
    nrf_pm_end_prx                           0x00003579   Thumb Code   364  nrf_packet_manager.o(i.nrf_pm_end_prx)
    nrf_pm_end_ptx                           0x0000370d   Thumb Code   182  nrf_packet_manager.o(i.nrf_pm_end_ptx)
    nrf_pm_free_packet                       0x000037e9   Thumb Code     8  nrf_packet_manager.o(i.nrf_pm_free_packet)
    nrf_pm_get_available_fifo_packets        0x000037f1   Thumb Code     8  nrf_packet_manager.o(i.nrf_pm_get_available_fifo_packets)
    nrf_pm_get_current_ptx_ack_ptr           0x000037f9   Thumb Code     6  nrf_packet_manager.o(i.nrf_pm_get_current_ptx_ack_ptr)
    nrf_pm_get_current_ptx_packet            0x00003805   Thumb Code     6  nrf_packet_manager.o(i.nrf_pm_get_current_ptx_packet)
    nrf_pm_get_current_ptx_pipe              0x00003811   Thumb Code     6  nrf_packet_manager.o(i.nrf_pm_get_current_ptx_pipe)
    nrf_pm_get_rx_fifo_status                0x0000381d   Thumb Code    10  nrf_packet_manager.o(i.nrf_pm_get_rx_fifo_status)
    nrf_pm_get_state                         0x00003829   Thumb Code     6  nrf_packet_manager.o(i.nrf_pm_get_state)
    nrf_pm_get_tx_fifo_status                0x00003835   Thumb Code     8  nrf_packet_manager.o(i.nrf_pm_get_tx_fifo_status)
    nrf_pm_init                              0x0000383d   Thumb Code    90  nrf_packet_manager.o(i.nrf_pm_init)
    nrf_pm_pop_rx_fifo                       0x000038a9   Thumb Code    10  nrf_packet_manager.o(i.nrf_pm_pop_rx_fifo)
    nrf_pm_put_tx_fifo                       0x000038b3   Thumb Code    38  nrf_packet_manager.o(i.nrf_pm_put_tx_fifo)
    nrf_pm_read_rx_fifo                      0x000038d9   Thumb Code    10  nrf_packet_manager.o(i.nrf_pm_read_rx_fifo)
    nrf_pm_reserve_packet                    0x000038e3   Thumb Code     8  nrf_packet_manager.o(i.nrf_pm_reserve_packet)
    nrf_pm_search_for_ptx_pipe_to_service    0x000038ed   Thumb Code    64  nrf_packet_manager.o(i.nrf_pm_search_for_ptx_pipe_to_service)
    nrf_pm_set_dyn_ack_status                0x00003935   Thumb Code     6  nrf_packet_manager.o(i.nrf_pm_set_dyn_ack_status)
    nrf_pm_start_prx                         0x00003941   Thumb Code    62  nrf_packet_manager.o(i.nrf_pm_start_prx)
    nrf_pm_start_ptx                         0x00003989   Thumb Code   156  nrf_packet_manager.o(i.nrf_pm_start_ptx)
    nrf_pm_there_is_ptx_packet_to_be_serviced 0x00003a39   Thumb Code     6  nrf_packet_manager.o(i.nrf_pm_there_is_ptx_packet_to_be_serviced)
    nrf_sm_execute                           0x00003a8d   Thumb Code    18  nrf_state_machine.o(i.nrf_sm_execute)
    nrf_sm_get_current_state                 0x00003aa9   Thumb Code     6  nrf_state_machine.o(i.nrf_sm_get_current_state)
    nrf_sm_get_next_state                    0x00003ab5   Thumb Code     6  nrf_state_machine.o(i.nrf_sm_get_next_state)
    nrf_sm_init                              0x00003ac1   Thumb Code    10  nrf_state_machine.o(i.nrf_sm_init)
    nrf_sm_set_next_state                    0x00003ad1   Thumb Code    20  nrf_state_machine.o(i.nrf_sm_set_next_state)
    print_bits_raw                           0x00003b3f   Thumb Code    14  major.o(i.print_bits_raw)
    qf_enter_dfu                             0x00003b4d   Thumb Code    10  major.o(i.qf_enter_dfu)
    tick                                     0x00003cb5   Thumb Code    36  main.o(i.tick)
    rtc1                                     0x00003f88   Data           8  main.o(.constdata)
    Region$$Table$$Base                      0x0000407c   Number         0  anon$$obj.o(Region$$Table)
    Region$$Table$$Limit                     0x0000409c   Number         0  anon$$obj.o(Region$$Table)
    Image$$RW_IRAM1$$Base                    0x20000000   Number         0  anon$$obj.o ABSOLUTE
    hand_count                               0x20000004   Data           2  main.o(.data)
    rows                                     0x20000008   Data          20  main.o(.data)
    columns                                  0x2000001c   Data          28  main.o(.data)
    channelC                                 0x20000038   Data           1  main.o(.data)
    pre_flag                                 0x20000040   Data           1  major.o(.data)
    rtc_ota_counter                          0x20000044   Data           4  major.o(.data)
    addr0                                    0x20000048   Data          12  major.o(.data)
    addr1                                    0x20000054   Data          12  major.o(.data)
    rtc_addr_counter0                        0x20000060   Data           4  major.o(.data)
    rtc_addr_counter1                        0x20000064   Data           4  major.o(.data)
    pg_size                                  0x20000074   Data           4  eeprom.o(.data)
    pg_num                                   0x20000078   Data           4  eeprom.o(.data)
    err_code                                 0x2000007c   Data           4  eeprom.o(.data)
    SystemCoreClock                          0x200000a4   Data           4  system_nrf51.o(.data)
    nrf_gzll_error_code                      0x200000a8   Data           1  nrf_gzll.o(.data)
    impl_async_state                         0x200000c8   Data           1  nrf_impala.o(.data)
    runstate                                 0x200000dc   Data           1  nrf_flywheel.o(.data)
    nrf_pm_ack_payload_pending               0x200000e8   Data           8  nrf_packet_manager.o(.data)
    sm_status                                0x200000f0   Data           3  nrf_state_machine.o(.data)
    state_functions                          0x200000f4   Data           8  nrf_state_machine.o(.data)
    available_packet_count                   0x200000fc   Data           4  nrf_fifo.o(.data)
    impl_internal_params                     0x200001b4   Data          52  nrf_impala.o(.bss)
    nrf_impl_status                          0x200001e8   Data          28  nrf_impala.o(.bss)
    lcore_config                             0x20000204   Data          24  nrf_impala.o(.bss)
    nrf_lcore_status                         0x20000228   Data          36  nrf_link_core.o(.bss)
    nm_status                                0x2000024c   Data         136  nrf_notification_manager.o(.bss)
    pm_status                                0x200002d4   Data         148  nrf_packet_manager.o(.bss)
    pipe_status                              0x20000368   Data          48  nrf_fifo.o(.bss)
    fifo_contents                            0x20000398   Data         192  nrf_fifo.o(.bss)
    available_packets                        0x20000458   Data          24  nrf_fifo.o(.bss)
    packet_pool                              0x20000470   Data         204  nrf_fifo.o(.bss)
    __initial_sp                             0x20000d40   Data           0  arm_startup_nrf51.o(STACK)



==============================================================================

Memory Map of the image

  Image Entry point : 0x000000c1

  Load Region LR_IROM1 (Base: 0x00000000, Size: 0x0000419c, Max: 0x00040000, ABSOLUTE)

    Execution Region ER_IROM1 (Exec base: 0x00000000, Load base: 0x00000000, Size: 0x0000409c, Max: 0x00040000, ABSOLUTE)

    Exec Addr    Load Addr    Size         Type   Attr      Idx    E Section Name        Object

    0x00000000   0x00000000   0x000000c0   Data   RO          272    RESET               arm_startup_nrf51.o
    0x000000c0   0x000000c0   0x00000000   Code   RO          514  * .ARM.Collect$$$$00000000  mc_p.l(entry.o)
    0x000000c0   0x000000c0   0x00000004   Code   RO          523    .ARM.Collect$$$$00000001  mc_p.l(entry2.o)
    0x000000c4   0x000000c4   0x00000004   Code   RO          526    .ARM.Collect$$$$00000004  mc_p.l(entry5.o)
    0x000000c8   0x000000c8   0x00000000   Code   RO          528    .ARM.Collect$$$$00000008  mc_p.l(entry7b.o)
    0x000000c8   0x000000c8   0x00000000   Code   RO          530    .ARM.Collect$$$$0000000A  mc_p.l(entry8b.o)
    0x000000c8   0x000000c8   0x00000008   Code   RO          531    .ARM.Collect$$$$0000000B  mc_p.l(entry9a.o)
    0x000000d0   0x000000d0   0x00000000   Code   RO          533    .ARM.Collect$$$$0000000D  mc_p.l(entry10a.o)
    0x000000d0   0x000000d0   0x00000000   Code   RO          535    .ARM.Collect$$$$0000000F  mc_p.l(entry11a.o)
    0x000000d0   0x000000d0   0x00000004   Code   RO          524    .ARM.Collect$$$$00002712  mc_p.l(entry2.o)
    0x000000d4   0x000000d4   0x0000001e   Code   RO          442    .emb_text           gzll_nrf51_arm.lib(nrf_link_core.o)
    0x000000f2   0x000000f2   0x00000002   PAD
    0x000000f4   0x000000f4   0x00000038   Code   RO          273    .text               arm_startup_nrf51.o
    0x0000012c   0x0000012c   0x00000024   Code   RO          518    .text               mc_p.l(memcpya.o)
    0x00000150   0x00000150   0x00000024   Code   RO          519    .text               mc_p.l(memseta.o)
    0x00000174   0x00000174   0x00000024   Code   RO          537    .text               mc_p.l(init.o)
    0x00000198   0x00000198   0x00000278   Code   RO           82    i.GPIOTE_IRQHandler  nrf_drv_gpiote.o
    0x00000410   0x00000410   0x00000008   Code   RO          411    i.NRF_ASSERT_INTERNAL_parse_and_forward  gzll_nrf51_arm.lib(nrf_assert_internal.o)
    0x00000418   0x00000418   0x000000f4   Code   RO          430    i.NRF_flw_prepare_call  gzll_nrf51_arm.lib(nrf_flywheel.o)
    0x0000050c   0x0000050c   0x000000c8   Code   RO           45    i.POWER_CLOCK_IRQHandler  nrf_drv_clock.o
    0x000005d4   0x000005d4   0x000001c0   Code   RO          443    i.RADIO_IRQHandler  gzll_nrf51_arm.lib(nrf_link_core.o)
    0x00000794   0x00000794   0x00000014   Code   RO          167    i.RTC1_IRQHandler   nrf_drv_rtc.o
    0x000007a8   0x000007a8   0x00000088   Code   RO          457    i.SWI0_IRQHandler   gzll_nrf51_arm.lib(nrf_notification_manager.o)
    0x00000830   0x00000830   0x0000003c   Code   RO          253    i.SWI2_IRQHandler   softdevice_handler.o
    0x0000086c   0x0000086c   0x00000064   Code   RO          277    i.SystemInit        system_nrf51.o
    0x000008d0   0x000008d0   0x0000006c   Code   RO          431    i.TIMER2_IRQHandler  gzll_nrf51_arm.lib(nrf_flywheel.o)
    0x0000093c   0x0000093c   0x00000014   Code   RO          127    i.UART0_IRQHandler  nrf_drv_uart.o
    0x00000950   0x00000950   0x00000078   Code   RO           77    i.__NVIC_SetPriority  nrf_drv_common.o
    0x000009c8   0x000009c8   0x0000001c   Code   RO           21    i.__NVIC_SystemReset  major.o
    0x000009e4   0x000009e4   0x0000000e   Code   RO          540    i.__scatterload_copy  mc_p.l(handlers.o)
    0x000009f2   0x000009f2   0x00000002   Code   RO          541    i.__scatterload_null  mc_p.l(handlers.o)
    0x000009f4   0x000009f4   0x0000000e   Code   RO          542    i.__scatterload_zeroinit  mc_p.l(handlers.o)
    0x00000a02   0x00000a02   0x00000002   PAD
    0x00000a04   0x00000a04   0x0000002c   Code   RO            3    i.app_error_fault_handler  main.o
    0x00000a30   0x00000a30   0x00000020   Code   RO          193    i.app_error_handler  app_error.o
    0x00000a50   0x00000a50   0x0000000a   Code   RO          202    i.app_util_critical_region_enter  app_util_platform.o
    0x00000a5a   0x00000a5a   0x0000000a   Code   RO          203    i.app_util_critical_region_exit  app_util_platform.o
    0x00000a64   0x00000a64   0x00000014   Code   RO          204    i.app_util_disable_irq  app_util_platform.o
    0x00000a78   0x00000a78   0x0000001c   Code   RO          205    i.app_util_enable_irq  app_util_platform.o
    0x00000a94   0x00000a94   0x00000158   Code   RO          342    i.async_state_packet_received  gzll_nrf51_arm.lib(nrf_impala.o)
    0x00000bec   0x00000bec   0x0000009c   Code   RO          344    i.async_state_rx_enabling  gzll_nrf51_arm.lib(nrf_impala.o)
    0x00000c88   0x00000c88   0x00000014   Code   RO          345    i.async_state_tx_ack_complete  gzll_nrf51_arm.lib(nrf_impala.o)
    0x00000c9c   0x00000c9c   0x00000010   Code   RO           84    i.channel_handler_get  nrf_drv_gpiote.o
    0x00000cac   0x00000cac   0x0000000c   Code   RO           86    i.channel_port_get  nrf_drv_gpiote.o
    0x00000cb8   0x00000cb8   0x00000054   Code   RO           22    i.check_addr        major.o
    0x00000d0c   0x00000d0c   0x00000040   Code   RO           23    i.check_ota         major.o
    0x00000d4c   0x00000d4c   0x00000024   Code   RO           24    i.check_predef_action  major.o
    0x00000d70   0x00000d70   0x00000034   Code   RO           47    i.clock_clk_started_notify  nrf_drv_clock.o
    0x00000da4   0x00000da4   0x00000020   Code   RO            4    i.compare_keys      main.o
    0x00000dc4   0x00000dc4   0x00000140   Code   RO          346    i.device_ack_received  gzll_nrf51_arm.lib(nrf_impala.o)
    0x00000f04   0x00000f04   0x00000034   Code   RO           38    i.eeprom_read       eeprom.o
    0x00000f38   0x00000f38   0x00000038   Code   RO           39    i.eeprom_write      eeprom.o
    0x00000f70   0x00000f70   0x0000001a   Code   RO            5    i.empty_keys        main.o
    0x00000f8a   0x00000f8a   0x00000002   PAD
    0x00000f8c   0x00000f8c   0x00000038   Code   RO           40    i.flash_page_erase  eeprom.o
    0x00000fc4   0x00000fc4   0x00000038   Code   RO           41    i.flash_word_write  eeprom.o
    0x00000ffc   0x00000ffc   0x000000a4   Code   RO          347    i.goto_disable      gzll_nrf51_arm.lib(nrf_impala.o)
    0x000010a0   0x000010a0   0x00000060   Code   RO            6    i.gpio_config       main.o
    0x00001100   0x00001100   0x00000068   Code   RO            7    i.handle_inactivity  main.o
    0x00001168   0x00001168   0x00000078   Code   RO           25    i.handle_send       major.o
    0x000011e0   0x000011e0   0x00000018   Code   RO           48    i.hfclk_start       nrf_drv_clock.o
    0x000011f8   0x000011f8   0x00000020   Code   RO           49    i.hfclk_stop        nrf_drv_clock.o
    0x00001218   0x00001218   0x000000cc   Code   RO          255    i.intern_softdevice_events_execute  softdevice_handler.o
    0x000012e4   0x000012e4   0x00000038   Code   RO          278    i.is_disabled_in_debug_needed  system_nrf51.o
    0x0000131c   0x0000131c   0x0000006c   Code   RO          279    i.is_manual_peripheral_setup_needed  system_nrf51.o
    0x00001388   0x00001388   0x00000054   Code   RO          280    i.is_peripheral_domain_setup_needed  system_nrf51.o
    0x000013dc   0x000013dc   0x0000000e   Code   RO           50    i.item_dequeue      nrf_drv_clock.o
    0x000013ea   0x000013ea   0x00000024   Code   RO           51    i.item_enqueue      nrf_drv_clock.o
    0x0000140e   0x0000140e   0x00000002   PAD
    0x00001410   0x00001410   0x00000030   Code   RO            8    i.lfclk_config      main.o
    0x00001440   0x00001440   0x00000018   Code   RO           52    i.lfclk_start       nrf_drv_clock.o
    0x00001458   0x00001458   0x00000310   Code   RO          348    i.m_nrf_impl_restore_all_hw_params  gzll_nrf51_arm.lib(nrf_impala.o)
    0x00001768   0x00001768   0x000000c0   Code   RO            9    i.main              main.o
    0x00001828   0x00001828   0x000000f4   Code   RO          284    i.notification_cb   gzll_nrf51_arm.lib(nrf_gzll.o)
    0x0000191c   0x0000191c   0x00000010   Code   RO          285    i.nrf_assert_internal_callback  gzll_nrf51_arm.lib(nrf_gzll.o)
    0x0000192c   0x0000192c   0x00000016   Code   RO           87    i.nrf_bitmask_bit_is_set  nrf_drv_gpiote.o
    0x00001942   0x00001942   0x00000002   PAD
    0x00001944   0x00001944   0x00000030   Code   RO          414    i.nrf_chm_execute_single_tick  gzll_nrf51_arm.lib(nrf_channel_manager.o)
    0x00001974   0x00001974   0x0000002c   Code   RO          416    i.nrf_chm_get_current_channel  gzll_nrf51_arm.lib(nrf_channel_manager.o)
    0x000019a0   0x000019a0   0x0000000c   Code   RO          417    i.nrf_chm_get_current_channel_index  gzll_nrf51_arm.lib(nrf_channel_manager.o)
    0x000019ac   0x000019ac   0x0000000c   Code   RO          418    i.nrf_chm_get_current_timeslot  gzll_nrf51_arm.lib(nrf_channel_manager.o)
    0x000019b8   0x000019b8   0x00000028   Code   RO          419    i.nrf_chm_init      gzll_nrf51_arm.lib(nrf_channel_manager.o)
    0x000019e0   0x000019e0   0x00000028   Code   RO          420    i.nrf_chm_set_current_channel_index  gzll_nrf51_arm.lib(nrf_channel_manager.o)
    0x00001a08   0x00001a08   0x00000028   Code   RO          421    i.nrf_chm_set_current_timeslot  gzll_nrf51_arm.lib(nrf_channel_manager.o)
    0x00001a30   0x00001a30   0x00000016   Code   RO           54    i.nrf_clock_event_check  nrf_drv_clock.o
    0x00001a46   0x00001a46   0x0000000c   Code   RO           55    i.nrf_clock_event_clear  nrf_drv_clock.o
    0x00001a52   0x00001a52   0x00000002   PAD
    0x00001a54   0x00001a54   0x00000024   Code   RO           56    i.nrf_clock_hf_is_running  nrf_drv_clock.o
    0x00001a78   0x00001a78   0x0000000c   Code   RO           57    i.nrf_clock_int_disable  nrf_drv_clock.o
    0x00001a84   0x00001a84   0x0000000c   Code   RO           58    i.nrf_clock_int_enable  nrf_drv_clock.o
    0x00001a90   0x00001a90   0x0000000a   Code   RO           60    i.nrf_clock_task_trigger  nrf_drv_clock.o
    0x00001a9a   0x00001a9a   0x00000002   PAD
    0x00001a9c   0x00001a9c   0x0000002c   Code   RO           64    i.nrf_drv_clock_hfclk_release  nrf_drv_clock.o
    0x00001ac8   0x00001ac8   0x00000064   Code   RO           65    i.nrf_drv_clock_hfclk_request  nrf_drv_clock.o
    0x00001b2c   0x00001b2c   0x00000070   Code   RO           66    i.nrf_drv_clock_init  nrf_drv_clock.o
    0x00001b9c   0x00001b9c   0x00000064   Code   RO           71    i.nrf_drv_clock_lfclk_request  nrf_drv_clock.o
    0x00001c00   0x00001c00   0x00000048   Code   RO           79    i.nrf_drv_common_irq_enable  nrf_drv_common.o
    0x00001c48   0x00001c48   0x00000020   Code   RO          170    i.nrf_drv_rtc_disable  nrf_drv_rtc.o
    0x00001c68   0x00001c68   0x00000020   Code   RO          171    i.nrf_drv_rtc_enable  nrf_drv_rtc.o
    0x00001c88   0x00001c88   0x00000080   Code   RO          172    i.nrf_drv_rtc_init  nrf_drv_rtc.o
    0x00001d08   0x00001d08   0x000000c8   Code   RO          173    i.nrf_drv_rtc_int_handler  nrf_drv_rtc.o
    0x00001dd0   0x00001dd0   0x0000002a   Code   RO          178    i.nrf_drv_rtc_tick_enable  nrf_drv_rtc.o
    0x00001dfa   0x00001dfa   0x00000002   PAD
    0x00001dfc   0x00001dfc   0x00000090   Code   RO          504    i.nrf_fifo_free_packet  gzll_nrf51_arm.lib(nrf_fifo.o)
    0x00001e8c   0x00001e8c   0x0000000c   Code   RO          513    i.nrf_fifo_get_available_packet_count  gzll_nrf51_arm.lib(nrf_fifo.o)
    0x00001e98   0x00001e98   0x00000020   Code   RO          512    i.nrf_fifo_get_packet_count  gzll_nrf51_arm.lib(nrf_fifo.o)
    0x00001eb8   0x00001eb8   0x00000094   Code   RO          505    i.nrf_fifo_init     gzll_nrf51_arm.lib(nrf_fifo.o)
    0x00001f4c   0x00001f4c   0x00000054   Code   RO          506    i.nrf_fifo_pop_packet  gzll_nrf51_arm.lib(nrf_fifo.o)
    0x00001fa0   0x00001fa0   0x000000ac   Code   RO          507    i.nrf_fifo_put_packet  gzll_nrf51_arm.lib(nrf_fifo.o)
    0x0000204c   0x0000204c   0x0000003c   Code   RO          508    i.nrf_fifo_read_packet  gzll_nrf51_arm.lib(nrf_fifo.o)
    0x00002088   0x00002088   0x00000074   Code   RO          509    i.nrf_fifo_reserve_packet  gzll_nrf51_arm.lib(nrf_fifo.o)
    0x000020fc   0x000020fc   0x00000008   Code   RO          432    i.nrf_flw_get_ext_capture_task  gzll_nrf51_arm.lib(nrf_flywheel.o)
    0x00002104   0x00002104   0x00000008   Code   RO          433    i.nrf_flw_get_flw_call_event  gzll_nrf51_arm.lib(nrf_flywheel.o)
    0x0000210c   0x0000210c   0x0000000c   Code   RO          434    i.nrf_flw_get_runstate  gzll_nrf51_arm.lib(nrf_flywheel.o)
    0x00002118   0x00002118   0x00000070   Code   RO          435    i.nrf_flw_init      gzll_nrf51_arm.lib(nrf_flywheel.o)
    0x00002188   0x00002188   0x00000018   Code   RO          436    i.nrf_flw_start     gzll_nrf51_arm.lib(nrf_flywheel.o)
    0x000021a0   0x000021a0   0x0000002c   Code   RO          437    i.nrf_flw_stop      gzll_nrf51_arm.lib(nrf_flywheel.o)
    0x000021cc   0x000021cc   0x0000000c   Code   RO          438    i.nrf_flw_task_is_delayed  gzll_nrf51_arm.lib(nrf_flywheel.o)
    0x000021d8   0x000021d8   0x0000002a   Code   RO           10    i.nrf_gpio_cfg      main.o
    0x00002202   0x00002202   0x00000018   Code   RO           11    i.nrf_gpio_cfg_output  main.o
    0x0000221a   0x0000221a   0x00000040   Code   RO          109    i.nrf_gpio_cfg_sense_set  nrf_drv_gpiote.o
    0x0000225a   0x0000225a   0x00000018   Code   RO           12    i.nrf_gpio_pin_clear  main.o
    0x00002272   0x00002272   0x00000018   Code   RO           13    i.nrf_gpio_pin_set  main.o
    0x0000228a   0x0000228a   0x00000002   PAD
    0x0000228c   0x0000228c   0x00000030   Code   RO          113    i.nrf_gpio_ports_read  nrf_drv_gpiote.o
    0x000022bc   0x000022bc   0x0000000c   Code   RO          114    i.nrf_gpiote_event_addr_get  nrf_drv_gpiote.o
    0x000022c8   0x000022c8   0x00000010   Code   RO          115    i.nrf_gpiote_event_clear  nrf_drv_gpiote.o
    0x000022d8   0x000022d8   0x00000016   Code   RO          116    i.nrf_gpiote_event_is_set  nrf_drv_gpiote.o
    0x000022ee   0x000022ee   0x00000002   PAD
    0x000022f0   0x000022f0   0x000000b4   Code   RO          286    i.nrf_gzll_add_packet_to_tx_fifo  gzll_nrf51_arm.lib(nrf_gzll.o)
    0x000023a4   0x000023a4   0x00000002   Code   RO           31    i.nrf_gzll_device_tx_failed  receiver_cb.o
    0x000023a6   0x000023a6   0x00000002   PAD
    0x000023a8   0x000023a8   0x00000024   Code   RO           32    i.nrf_gzll_device_tx_success  receiver_cb.o
    0x000023cc   0x000023cc   0x00000002   Code   RO           33    i.nrf_gzll_disabled  receiver_cb.o
    0x000023ce   0x000023ce   0x00000002   PAD
    0x000023d0   0x000023d0   0x00000020   Code   RO          289    i.nrf_gzll_enable   gzll_nrf51_arm.lib(nrf_gzll.o)
    0x000023f0   0x000023f0   0x00000078   Code   RO          290    i.nrf_gzll_fetch_packet_from_rx_fifo  gzll_nrf51_arm.lib(nrf_gzll.o)
    0x00002468   0x00002468   0x00000002   Code   RO           34    i.nrf_gzll_host_rx_data_ready  receiver_cb.o
    0x0000246a   0x0000246a   0x00000002   PAD
    0x0000246c   0x0000246c   0x00000128   Code   RO          315    i.nrf_gzll_init     gzll_nrf51_arm.lib(nrf_gzll.o)
    0x00002594   0x00002594   0x00000002   Code   RO          317    i.nrf_gzll_mode_changed  gzll_nrf51_arm.lib(nrf_gzll.o)
    0x00002596   0x00002596   0x00000002   PAD
    0x00002598   0x00002598   0x00000020   Code   RO          323    i.nrf_gzll_set_base_address_0  gzll_nrf51_arm.lib(nrf_gzll.o)
    0x000025b8   0x000025b8   0x00000020   Code   RO          324    i.nrf_gzll_set_base_address_1  gzll_nrf51_arm.lib(nrf_gzll.o)
    0x000025d8   0x000025d8   0x00000050   Code   RO          325    i.nrf_gzll_set_channel_table  gzll_nrf51_arm.lib(nrf_gzll.o)
    0x00002628   0x00002628   0x0000003c   Code   RO          326    i.nrf_gzll_set_datarate  gzll_nrf51_arm.lib(nrf_gzll.o)
    0x00002664   0x00002664   0x00000020   Code   RO          328    i.nrf_gzll_set_max_tx_attempts  gzll_nrf51_arm.lib(nrf_gzll.o)
    0x00002684   0x00002684   0x00000020   Code   RO          332    i.nrf_gzll_set_timeslot_period  gzll_nrf51_arm.lib(nrf_gzll.o)
    0x000026a4   0x000026a4   0x00000020   Code   RO          333    i.nrf_gzll_set_timeslots_per_channel  gzll_nrf51_arm.lib(nrf_gzll.o)
    0x000026c4   0x000026c4   0x0000002c   Code   RO          350    i.nrf_impl_disable  gzll_nrf51_arm.lib(nrf_impala.o)
    0x000026f0   0x000026f0   0x0000005c   Code   RO          351    i.nrf_impl_enable   gzll_nrf51_arm.lib(nrf_impala.o)
    0x0000274c   0x0000274c   0x00000024   Code   RO          352    i.nrf_impl_enable_rssi  gzll_nrf51_arm.lib(nrf_impala.o)
    0x00002770   0x00002770   0x00000014   Code   RO          355    i.nrf_impl_free_packet  gzll_nrf51_arm.lib(nrf_impala.o)
    0x00002784   0x00002784   0x00000008   Code   RO          356    i.nrf_impl_get_available_fifo_packets  gzll_nrf51_arm.lib(nrf_impala.o)
    0x0000278c   0x0000278c   0x00000008   Code   RO          365    i.nrf_impl_get_rx_fifo_status  gzll_nrf51_arm.lib(nrf_impala.o)
    0x00002794   0x00002794   0x00000008   Code   RO          371    i.nrf_impl_get_tx_fifo_status  gzll_nrf51_arm.lib(nrf_impala.o)
    0x0000279c   0x0000279c   0x0000018c   Code   RO          373    i.nrf_impl_init     gzll_nrf51_arm.lib(nrf_impala.o)
    0x00002928   0x00002928   0x00000014   Code   RO          374    i.nrf_impl_is_disabled  gzll_nrf51_arm.lib(nrf_impala.o)
    0x0000293c   0x0000293c   0x00000014   Code   RO          375    i.nrf_impl_pop_rx_fifo  gzll_nrf51_arm.lib(nrf_impala.o)
    0x00002950   0x00002950   0x00000038   Code   RO          376    i.nrf_impl_put_tx_fifo  gzll_nrf51_arm.lib(nrf_impala.o)
    0x00002988   0x00002988   0x00000008   Code   RO          377    i.nrf_impl_read_rx_fifo  gzll_nrf51_arm.lib(nrf_impala.o)
    0x00002990   0x00002990   0x00000014   Code   RO          379    i.nrf_impl_reserve_packet  gzll_nrf51_arm.lib(nrf_impala.o)
    0x000029a4   0x000029a4   0x00000020   Code   RO          380    i.nrf_impl_set_base_address_length  gzll_nrf51_arm.lib(nrf_impala.o)
    0x000029c4   0x000029c4   0x0000000c   Code   RO          381    i.nrf_impl_set_channel_selection_policy  gzll_nrf51_arm.lib(nrf_impala.o)
    0x000029d0   0x000029d0   0x00000034   Code   RO          382    i.nrf_impl_set_channel_table  gzll_nrf51_arm.lib(nrf_impala.o)
    0x00002a04   0x00002a04   0x00000094   Code   RO          404    i.nrf_impl_set_datarate  gzll_nrf51_arm.lib(nrf_impala.o)
    0x00002a98   0x00002a98   0x0000000c   Code   RO          386    i.nrf_impl_set_max_allowed_tx_attempts  gzll_nrf51_arm.lib(nrf_impala.o)
    0x00002aa4   0x00002aa4   0x00000030   Code   RO          387    i.nrf_impl_set_mode  gzll_nrf51_arm.lib(nrf_impala.o)
    0x00002ad4   0x00002ad4   0x0000006c   Code   RO          388    i.nrf_impl_set_pipe_0_base_address  gzll_nrf51_arm.lib(nrf_impala.o)
    0x00002b40   0x00002b40   0x0000006c   Code   RO          389    i.nrf_impl_set_pipes_1_to_7_base_address  gzll_nrf51_arm.lib(nrf_impala.o)
    0x00002bac   0x00002bac   0x0000000c   Code   RO          393    i.nrf_impl_set_timeslot_period  gzll_nrf51_arm.lib(nrf_impala.o)
    0x00002bb8   0x00002bb8   0x00000030   Code   RO          394    i.nrf_impl_set_timeslots_per_channel_when_in_sync  gzll_nrf51_arm.lib(nrf_impala.o)
    0x00002be8   0x00002be8   0x00000014   Code   RO          405    i.nrf_impl_set_tx_power  gzll_nrf51_arm.lib(nrf_impala.o)
    0x00002bfc   0x00002bfc   0x0000000c   Code   RO          396    i.nrf_impl_set_xosc_ctl  gzll_nrf51_arm.lib(nrf_impala.o)
    0x00002c08   0x00002c08   0x00000064   Code   RO          397    i.nrf_impl_state_fun_device_send_packet  gzll_nrf51_arm.lib(nrf_impala.o)
    0x00002c6c   0x00002c6c   0x000004c0   Code   RO          398    i.nrf_impl_state_fun_timeslot_start  gzll_nrf51_arm.lib(nrf_impala.o)
    0x0000312c   0x0000312c   0x00000094   Code   RO          445    i.nrf_lcore_force_disable  gzll_nrf51_arm.lib(nrf_link_core.o)
    0x000031c0   0x000031c0   0x00000110   Code   RO          446    i.nrf_lcore_handler_rx_enable_start_tx_enable_start_disable  gzll_nrf51_arm.lib(nrf_link_core.o)
    0x000032d0   0x000032d0   0x00000054   Code   RO          447    i.nrf_lcore_init    gzll_nrf51_arm.lib(nrf_link_core.o)
    0x00003324   0x00003324   0x000000e4   Code   RO          448    i.nrf_lcore_prepare_operation  gzll_nrf51_arm.lib(nrf_link_core.o)
    0x00003408   0x00003408   0x00000010   Code   RO          454    i.nrf_lcore_rx_address_match  gzll_nrf51_arm.lib(nrf_link_core.o)
    0x00003418   0x00003418   0x000000a4   Code   RO          449    i.nrf_lcore_start_operation  gzll_nrf51_arm.lib(nrf_link_core.o)
    0x000034bc   0x000034bc   0x00000078   Code   RO          458    i.nrf_nm_add        gzll_nrf51_arm.lib(nrf_notification_manager.o)
    0x00003534   0x00003534   0x00000010   Code   RO          459    i.nrf_nm_get_remaining_space_in_notification_queue  gzll_nrf51_arm.lib(nrf_notification_manager.o)
    0x00003544   0x00003544   0x00000034   Code   RO          460    i.nrf_nm_init       gzll_nrf51_arm.lib(nrf_notification_manager.o)
    0x00003578   0x00003578   0x00000194   Code   RO          464    i.nrf_pm_end_prx    gzll_nrf51_arm.lib(nrf_packet_manager.o)
    0x0000370c   0x0000370c   0x000000dc   Code   RO          465    i.nrf_pm_end_ptx    gzll_nrf51_arm.lib(nrf_packet_manager.o)
    0x000037e8   0x000037e8   0x00000008   Code   RO          468    i.nrf_pm_free_packet  gzll_nrf51_arm.lib(nrf_packet_manager.o)
    0x000037f0   0x000037f0   0x00000008   Code   RO          470    i.nrf_pm_get_available_fifo_packets  gzll_nrf51_arm.lib(nrf_packet_manager.o)
    0x000037f8   0x000037f8   0x0000000c   Code   RO          471    i.nrf_pm_get_current_ptx_ack_ptr  gzll_nrf51_arm.lib(nrf_packet_manager.o)
    0x00003804   0x00003804   0x0000000c   Code   RO          472    i.nrf_pm_get_current_ptx_packet  gzll_nrf51_arm.lib(nrf_packet_manager.o)
    0x00003810   0x00003810   0x0000000c   Code   RO          473    i.nrf_pm_get_current_ptx_pipe  gzll_nrf51_arm.lib(nrf_packet_manager.o)
    0x0000381c   0x0000381c   0x0000000a   Code   RO          475    i.nrf_pm_get_rx_fifo_status  gzll_nrf51_arm.lib(nrf_packet_manager.o)
    0x00003826   0x00003826   0x00000002   PAD
    0x00003828   0x00003828   0x0000000c   Code   RO          476    i.nrf_pm_get_state  gzll_nrf51_arm.lib(nrf_packet_manager.o)
    0x00003834   0x00003834   0x00000008   Code   RO          477    i.nrf_pm_get_tx_fifo_status  gzll_nrf51_arm.lib(nrf_packet_manager.o)
    0x0000383c   0x0000383c   0x0000006c   Code   RO          478    i.nrf_pm_init       gzll_nrf51_arm.lib(nrf_packet_manager.o)
    0x000038a8   0x000038a8   0x0000000a   Code   RO          479    i.nrf_pm_pop_rx_fifo  gzll_nrf51_arm.lib(nrf_packet_manager.o)
    0x000038b2   0x000038b2   0x00000026   Code   RO          480    i.nrf_pm_put_tx_fifo  gzll_nrf51_arm.lib(nrf_packet_manager.o)
    0x000038d8   0x000038d8   0x0000000a   Code   RO          481    i.nrf_pm_read_rx_fifo  gzll_nrf51_arm.lib(nrf_packet_manager.o)
    0x000038e2   0x000038e2   0x00000008   Code   RO          483    i.nrf_pm_reserve_packet  gzll_nrf51_arm.lib(nrf_packet_manager.o)
    0x000038ea   0x000038ea   0x00000002   PAD
    0x000038ec   0x000038ec   0x00000048   Code   RO          484    i.nrf_pm_search_for_ptx_pipe_to_service  gzll_nrf51_arm.lib(nrf_packet_manager.o)
    0x00003934   0x00003934   0x0000000c   Code   RO          485    i.nrf_pm_set_dyn_ack_status  gzll_nrf51_arm.lib(nrf_packet_manager.o)
    0x00003940   0x00003940   0x00000048   Code   RO          486    i.nrf_pm_start_prx  gzll_nrf51_arm.lib(nrf_packet_manager.o)
    0x00003988   0x00003988   0x000000b0   Code   RO          487    i.nrf_pm_start_ptx  gzll_nrf51_arm.lib(nrf_packet_manager.o)
    0x00003a38   0x00003a38   0x0000000c   Code   RO          488    i.nrf_pm_there_is_ptx_packet_to_be_serviced  gzll_nrf51_arm.lib(nrf_packet_manager.o)
    0x00003a44   0x00003a44   0x00000006   Code   RO          181    i.nrf_rtc_event_clear  nrf_drv_rtc.o
    0x00003a4a   0x00003a4a   0x0000000a   Code   RO          182    i.nrf_rtc_event_disable  nrf_drv_rtc.o
    0x00003a54   0x00003a54   0x0000000a   Code   RO          183    i.nrf_rtc_event_enable  nrf_drv_rtc.o
    0x00003a5e   0x00003a5e   0x00000006   Code   RO          184    i.nrf_rtc_event_pending  nrf_drv_rtc.o
    0x00003a64   0x00003a64   0x0000000a   Code   RO          185    i.nrf_rtc_int_disable  nrf_drv_rtc.o
    0x00003a6e   0x00003a6e   0x0000000a   Code   RO          186    i.nrf_rtc_int_enable  nrf_drv_rtc.o
    0x00003a78   0x00003a78   0x0000000e   Code   RO          187    i.nrf_rtc_int_is_enabled  nrf_drv_rtc.o
    0x00003a86   0x00003a86   0x00000006   Code   RO          188    i.nrf_rtc_task_trigger  nrf_drv_rtc.o
    0x00003a8c   0x00003a8c   0x0000001c   Code   RO          494    i.nrf_sm_execute    gzll_nrf51_arm.lib(nrf_state_machine.o)
    0x00003aa8   0x00003aa8   0x0000000c   Code   RO          495    i.nrf_sm_get_current_state  gzll_nrf51_arm.lib(nrf_state_machine.o)
    0x00003ab4   0x00003ab4   0x0000000c   Code   RO          496    i.nrf_sm_get_next_state  gzll_nrf51_arm.lib(nrf_state_machine.o)
    0x00003ac0   0x00003ac0   0x00000010   Code   RO          498    i.nrf_sm_init       gzll_nrf51_arm.lib(nrf_state_machine.o)
    0x00003ad0   0x00003ad0   0x0000001c   Code   RO          499    i.nrf_sm_set_next_state  gzll_nrf51_arm.lib(nrf_state_machine.o)
    0x00003aec   0x00003aec   0x00000014   Code   RO          147    i.nrf_uart_errorsrc_get_and_clear  nrf_drv_uart.o
    0x00003b00   0x00003b00   0x00000010   Code   RO          148    i.nrf_uart_event_check  nrf_drv_uart.o
    0x00003b10   0x00003b10   0x00000006   Code   RO          149    i.nrf_uart_event_clear  nrf_drv_uart.o
    0x00003b16   0x00003b16   0x0000000a   Code   RO          151    i.nrf_uart_int_disable  nrf_drv_uart.o
    0x00003b20   0x00003b20   0x00000018   Code   RO          153    i.nrf_uart_int_enable_check  nrf_drv_uart.o
    0x00003b38   0x00003b38   0x00000006   Code   RO          154    i.nrf_uart_task_trigger  nrf_drv_uart.o
    0x00003b3e   0x00003b3e   0x0000000e   Code   RO           26    i.print_bits_raw    major.o
    0x00003b4c   0x00003b4c   0x00000010   Code   RO           27    i.qf_enter_dfu      major.o
    0x00003b5c   0x00003b5c   0x0000005c   Code   RO           14    i.read_keys         main.o
    0x00003bb8   0x00003bb8   0x00000034   Code   RO           15    i.rtc_config        main.o
    0x00003bec   0x00003bec   0x00000048   Code   RO          157    i.rx_byte           nrf_drv_uart.o
    0x00003c34   0x00003c34   0x0000001c   Code   RO          158    i.rx_done_event     nrf_drv_uart.o
    0x00003c50   0x00003c50   0x00000064   Code   RO          399    i.sm_start          gzll_nrf51_arm.lib(nrf_impala.o)
    0x00003cb4   0x00003cb4   0x00000024   Code   RO           16    i.tick              main.o
    0x00003cd8   0x00003cd8   0x0000002a   Code   RO          160    i.tx_byte           nrf_drv_uart.o
    0x00003d02   0x00003d02   0x00000022   Code   RO          161    i.tx_done_event     nrf_drv_uart.o
    0x00003d24   0x00003d24   0x00000158   Code   RO          162    i.uart_irq_handler  nrf_drv_uart.o
    0x00003e7c   0x00003e7c   0x0000010c   Code   RO          400    i.update_mode       gzll_nrf51_arm.lib(nrf_impala.o)
    0x00003f88   0x00003f88   0x0000002a   Data   RO           17    .constdata          main.o
    0x00003fb2   0x00003fb2   0x00000002   PAD
    0x00003fb4   0x00003fb4   0x00000047   Data   RO          124    .constdata          nrf_drv_gpiote.o
    0x00003ffb   0x00003ffb   0x00000001   PAD
    0x00003ffc   0x00003ffc   0x00000030   Data   RO          452    .constdata          gzll_nrf51_arm.lib(nrf_link_core.o)
    0x0000402c   0x0000402c   0x0000004d   Data   RO          268    .conststring        softdevice_handler.o
    0x00004079   0x00004079   0x00000003   PAD
    0x0000407c   0x0000407c   0x00000020   Data   RO          538    Region$$Table       anon$$obj.o


    Execution Region RW_IRAM1 (Exec base: 0x20000000, Load base: 0x0000409c, Size: 0x00000d40, Max: 0x00002018, ABSOLUTE)

    Exec Addr    Load Addr    Size         Type   Attr      Idx    E Section Name        Object

    0x20000000   0x0000409c   0x00000040   Data   RW           18    .data               main.o
    0x20000040   0x000040dc   0x00000034   Data   RW           28    .data               major.o
    0x20000074   0x00004110   0x0000000c   Data   RW           42    .data               eeprom.o
    0x20000080   0x0000411c   0x00000007   Data   RW          190    .data               nrf_drv_rtc.o
    0x20000087   0x00004123   0x00000001   PAD
    0x20000088   0x00004124   0x00000004   Data   RW          206    .data               app_util_platform.o
    0x2000008c   0x00004128   0x00000018   Data   RW          269    .data               softdevice_handler.o
    0x200000a4   0x00004140   0x00000004   Data   RW          281    .data               system_nrf51.o
    0x200000a8   0x00004144   0x00000020   Data   RW          338    .data               gzll_nrf51_arm.lib(nrf_gzll.o)
    0x200000c8   0x00004164   0x00000008   Data   RW          402    .data               gzll_nrf51_arm.lib(nrf_impala.o)
    0x200000d0   0x0000416c   0x0000000c   Data   RW          426    .data               gzll_nrf51_arm.lib(nrf_channel_manager.o)
    0x200000dc   0x00004178   0x00000008   Data   RW          439    .data               gzll_nrf51_arm.lib(nrf_flywheel.o)
    0x200000e4   0x00004180   0x00000004   Data   RW          453    .data               gzll_nrf51_arm.lib(nrf_link_core.o)
    0x200000e8   0x00004184   0x00000008   Data   RW          490    .data               gzll_nrf51_arm.lib(nrf_packet_manager.o)
    0x200000f0   0x0000418c   0x0000000c   Data   RW          500    .data               gzll_nrf51_arm.lib(nrf_state_machine.o)
    0x200000fc   0x00004198   0x00000004   Data   RW          511    .data               gzll_nrf51_arm.lib(nrf_fifo.o)
    0x20000100        -       0x00000020   Zero   RW           35    .bss                receiver_cb.o
    0x20000120        -       0x00000024   Zero   RW           73    .bss                nrf_drv_clock.o
    0x20000144        -       0x00000048   Zero   RW          123    .bss                nrf_drv_gpiote.o
    0x2000018c        -       0x0000001c   Zero   RW          163    .bss                nrf_drv_uart.o
    0x200001a8        -       0x0000000c   Zero   RW          337    .bss                gzll_nrf51_arm.lib(nrf_gzll.o)
    0x200001b4        -       0x00000074   Zero   RW          401    .bss                gzll_nrf51_arm.lib(nrf_impala.o)
    0x20000228        -       0x00000024   Zero   RW          451    .bss                gzll_nrf51_arm.lib(nrf_link_core.o)
    0x2000024c        -       0x00000088   Zero   RW          461    .bss                gzll_nrf51_arm.lib(nrf_notification_manager.o)
    0x200002d4        -       0x00000094   Zero   RW          489    .bss                gzll_nrf51_arm.lib(nrf_packet_manager.o)
    0x20000368        -       0x000001d4   Zero   RW          510    .bss                gzll_nrf51_arm.lib(nrf_fifo.o)
    0x2000053c   0x0000419c   0x00000004   PAD
    0x20000540        -       0x00000800   Zero   RW          270    STACK               arm_startup_nrf51.o


==============================================================================

Image component sizes


      Code (inc. data)   RO Data    RW Data    ZI Data      Debug   Object Name

        32          4          0          0          0          0   app_error.o
        68         12          0          4          0          0   app_util_platform.o
        56         18        192          0       2048          0   arm_startup_nrf51.o
       220         38          0         12          0          0   eeprom.o
       836        106         42         64          0          0   main.o
       362         52          0         52          0          0   major.o
       842         66          0          0         36          0   nrf_drv_clock.o
       192         18          0          0          0          0   nrf_drv_common.o
       844         34         71          0         72          0   nrf_drv_gpiote.o
       526         32          0          7          0          0   nrf_drv_rtc.o
       622          8          0          0         28          0   nrf_drv_uart.o
        42          6          0          0         32          0   receiver_cb.o
       264         38         77         24          0          0   softdevice_handler.o
       348         38          0          4          0          0   system_nrf51.o

    ----------------------------------------------------------------------
      5276        470        420        168       2216          0   Object Totals
         0          0         32          0          0          0   (incl. Generated)
        22          0          6          1          0          0   (incl. Padding)

    ----------------------------------------------------------------------

      Code (inc. data)   RO Data    RW Data    ZI Data      Debug   Library Member Name

         8          0          0          0          0          0   nrf_assert_internal.o
       236         76          0         12          0          0   nrf_channel_manager.o
       768        144          0          4        468          0   nrf_fifo.o
       572        154          0          8          0          0   nrf_flywheel.o
      1190        110          0         32         12          0   nrf_gzll.o
      4820        662          0          8        116          0   nrf_impala.o
      1390        292         48          4         36          0   nrf_link_core.o
       324         46          0          0        136          0   nrf_notification_manager.o
      1224        170          0          8        148          0   nrf_packet_manager.o
        96         36          0         12          0          0   nrf_state_machine.o
         0          0          0          0          0          0   entry.o
         0          0          0          0          0          0   entry10a.o
         0          0          0          0          0          0   entry11a.o
         8          4          0          0          0          0   entry2.o
         4          0          0          0          0          0   entry5.o
         0          0          0          0          0          0   entry7b.o
         0          0          0          0          0          0   entry8b.o
         8          4          0          0          0          0   entry9a.o
        30          0          0          0          0          0   handlers.o
        36          8          0          0          0          0   init.o
        36          0          0          0          0          0   memcpya.o
        36          0          0          0          0          0   memseta.o

    ----------------------------------------------------------------------
     10796       1706         48         88        920          0   Library Totals
        10          0          0          0          4          0   (incl. Padding)

    ----------------------------------------------------------------------

      Code (inc. data)   RO Data    RW Data    ZI Data      Debug   Library Name

     10628       1690         48         88        916          0   gzll_nrf51_arm.lib
       158         16          0          0          0          0   mc_p.l

    ----------------------------------------------------------------------
     10796       1706         48         88        920          0   Library Totals

    ----------------------------------------------------------------------

==============================================================================


      Code (inc. data)   RO Data    RW Data    ZI Data      Debug   

     16072       2176        468        256       3136          0   Grand Totals
     16072       2176        468        256       3136          0   ELF Image Totals
     16072       2176        468        256          0          0   ROM Totals

==============================================================================

    Total RO  Size (Code + RO Data)                16540 (  16.15kB)
    Total RW  Size (RW Data + ZI Data)              3392 (   3.31kB)
    Total ROM Size (Code + RO Data + RW Data)      16796 (  16.40kB)

==============================================================================

