Component: ARM Compiler 5.06 update 6 (build 750) Tool: armlink [4d35ed]

==============================================================================

Section Cross References

    main.o(i.gpio_config) refers to main.o(i.nrf_gpio_cfg) for nrf_gpio_cfg
    main.o(i.gpio_config) refers to main.o(i.nrf_gpio_cfg_output) for nrf_gpio_cfg_output
    main.o(i.gpio_config) refers to main.o(i.nrf_gpio_pin_clear) for nrf_gpio_pin_clear
    main.o(i.gpio_config) refers to main.o(i.nrf_gpio_pin_set) for nrf_gpio_pin_set
    main.o(i.gpio_config) refers to main.o(.data) for rows
    main.o(i.handle_inactivity) refers to main.o(i.empty_keys) for empty_keys
    main.o(i.handle_inactivity) refers to nrf_drv_rtc.o(i.nrf_drv_rtc_disable) for nrf_drv_rtc_disable
    main.o(i.handle_inactivity) refers to main.o(i.nrf_gpio_pin_clear) for nrf_gpio_pin_clear
    main.o(i.handle_inactivity) refers to main.o(i.nrf_gpio_pin_set) for nrf_gpio_pin_set
    main.o(i.handle_inactivity) refers to nrf_log_frontend.o(i.nrf_log_frontend_std_0) for nrf_log_frontend_std_0
    main.o(i.handle_inactivity) refers to main.o(.data) for inactivity_ticks
    main.o(i.handle_inactivity) refers to main.o(.constdata) for rtc1
    main.o(i.lfclk_config) refers to nrf_drv_clock.o(i.nrf_drv_clock_init) for nrf_drv_clock_init
    main.o(i.lfclk_config) refers to app_error.o(i.app_error_handler) for app_error_handler
    main.o(i.lfclk_config) refers to nrf_drv_clock.o(i.nrf_drv_clock_lfclk_request) for nrf_drv_clock_lfclk_request
    main.o(i.main) refers to nrf_log_frontend.o(i.nrf_log_init) for nrf_log_init
    main.o(i.main) refers to app_error.o(i.app_error_handler) for app_error_handler
    main.o(i.main) refers to eeprom.o(i.eeprom_read) for eeprom_read
    main.o(i.main) refers to nrf_log_frontend.o(i.nrf_log_frontend_std_1) for nrf_log_frontend_std_1
    main.o(i.main) refers to nrf_gzll.o(i.nrf_gzll_init) for nrf_gzll_init
    main.o(i.main) refers to nrf_gzll.o(i.nrf_gzll_set_max_tx_attempts) for nrf_gzll_set_max_tx_attempts
    main.o(i.main) refers to nrf_gzll.o(i.nrf_gzll_set_timeslots_per_channel) for nrf_gzll_set_timeslots_per_channel
    main.o(i.main) refers to nrf_gzll.o(i.nrf_gzll_set_channel_table) for nrf_gzll_set_channel_table
    main.o(i.main) refers to nrf_gzll.o(i.nrf_gzll_set_datarate) for nrf_gzll_set_datarate
    main.o(i.main) refers to nrf_gzll.o(i.nrf_gzll_set_timeslot_period) for nrf_gzll_set_timeslot_period
    main.o(i.main) refers to nrf_gzll.o(i.nrf_gzll_set_base_address_0) for nrf_gzll_set_base_address_0
    main.o(i.main) refers to nrf_gzll.o(i.nrf_gzll_set_base_address_1) for nrf_gzll_set_base_address_1
    main.o(i.main) refers to nrf_log_frontend.o(i.nrf_log_frontend_std_0) for nrf_log_frontend_std_0
    main.o(i.main) refers to nrf_gzll.o(i.nrf_gzll_enable) for nrf_gzll_enable
    main.o(i.main) refers to main.o(i.lfclk_config) for lfclk_config
    main.o(i.main) refers to main.o(i.rtc_config) for rtc_config
    main.o(i.main) refers to main.o(i.gpio_config) for gpio_config
    main.o(i.main) refers to nrf_log_frontend.o(i.nrf_log_frontend_dequeue) for nrf_log_frontend_dequeue
    main.o(i.main) refers to uidiv.o(.text) for __aeabi_uidivmod
    main.o(i.main) refers to main.o(.data) for channelC
    main.o(i.nrf_gpio_cfg_output) refers to main.o(i.nrf_gpio_cfg) for nrf_gpio_cfg
    main.o(i.read_keys) refers to main.o(i.nrf_gpio_pin_set) for nrf_gpio_pin_set
    main.o(i.read_keys) refers to main.o(i.nrf_gpio_pin_clear) for nrf_gpio_pin_clear
    main.o(i.read_keys) refers to main.o(.constdata) for COL_PINS
    main.o(i.read_keys) refers to main.o(.data) for rows
    main.o(i.rtc_config) refers to nrf_drv_rtc.o(i.nrf_drv_rtc_init) for nrf_drv_rtc_init
    main.o(i.rtc_config) refers to nrf_drv_rtc.o(i.nrf_drv_rtc_tick_enable) for nrf_drv_rtc_tick_enable
    main.o(i.rtc_config) refers to nrf_drv_rtc.o(i.nrf_drv_rtc_enable) for nrf_drv_rtc_enable
    main.o(i.rtc_config) refers to main.o(.constdata) for .constdata
    main.o(i.rtc_config) refers to main.o(i.tick) for tick
    main.o(i.tick) refers to main.o(i.read_keys) for read_keys
    main.o(i.tick) refers to major.o(i.check_predef_action) for check_predef_action
    main.o(i.tick) refers to main.o(i.handle_inactivity) for handle_inactivity
    main.o(i.tick) refers to major.o(i.handle_send) for handle_send
    major.o(i.check_addr) refers to uidiv.o(.text) for __aeabi_uidivmod
    major.o(i.check_addr) refers to nrf_log_frontend.o(i.nrf_log_frontend_std_2) for nrf_log_frontend_std_2
    major.o(i.check_addr) refers to nrf_log_frontend.o(i.nrf_log_frontend_dequeue) for nrf_log_frontend_dequeue
    major.o(i.check_addr) refers to eeprom.o(i.eeprom_write) for eeprom_write
    major.o(i.check_addr) refers to major.o(i.__NVIC_SystemReset) for __NVIC_SystemReset
    major.o(i.check_addr) refers to main.o(.data) for channelC
    major.o(i.check_addr) refers to major.o(.conststring) for .conststring
[...]
    i.nrf_log_frontend_std_1                 0x0001f670   Section        0  nrf_log_frontend.o(i.nrf_log_frontend_std_1)
    i.nrf_log_frontend_std_2                 0x0001f708   Section        0  nrf_log_frontend.o(i.nrf_log_frontend_std_2)
    i.nrf_log_handlers_set                   0x0001f7b4   Section        0  nrf_log_frontend.o(i.nrf_log_handlers_set)
    i.nrf_log_init                           0x0001f7c0   Section        0  nrf_log_frontend.o(i.nrf_log_init)
    i.nrf_nm_add                             0x0001f7ec   Section        0  nrf_notification_manager.o(i.nrf_nm_add)
    i.nrf_nm_get_remaining_space_in_notification_queue 0x0001f864   Section        0  nrf_notification_manager.o(i.nrf_nm_get_remaining_space_in_notification_queue)
    i.nrf_nm_init                            0x0001f874   Section        0  nrf_notification_manager.o(i.nrf_nm_init)
    i.nrf_pm_end_prx                         0x0001f8a8   Section        0  nrf_packet_manager.o(i.nrf_pm_end_prx)
    i.nrf_pm_end_ptx                         0x0001fa3c   Section        0  nrf_packet_manager.o(i.nrf_pm_end_ptx)
    i.nrf_pm_free_packet                     0x0001fb18   Section        0  nrf_packet_manager.o(i.nrf_pm_free_packet)
    i.nrf_pm_get_available_fifo_packets      0x0001fb20   Section        0  nrf_packet_manager.o(i.nrf_pm_get_available_fifo_packets)
    i.nrf_pm_get_current_ptx_ack_ptr         0x0001fb28   Section        0  nrf_packet_manager.o(i.nrf_pm_get_current_ptx_ack_ptr)
    i.nrf_pm_get_current_ptx_packet          0x0001fb34   Section        0  nrf_packet_manager.o(i.nrf_pm_get_current_ptx_packet)
    i.nrf_pm_get_current_ptx_pipe            0x0001fb40   Section        0  nrf_packet_manager.o(i.nrf_pm_get_current_ptx_pipe)
    i.nrf_pm_get_rx_fifo_status              0x0001fb4c   Section        0  nrf_packet_manager.o(i.nrf_pm_get_rx_fifo_status)
    i.nrf_pm_get_state                       0x0001fb58   Section        0  nrf_packet_manager.o(i.nrf_pm_get_state)
    i.nrf_pm_get_tx_fifo_status              0x0001fb64   Section        0  nrf_packet_manager.o(i.nrf_pm_get_tx_fifo_status)
    i.nrf_pm_init                            0x0001fb6c   Section        0  nrf_packet_manager.o(i.nrf_pm_init)
    i.nrf_pm_pop_rx_fifo                     0x0001fbd8   Section        0  nrf_packet_manager.o(i.nrf_pm_pop_rx_fifo)
    i.nrf_pm_put_tx_fifo                     0x0001fbe2   Section        0  nrf_packet_manager.o(i.nrf_pm_put_tx_fifo)
    i.nrf_pm_read_rx_fifo                    0x0001fc08   Section        0  nrf_packet_manager.o(i.nrf_pm_read_rx_fifo)
    i.nrf_pm_reserve_packet                  0x0001fc12   Section        0  nrf_packet_manager.o(i.nrf_pm_reserve_packet)
    i.nrf_pm_search_for_ptx_pipe_to_service  0x0001fc1c   Section        0  nrf_packet_manager.o(i.nrf_pm_search_for_ptx_pipe_to_service)
    i.nrf_pm_set_dyn_ack_status              0x0001fc64   Section        0  nrf_packet_manager.o(i.nrf_pm_set_dyn_ack_status)
    i.nrf_pm_start_prx                       0x0001fc70   Section        0  nrf_packet_manager.o(i.nrf_pm_start_prx)
    i.nrf_pm_start_ptx                       0x0001fcb8   Section        0  nrf_packet_manager.o(i.nrf_pm_start_ptx)
    i.nrf_pm_there_is_ptx_packet_to_be_serviced 0x0001fd68   Section        0  nrf_packet_manager.o(i.nrf_pm_there_is_ptx_packet_to_be_serviced)
    i.nrf_rtc_event_clear                    0x0001fd74   Section        0  nrf_drv_rtc.o(i.nrf_rtc_event_clear)
    nrf_rtc_event_clear                      0x0001fd75   Thumb Code     6  nrf_drv_rtc.o(i.nrf_rtc_event_clear)
    i.nrf_rtc_event_disable                  0x0001fd7a   Section        0  nrf_drv_rtc.o(i.nrf_rtc_event_disable)
    nrf_rtc_event_disable                    0x0001fd7b   Thumb Code    10  nrf_drv_rtc.o(i.nrf_rtc_event_disable)
    i.nrf_rtc_event_enable                   0x0001fd84   Section        0  nrf_drv_rtc.o(i.nrf_rtc_event_enable)
    nrf_rtc_event_enable                     0x0001fd85   Thumb Code    10  nrf_drv_rtc.o(i.nrf_rtc_event_enable)
    i.nrf_rtc_event_pending                  0x0001fd8e   Section        0  nrf_drv_rtc.o(i.nrf_rtc_event_pending)
    nrf_rtc_event_pending                    0x0001fd8f   Thumb Code     6  nrf_drv_rtc.o(i.nrf_rtc_event_pending)
    i.nrf_rtc_int_disable                    0x0001fd94   Section        0  nrf_drv_rtc.o(i.nrf_rtc_int_disable)
    nrf_rtc_int_disable                      0x0001fd95   Thumb Code    10  nrf_drv_rtc.o(i.nrf_rtc_int_disable)
    i.nrf_rtc_int_enable                     0x0001fd9e   Section        0  nrf_drv_rtc.o(i.nrf_rtc_int_enable)
    nrf_rtc_int_enable                       0x0001fd9f   Thumb Code    10  nrf_drv_rtc.o(i.nrf_rtc_int_enable)
    i.nrf_rtc_int_is_enabled                 0x0001fda8   Section        0  nrf_drv_rtc.o(i.nrf_rtc_int_is_enabled)
    nrf_rtc_int_is_enabled                   0x0001fda9   Thumb Code    14  nrf_drv_rtc.o(i.nrf_rtc_int_is_enabled)
    i.nrf_rtc_task_trigger                   0x0001fdb6   Section        0  nrf_drv_rtc.o(i.nrf_rtc_task_trigger)
    nrf_rtc_task_trigger                     0x0001fdb7   Thumb Code     6  nrf_drv_rtc.o(i.nrf_rtc_task_trigger)
    i.nrf_sm_execute                         0x0001fdbc   Section        0  nrf_state_machine.o(i.nrf_sm_execute)
    i.nrf_sm_get_current_state               0x0001fdd8   Section        0  nrf_state_machine.o(i.nrf_sm_get_current_state)
    i.nrf_sm_get_next_state                  0x0001fde4   Section        0  nrf_state_machine.o(i.nrf_sm_get_next_state)
    i.nrf_sm_init                            0x0001fdf0   Section        0  nrf_state_machine.o(i.nrf_sm_init)
    i.nrf_sm_set_next_state                  0x0001fe00   Section        0  nrf_state_machine.o(i.nrf_sm_set_next_state)
    i.nrf_uart_errorsrc_get_and_clear        0x0001fe1c   Section        0  nrf_drv_uart.o(i.nrf_uart_errorsrc_get_and_clear)
    nrf_uart_errorsrc_get_and_clear          0x0001fe1d   Thumb Code    20  nrf_drv_uart.o(i.nrf_uart_errorsrc_get_and_clear)
    i.nrf_uart_event_check                   0x0001fe30   Section        0  nrf_drv_uart.o(i.nrf_uart_event_check)
    nrf_uart_event_check                     0x0001fe31   Thumb Code    16  nrf_drv_uart.o(i.nrf_uart_event_check)
    i.nrf_uart_event_clear                   0x0001fe40   Section        0  nrf_drv_uart.o(i.nrf_uart_event_clear)
    nrf_uart_event_clear                     0x0001fe41   Thumb Code     6  nrf_drv_uart.o(i.nrf_uart_event_clear)
    i.nrf_uart_int_disable                   0x0001fe46   Section        0  nrf_drv_uart.o(i.nrf_uart_int_disable)
    nrf_uart_int_disable                     0x0001fe47   Thumb Code    10  nrf_drv_uart.o(i.nrf_uart_int_disable)
    i.nrf_uart_int_enable_check              0x0001fe50   Section        0  nrf_drv_uart.o(i.nrf_uart_int_enable_check)
    nrf_uart_int_enable_check                0x0001fe51   Thumb Code    24  nrf_drv_uart.o(i.nrf_uart_int_enable_check)
    i.nrf_uart_task_trigger                  0x0001fe68   Section        0  nrf_drv_uart.o(i.nrf_uart_task_trigger)
    nrf_uart_task_trigger                    0x0001fe69   Thumb Code     6  nrf_drv_uart.o(i.nrf_uart_task_trigger)
    i.print_bits_raw                         0x0001fe70   Section        0  major.o(i.print_bits_raw)
    i.qf_enter_dfu                           0x0001feb0   Section        0  major.o(i.qf_enter_dfu)
    i.read_keys                              0x0001fef0   Section        0  main.o(i.read_keys)
    read_keys                                0x0001fef1   Thumb Code    78  main.o(i.read_keys)
    i.rtc_config                             0x0001ff4c   Section        0  main.o(i.rtc_config)
    rtc_config                               0x0001ff4d   Thumb Code    40  main.o(i.rtc_config)
    i.rx_byte                                0x0001ff80   Section        0  nrf_drv_uart.o(i.rx_byte)
    rx_byte                                  0x0001ff81   Thumb Code    72  nrf_drv_uart.o(i.rx_byte)
    i.rx_done_event                          0x0001ffc8   Section        0  nrf_drv_uart.o(i.rx_done_event)
    rx_done_event                            0x0001ffc9   Thumb Code    28  nrf_drv_uart.o(i.rx_done_event)
    i.serial_is_busy                         0x0001ffe4   Section        0  nrf_log_backend_serial.o(i.serial_is_busy)
    serial_is_busy                           0x0001ffe5   Thumb Code     4  nrf_log_backend_serial.o(i.serial_is_busy)
    i.serial_tx                              0x0001ffe8   Section        0  nrf_log_backend_serial.o(i.serial_tx)
    serial_tx                                0x0001ffe9   Thumb Code    72  nrf_log_backend_serial.o(i.serial_tx)
    i.sm_start                               0x00020030   Section        0  nrf_impala.o(i.sm_start)
    sm_start                                 0x00020031   Thumb Code    78  nrf_impala.o(i.sm_start)
    i.softdevice_handler_is_enabled          0x00020094   Section        0  softdevice_handler.o(i.softdevice_handler_is_enabled)
    i.tick                                   0x000200a0   Section        0  main.o(i.tick)
    i.timestamp_process                      0x000200c4   Section        0  nrf_log_backend_serial.o(i.timestamp_process)
    timestamp_process                        0x000200c5   Thumb Code    54  nrf_log_backend_serial.o(i.timestamp_process)
    i.tx_byte                                0x00020104   Section        0  nrf_drv_uart.o(i.tx_byte)
    tx_byte                                  0x00020105   Thumb Code    42  nrf_drv_uart.o(i.tx_byte)
    i.tx_done_event                          0x0002012e   Section        0  nrf_drv_uart.o(i.tx_done_event)
    tx_done_event                            0x0002012f   Thumb Code    34  nrf_drv_uart.o(i.tx_done_event)
    i.uart_irq_handler                       0x00020150   Section        0  nrf_drv_uart.o(i.uart_irq_handler)
    uart_irq_handler                         0x00020151   Thumb Code   344  nrf_drv_uart.o(i.uart_irq_handler)
    i.update_mode                            0x000202a8   Section        0  nrf_impala.o(i.update_mode)
    update_mode                              0x000202a9   Thumb Code   240  nrf_impala.o(i.update_mode)
    .constdata                               0x000203b4   Section       42  main.o(.constdata)
    COL_PINS                                 0x000203bc   Data          28  main.o(.constdata)
    .constdata                               0x000203e0   Section       71  nrf_drv_gpiote.o(.constdata)
    __func__                                 0x000203e4   Data          20  nrf_drv_gpiote.o(.constdata)
    __func__                                 0x000203f8   Data          24  nrf_drv_gpiote.o(.constdata)
    __func__                                 0x00020410   Data          23  nrf_drv_gpiote.o(.constdata)
    .constdata                               0x00020428   Section       36  nrf_log_frontend.o(.constdata)
    .constdata                               0x0002044c   Section       48  nrf_link_core.o(.constdata)
    operation_params                         0x0002044c   Data          48  nrf_link_core.o(.constdata)
    .constdata                               0x0002047c   Section      129  ctype_o.o(.constdata)
    .constdata                               0x00020500   Section        4  ctype_o.o(.constdata)
    table                                    0x00020500   Data           4  ctype_o.o(.constdata)
    .conststring                             0x00020504   Section       68  major.o(.conststring)
    .conststring                             0x00020548   Section       71  eeprom.o(.conststring)
    .conststring                             0x00020590   Section       11  nrf_log_frontend.o(.conststring)
    .conststring                             0x0002059c   Section       77  softdevice_handler.o(.conststring)
    .data                                    0x20001fe8   Section       60  main.o(.data)
    channel_table                            0x20001fe8   Data           3  main.o(.data)
    inactivity_ticks                         0x20002020   Data           4  main.o(.data)
    .data                                    0x20002024   Section       48  major.o(.data)
    keys_snapshot                            0x2000204c   Data           4  major.o(.data)
    debounce_ticks                           0x20002050   Data           4  major.o(.data)
    .data                                    0x20002054   Section       12  eeprom.o(.data)
    .data                                    0x20002060   Section        7  nrf_drv_rtc.o(.data)
    m_handlers                               0x20002060   Data           4  nrf_drv_rtc.o(.data)
    m_cb                                     0x20002064   Data           3  nrf_drv_rtc.o(.data)
    .data                                    0x20002068   Section       12  app_util_platform.o(.data)
    m_in_critical_region                     0x20002070   Data           4  app_util_platform.o(.data)
    .data                                    0x20002074   Section        2  nrf_log_backend_serial.o(.data)
    m_initialized                            0x20002074   Data           1  nrf_log_backend_serial.o(.data)
    m_blocking_mode                          0x20002075   Data           1  nrf_log_backend_serial.o(.data)
    .data                                    0x20002078   Section        4  nrf_log_frontend.o(.data)
    m_overflow_info                          0x20002078   Data           4  nrf_log_frontend.o(.data)
    .data                                    0x2000207c   Section       24  softdevice_handler.o(.data)
    m_evt_schedule_func                      0x2000207c   Data           4  softdevice_handler.o(.data)
    m_softdevice_enabled                     0x20002080   Data           1  softdevice_handler.o(.data)
    m_suspended                              0x20002081   Data           1  softdevice_handler.o(.data)
    mp_ble_evt_buffer                        0x20002084   Data           4  softdevice_handler.o(.data)
    m_ble_evt_buffer_size                    0x20002088   Data           2  softdevice_handler.o(.data)
    m_ble_evt_handler                        0x2000208c   Data           4  softdevice_handler.o(.data)
    m_sys_evt_handler                        0x20002090   Data           4  softdevice_handler.o(.data)
    .data                                    0x20002094   Section        4  system_nrf51.o(.data)
    __tagsym$$used                           0x20002094   Number         0  system_nrf51.o(.data)
    .data                                    0x20002098   Section       32  nrf_gzll.o(.data)
    channel_table_size                       0x2000209c   Data           4  nrf_gzll.o(.data)
    impl_status                              0x200020a0   Data           4  nrf_gzll.o(.data)
    nrf_gzll_internal_debug_code             0x200020a4   Data           4  nrf_gzll.o(.data)
    channel_table                            0x200020a8   Data          16  nrf_gzll.o(.data)
    .data                                    0x200020b8   Section        8  nrf_impala.o(.data)
    lcore_status                             0x200020bc   Data           4  nrf_impala.o(.data)
    .data                                    0x200020c0   Section       12  nrf_channel_manager.o(.data)
    config                                   0x200020c0   Data           4  nrf_channel_manager.o(.data)
    status                                   0x200020c4   Data           8  nrf_channel_manager.o(.data)
    .data                                    0x200020cc   Section        8  nrf_flywheel.o(.data)
    task_is_delayed                          0x200020cd   Data           1  nrf_flywheel.o(.data)
    waiting_on_handler                       0x200020ce   Data           1  nrf_flywheel.o(.data)
    pending_cb                               0x200020d0   Data           4  nrf_flywheel.o(.data)
    .data                                    0x200020d4   Section        4  nrf_link_core.o(.data)
    nrf_lcore_config                         0x200020d4   Data           4  nrf_link_core.o(.data)
    .data                                    0x200020d8   Section        8  nrf_packet_manager.o(.data)
    .data                                    0x200020e0   Section       12  nrf_state_machine.o(.data)
    .data                                    0x200020ec   Section        4  nrf_fifo.o(.data)
    .bss                                     0x200020f0   Section       32  receiver_cb.o(.bss)
    ack_payload                              0x200020f0   Data          32  receiver_cb.o(.bss)
    .bss                                     0x20002110   Section       20  nrf_drv_clock.o(.bss)
    m_clock_cb                               0x20002110   Data          20  nrf_drv_clock.o(.bss)
    .bss                                     0x20002124   Section       72  nrf_drv_gpiote.o(.bss)
    m_cb                                     0x20002124   Data          72  nrf_drv_gpiote.o(.bss)
    .bss                                     0x2000216c   Section       28  nrf_drv_uart.o(.bss)
    m_cb                                     0x2000216c   Data          28  nrf_drv_uart.o(.bss)
    .bss                                     0x20002188   Section     1048  nrf_log_frontend.o(.bss)
    m_log_data                               0x20002188   Data        1048  nrf_log_frontend.o(.bss)
    .bss                                     0x200025a0   Section      648  segger_rtt.o(.bss)
    _acUpBuffer                              0x200025a0   Data         512  segger_rtt.o(.bss)
    _acDownBuffer                            0x200027a0   Data          16  segger_rtt.o(.bss)
    .bss                                     0x20002828   Section       12  nrf_gzll.o(.bss)
    status                                   0x20002828   Data          12  nrf_gzll.o(.bss)
    .bss                                     0x20002834   Section      116  nrf_impala.o(.bss)
    chm_config                               0x2000289c   Data          12  nrf_impala.o(.bss)
    .bss                                     0x200028a8   Section       36  nrf_link_core.o(.bss)
    .bss                                     0x200028cc   Section      136  nrf_notification_manager.o(.bss)
    .bss                                     0x20002954   Section      148  nrf_packet_manager.o(.bss)
    .bss                                     0x200029e8   Section      468  nrf_fifo.o(.bss)
    STACK                                    0x20002bc0   Section     2048  arm_startup_nrf51.o(STACK)

    Global Symbols

    Symbol Name                              Value     Ov Type        Size  Object(Section)

    BuildAttributes$$THM_ISAv3M$S$PE$A:L22$X:L11$S22$IEEE1$IW$USESV6$~STKCKD$USESV7$~SHL$OTIME$ROPI$EBA8$MICROLIB$REQ8$PRES8$EABIv2 0x00000000   Number         0  anon$$obj.o ABSOLUTE
    __ARM_use_no_argv                        0x00000000   Number         0  main.o ABSOLUTE
    _printf_a                                0x00000000   Number         0  stubs.o ABSOLUTE
    _printf_c                                0x00000000   Number         0  stubs.o ABSOLUTE
    _printf_charcount                        0x00000000   Number         0  stubs.o ABSOLUTE
    _printf_d                                0x00000000   Number         0  stubs.o ABSOLUTE
    _printf_e                                0x00000000   Number         0  stubs.o ABSOLUTE
    _printf_f                                0x00000000   Number         0  stubs.o ABSOLUTE
    _printf_flags                            0x00000000   Number         0  stubs.o ABSOLUTE
    _printf_fp_dec                           0x00000000   Number         0  stubs.o ABSOLUTE
    _printf_fp_hex                           0x00000000   Number         0  stubs.o ABSOLUTE
    _printf_g                                0x00000000   Number         0  stubs.o ABSOLUTE
    _printf_i                                0x00000000   Number         0  stubs.o ABSOLUTE
    _printf_int_dec                          0x00000000   Number         0  stubs.o ABSOLUTE
    _printf_l                                0x00000000   Number         0  stubs.o ABSOLUTE
    _printf_lc                               0x00000000   Number         0  stubs.o ABSOLUTE
    _printf_ll                               0x00000000   Number         0  stubs.o ABSOLUTE
    _printf_lld                              0x00000000   Number         0  stubs.o ABSOLUTE
    _printf_lli                              0x00000000   Number         0  stubs.o ABSOLUTE
    _printf_llo                              0x00000000   Number         0  stubs.o ABSOLUTE
    _printf_llu                              0x00000000   Number         0  stubs.o ABSOLUTE
    _printf_llx                              0x00000000   Number         0  stubs.o ABSOLUTE
    _printf_longlong_dec                     0x00000000   Number         0  stubs.o ABSOLUTE
    _printf_longlong_hex                     0x00000000   Number         0  stubs.o ABSOLUTE
    _printf_longlong_oct                     0x00000000   Number         0  stubs.o ABSOLUTE
    _printf_ls                               0x00000000   Number         0  stubs.o ABSOLUTE
    _printf_mbtowc                           0x00000000   Number         0  stubs.o ABSOLUTE
    _printf_n                                0x00000000   Number         0  stubs.o ABSOLUTE
    _printf_o                                0x00000000   Number         0  stubs.o ABSOLUTE
    _printf_p                                0x00000000   Number         0  stubs.o ABSOLUTE
    _printf_percent                          0x00000000   Number         0  stubs.o ABSOLUTE
    _printf_pre_padding                      0x00000000   Number         0  stubs.o ABSOLUTE
    _printf_return_value                     0x00000000   Number         0  stubs.o ABSOLUTE
    _printf_s                                0x00000000   Number         0  stubs.o ABSOLUTE
    _printf_sizespec                         0x00000000   Number         0  stubs.o ABSOLUTE
    _printf_str                              0x00000000   Number         0  stubs.o ABSOLUTE
    _printf_truncate_signed                  0x00000000   Number         0  stubs.o ABSOLUTE
    _printf_truncate_unsigned                0x00000000   Number         0  stubs.o ABSOLUTE
    _printf_u                                0x00000000   Number         0  stubs.o ABSOLUTE
    _printf_wc                               0x00000000   Number         0  stubs.o ABSOLUTE
    _printf_wctomb                           0x00000000   Number         0  stubs.o ABSOLUTE
    _printf_widthprec                        0x00000000   Number         0  stubs.o ABSOLUTE
    _printf_x                                0x00000000   Number         0  stubs.o ABSOLUTE
    __cpp_initialize__aeabi_                  - Undefined Weak Reference
    __cxa_finalize                            - Undefined Weak Reference
    __decompress                              - Undefined Weak Reference
    _clock_init                               - Undefined Weak Reference
    _microlib_exit                            - Undefined Weak Reference
    __Vectors_Size                           0x000000c0   Number         0  arm_startup_nrf51.o ABSOLUTE
    __Vectors                                0x0001b000   Data           4  arm_startup_nrf51.o(RESET)
    __Vectors_End                            0x0001b0c0   Data           0  arm_startup_nrf51.o(RESET)
    __main                                   0x0001b0c1   Thumb Code     0  entry.o(.ARM.Collect$$$$00000000)
    _main_stk                                0x0001b0c1   Thumb Code     0  entry2.o(.ARM.Collect$$$$00000001)
    _main_scatterload                        0x0001b0c5   Thumb Code     0  entry5.o(.ARM.Collect$$$$00000004)
    __main_after_scatterload                 0x0001b0c9   Thumb Code     0  entry5.o(.ARM.Collect$$$$00000004)
    _main_clock                              0x0001b0c9   Thumb Code     0  entry7b.o(.ARM.Collect$$$$00000008)
    _main_cpp_init                           0x0001b0c9   Thumb Code     0  entry8b.o(.ARM.Collect$$$$0000000A)
    _main_init                               0x0001b0c9   Thumb Code     0  entry9a.o(.ARM.Collect$$$$0000000B)
    __rt_final_cpp                           0x0001b0d1   Thumb Code     0  entry10a.o(.ARM.Collect$$$$0000000D)
    __rt_final_exit                          0x0001b0d1   Thumb Code     0  entry11a.o(.ARM.Collect$$$$0000000F)
    __asm___15_nrf_link_core_c_b93f5dba__nrf_delay_us 0x0001b0d5   Thumb Code    30  nrf_link_core.o(.emb_text)
    Reset_Handler                            0x0001b0f5   Thumb Code    26  arm_startup_nrf51.o(.text)
    NMI_Handler                              0x0001b10f   Thumb Code     2  arm_startup_nrf51.o(.text)
    HardFault_Handler                        0x0001b111   Thumb Code     2  arm_startup_nrf51.o(.text)
    SVC_Handler                              0x0001b113   Thumb Code     2  arm_startup_nrf51.o(.text)
    PendSV_Handler                           0x0001b115   Thumb Code     2  arm_startup_nrf51.o(.text)
    SysTick_Handler                          0x0001b117   Thumb Code     2  arm_startup_nrf51.o(.text)
    ADC_IRQHandler                           0x0001b119   Thumb Code     0  arm_startup_nrf51.o(.text)
    CCM_AAR_IRQHandler                       0x0001b119   Thumb Code     0  arm_startup_nrf51.o(.text)
    ECB_IRQHandler                           0x0001b119   Thumb Code     0  arm_startup_nrf51.o(.text)
    LPCOMP_IRQHandler                        0x0001b119   Thumb Code     0  arm_startup_nrf51.o(.text)
    QDEC_IRQHandler                          0x0001b119   Thumb Code     0  arm_startup_nrf51.o(.text)
    RNG_IRQHandler                           0x0001b119   Thumb Code     0  arm_startup_nrf51.o(.text)
    RTC0_IRQHandler                          0x0001b119   Thumb Code     0  arm_startup_nrf51.o(.text)
    SPI0_TWI0_IRQHandler                     0x0001b119   Thumb Code     0  arm_startup_nrf51.o(.text)
    SPI1_TWI1_IRQHandler                     0x0001b119   Thumb Code     0  arm_startup_nrf51.o(.text)
    SWI1_IRQHandler                          0x0001b119   Thumb Code     0  arm_startup_nrf51.o(.text)
    SWI3_IRQHandler                          0x0001b119   Thumb Code     0  arm_startup_nrf51.o(.text)
    SWI4_IRQHandler                          0x0001b119   Thumb Code     0  arm_startup_nrf51.o(.text)
    SWI5_IRQHandler                          0x0001b119   Thumb Code     0  arm_startup_nrf51.o(.text)
    TEMP_IRQHandler                          0x0001b119   Thumb Code     0  arm_startup_nrf51.o(.text)
    TIMER0_IRQHandler                        0x0001b119   Thumb Code     0  arm_startup_nrf51.o(.text)
    TIMER1_IRQHandler                        0x0001b119   Thumb Code     0  arm_startup_nrf51.o(.text)
    WDT_IRQHandler                           0x0001b119   Thumb Code     0  arm_startup_nrf51.o(.text)
    __aeabi_uidiv                            0x0001b12d   Thumb Code     0  uidiv.o(.text)
    __aeabi_uidivmod                         0x0001b12d   Thumb Code    44  uidiv.o(.text)
    __rt_ctype_table                         0x0001b159   Thumb Code     4  ctype_o.o(.text)
    __aeabi_memcpy                           0x0001b161   Thumb Code    36  memcpya.o(.text)
    __aeabi_memcpy4                          0x0001b161   Thumb Code     0  memcpya.o(.text)
    __aeabi_memcpy8                          0x0001b161   Thumb Code     0  memcpya.o(.text)
    __aeabi_memset                           0x0001b185   Thumb Code    14  memseta.o(.text)
    __aeabi_memset4                          0x0001b185   Thumb Code     0  memseta.o(.text)
    __aeabi_memset8                          0x0001b185   Thumb Code     0  memseta.o(.text)
    __aeabi_memclr                           0x0001b193   Thumb Code     4  memseta.o(.text)
    __aeabi_memclr4                          0x0001b193   Thumb Code     0  memseta.o(.text)
    __aeabi_memclr8                          0x0001b193   Thumb Code     0  memseta.o(.text)
    _memset$wrapper                          0x0001b197   Thumb Code    18  memseta.o(.text)
    strlen                                   0x0001b1a9   Thumb Code    14  strlen.o(.text)
    strcpy                                   0x0001b1b7   Thumb Code    18  strcpy.o(.text)
    __aeabi_uldivmod                         0x0001b1c9   Thumb Code    96  uldiv.o(.text)
    __scatterload                            0x0001b229   Thumb Code    28  init.o(.text)
    __scatterload_rt2                        0x0001b229   Thumb Code     0  init.o(.text)
    __aeabi_llsl                             0x0001b24d   Thumb Code    32  llshl.o(.text)
    _ll_shift_l                              0x0001b24d   Thumb Code     0  llshl.o(.text)
    __aeabi_llsr                             0x0001b26d   Thumb Code    34  llushr.o(.text)
    _ll_ushift_r                             0x0001b26d   Thumb Code     0  llushr.o(.text)
    GPIOTE_IRQHandler                        0x0001b291   Thumb Code   618  nrf_drv_gpiote.o(i.GPIOTE_IRQHandler)
    NRF_ASSERT_INTERNAL_parse_and_forward    0x0001b509   Thumb Code     8  nrf_assert_internal.o(i.NRF_ASSERT_INTERNAL_parse_and_forward)
    NRF_flw_prepare_call                     0x0001b511   Thumb Code   196  nrf_flywheel.o(i.NRF_flw_prepare_call)
    POWER_CLOCK_IRQHandler                   0x0001b605   Thumb Code    78  nrf_drv_clock.o(i.POWER_CLOCK_IRQHandler)
    RADIO_IRQHandler                         0x0001b659   Thumb Code   382  nrf_link_core.o(i.RADIO_IRQHandler)
    RTC1_IRQHandler                          0x0001b819   Thumb Code    14  nrf_drv_rtc.o(i.RTC1_IRQHandler)
    SEGGER_RTT_Init                          0x0001b82d   Thumb Code    20  segger_rtt.o(i.SEGGER_RTT_Init)
    SEGGER_RTT_WriteNoLock                   0x0001b845   Thumb Code   128  segger_rtt.o(i.SEGGER_RTT_WriteNoLock)
    SWI0_IRQHandler                          0x0001b8c9   Thumb Code   130  nrf_notification_manager.o(i.SWI0_IRQHandler)
    SWI2_IRQHandler                          0x0001b951   Thumb Code    52  softdevice_handler.o(i.SWI2_IRQHandler)
    SystemInit                               0x0001b98d   Thumb Code    76  system_nrf51.o(i.SystemInit)
    TIMER2_IRQHandler                        0x0001b9f1   Thumb Code    84  nrf_flywheel.o(i.TIMER2_IRQHandler)
    UART0_IRQHandler                         0x0001ba5d   Thumb Code    12  nrf_drv_uart.o(i.UART0_IRQHandler)
    __0snprintf$8                            0x0001bbc1   Thumb Code    46  printf8.o(i.__0snprintf$8)
    __1snprintf$8                            0x0001bbc1   Thumb Code     0  printf8.o(i.__0snprintf$8)
    __2snprintf                              0x0001bbc1   Thumb Code     0  printf8.o(i.__0snprintf$8)
    __ARM_common_switch8                     0x0001bbf5   Thumb Code    28  nrf_log_backend_serial.o(i.__ARM_common_switch8)
    __scatterload_copy                       0x0001bca5   Thumb Code    14  handlers.o(i.__scatterload_copy)
    __scatterload_null                       0x0001bcb3   Thumb Code     2  handlers.o(i.__scatterload_null)
    __scatterload_zeroinit                   0x0001bcb5   Thumb Code    14  handlers.o(i.__scatterload_zeroinit)
    app_error_fault_handler                  0x0001c15d   Thumb Code    24  main.o(i.app_error_fault_handler)
    app_error_handler                        0x0001c17d   Thumb Code    28  app_error.o(i.app_error_handler)
    app_util_critical_region_enter           0x0001c19d   Thumb Code    70  app_util_platform.o(i.app_util_critical_region_enter)
    app_util_critical_region_exit            0x0001c1f1   Thumb Code    56  app_util_platform.o(i.app_util_critical_region_exit)
    async_state_packet_received              0x0001c231   Thumb Code   296  nrf_impala.o(i.async_state_packet_received)
    async_state_rx_enabling                  0x0001c389   Thumb Code   120  nrf_impala.o(i.async_state_rx_enabling)
    async_state_tx_ack_complete              0x0001c425   Thumb Code    14  nrf_impala.o(i.async_state_tx_ack_complete)
    buffer_is_empty                          0x0001c4f1   Thumb Code    20  nrf_log_frontend.o(i.buffer_is_empty)
    check_addr                               0x0001c559   Thumb Code   164  major.o(i.check_addr)
    check_ota                                0x0001c645   Thumb Code   118  major.o(i.check_ota)
    check_predef_action                      0x0001c725   Thumb Code    28  major.o(i.check_predef_action)
    compare_keys                             0x0001c77d   Thumb Code    32  main.o(i.compare_keys)
    eeprom_read                              0x0001c8dd   Thumb Code   124  eeprom.o(i.eeprom_read)
    eeprom_write                             0x0001ca2d   Thumb Code    68  eeprom.o(i.eeprom_write)
    flash_page_erase                         0x0001cad1   Thumb Code    48  eeprom.o(i.flash_page_erase)
    flash_word_write                         0x0001cb09   Thumb Code    46  eeprom.o(i.flash_word_write)
    handle_send                              0x0001ccd1   Thumb Code   108  major.o(i.handle_send)
    intern_softdevice_events_execute         0x0001cd49   Thumb Code   188  softdevice_handler.o(i.intern_softdevice_events_execute)
    main                                     0x0001d2a5   Thumb Code   262  main.o(i.main)
    notification_cb                          0x0001d489   Thumb Code   222  nrf_gzll.o(i.notification_cb)
    nrf_assert_internal_callback             0x0001d57d   Thumb Code    10  nrf_gzll.o(i.nrf_assert_internal_callback)
    nrf_chm_execute_single_tick              0x0001d5a5   Thumb Code    38  nrf_channel_manager.o(i.nrf_chm_execute_single_tick)
    nrf_chm_get_current_channel              0x0001d5d5   Thumb Code    32  nrf_channel_manager.o(i.nrf_chm_get_current_channel)
    nrf_chm_get_current_channel_index        0x0001d601   Thumb Code     6  nrf_channel_manager.o(i.nrf_chm_get_current_channel_index)
    nrf_chm_get_current_timeslot             0x0001d60d   Thumb Code     6  nrf_channel_manager.o(i.nrf_chm_get_current_timeslot)
    nrf_chm_init                             0x0001d619   Thumb Code    26  nrf_channel_manager.o(i.nrf_chm_init)
    nrf_chm_set_current_channel_index        0x0001d641   Thumb Code    26  nrf_channel_manager.o(i.nrf_chm_set_current_channel_index)
    nrf_chm_set_current_timeslot             0x0001d669   Thumb Code    26  nrf_channel_manager.o(i.nrf_chm_set_current_timeslot)
    nrf_drv_clock_init                       0x0001d6d9   Thumb Code   100  nrf_drv_clock.o(i.nrf_drv_clock_init)
    nrf_drv_clock_lfclk_request              0x0001d749   Thumb Code   110  nrf_drv_clock.o(i.nrf_drv_clock_lfclk_request)
    nrf_drv_clock_on_soc_event               0x0001d7bd   Thumb Code    14  nrf_drv_clock.o(i.nrf_drv_clock_on_soc_event)
    nrf_drv_common_irq_enable                0x0001d7cd   Thumb Code    64  nrf_drv_common.o(i.nrf_drv_common_irq_enable)
    nrf_drv_rtc_disable                      0x0001d815   Thumb Code    26  nrf_drv_rtc.o(i.nrf_drv_rtc_disable)
    nrf_drv_rtc_enable                       0x0001d835   Thumb Code    26  nrf_drv_rtc.o(i.nrf_drv_rtc_enable)
    nrf_drv_rtc_init                         0x0001d855   Thumb Code   118  nrf_drv_rtc.o(i.nrf_drv_rtc_init)
    nrf_drv_rtc_tick_enable                  0x0001d99d   Thumb Code    42  nrf_drv_rtc.o(i.nrf_drv_rtc_tick_enable)
    nrf_fifo_free_packet                     0x0001d9c9   Thumb Code   110  nrf_fifo.o(i.nrf_fifo_free_packet)
    nrf_fifo_get_available_packet_count      0x0001da59   Thumb Code     6  nrf_fifo.o(i.nrf_fifo_get_available_packet_count)
    nrf_fifo_get_packet_count                0x0001da65   Thumb Code    24  nrf_fifo.o(i.nrf_fifo_get_packet_count)
    nrf_fifo_init                            0x0001da85   Thumb Code   132  nrf_fifo.o(i.nrf_fifo_init)
    nrf_fifo_pop_packet                      0x0001db19   Thumb Code    72  nrf_fifo.o(i.nrf_fifo_pop_packet)
    nrf_fifo_put_packet                      0x0001db6d   Thumb Code   140  nrf_fifo.o(i.nrf_fifo_put_packet)
    nrf_fifo_read_packet                     0x0001dc19   Thumb Code    48  nrf_fifo.o(i.nrf_fifo_read_packet)
    nrf_fifo_reserve_packet                  0x0001dc55   Thumb Code    92  nrf_fifo.o(i.nrf_fifo_reserve_packet)
    nrf_flw_get_ext_capture_task             0x0001dcc9   Thumb Code     4  nrf_flywheel.o(i.nrf_flw_get_ext_capture_task)
    nrf_flw_get_flw_call_event               0x0001dcd1   Thumb Code     4  nrf_flywheel.o(i.nrf_flw_get_flw_call_event)
    nrf_flw_get_runstate                     0x0001dcd9   Thumb Code     6  nrf_flywheel.o(i.nrf_flw_get_runstate)
    nrf_flw_init                             0x0001dce5   Thumb Code    72  nrf_flywheel.o(i.nrf_flw_init)
    nrf_flw_start                            0x0001dd55   Thumb Code    14  nrf_flywheel.o(i.nrf_flw_start)
    nrf_flw_stop                             0x0001dd6d   Thumb Code    32  nrf_flywheel.o(i.nrf_flw_stop)
    nrf_flw_task_is_delayed                  0x0001dd99   Thumb Code     6  nrf_flywheel.o(i.nrf_flw_task_is_delayed)
    nrf_gzll_add_packet_to_tx_fifo           0x0001debd   Thumb Code   170  nrf_gzll.o(i.nrf_gzll_add_packet_to_tx_fifo)
    nrf_gzll_device_tx_failed                0x0001df71   Thumb Code     2  receiver_cb.o(i.nrf_gzll_device_tx_failed)
    nrf_gzll_device_tx_success               0x0001df75   Thumb Code    30  receiver_cb.o(i.nrf_gzll_device_tx_success)
    nrf_gzll_disabled                        0x0001df99   Thumb Code     2  receiver_cb.o(i.nrf_gzll_disabled)
    nrf_gzll_enable                          0x0001df9d   Thumb Code    26  nrf_gzll.o(i.nrf_gzll_enable)
    nrf_gzll_fetch_packet_from_rx_fifo       0x0001dfbd   Thumb Code   110  nrf_gzll.o(i.nrf_gzll_fetch_packet_from_rx_fifo)
    nrf_gzll_host_rx_data_ready              0x0001e035   Thumb Code     2  receiver_cb.o(i.nrf_gzll_host_rx_data_ready)
    nrf_gzll_init                            0x0001e039   Thumb Code   278  nrf_gzll.o(i.nrf_gzll_init)
    nrf_gzll_mode_changed                    0x0001e161   Thumb Code     2  nrf_gzll.o(i.nrf_gzll_mode_changed)
    nrf_gzll_set_base_address_0              0x0001e165   Thumb Code    28  nrf_gzll.o(i.nrf_gzll_set_base_address_0)
    nrf_gzll_set_base_address_1              0x0001e185   Thumb Code    28  nrf_gzll.o(i.nrf_gzll_set_base_address_1)
    nrf_gzll_set_channel_table               0x0001e1a5   Thumb Code    72  nrf_gzll.o(i.nrf_gzll_set_channel_table)
    nrf_gzll_set_datarate                    0x0001e1f5   Thumb Code    56  nrf_gzll.o(i.nrf_gzll_set_datarate)
    nrf_gzll_set_max_tx_attempts             0x0001e231   Thumb Code    28  nrf_gzll.o(i.nrf_gzll_set_max_tx_attempts)
    nrf_gzll_set_timeslot_period             0x0001e251   Thumb Code    28  nrf_gzll.o(i.nrf_gzll_set_timeslot_period)
    nrf_gzll_set_timeslots_per_channel       0x0001e271   Thumb Code    28  nrf_gzll.o(i.nrf_gzll_set_timeslots_per_channel)
    nrf_impl_disable                         0x0001e291   Thumb Code    38  nrf_impala.o(i.nrf_impl_disable)
    nrf_impl_enable                          0x0001e2bd   Thumb Code    70  nrf_impala.o(i.nrf_impl_enable)
    nrf_impl_enable_rssi                     0x0001e319   Thumb Code    24  nrf_impala.o(i.nrf_impl_enable_rssi)
    nrf_impl_free_packet                     0x0001e33d   Thumb Code    20  nrf_impala.o(i.nrf_impl_free_packet)
    nrf_impl_get_available_fifo_packets      0x0001e351   Thumb Code     8  nrf_impala.o(i.nrf_impl_get_available_fifo_packets)
    nrf_impl_get_rx_fifo_status              0x0001e359   Thumb Code     8  nrf_impala.o(i.nrf_impl_get_rx_fifo_status)
    nrf_impl_get_tx_fifo_status              0x0001e361   Thumb Code     8  nrf_impala.o(i.nrf_impl_get_tx_fifo_status)
    nrf_impl_init                            0x0001e369   Thumb Code   346  nrf_impala.o(i.nrf_impl_init)
    nrf_impl_is_disabled                     0x0001e4f5   Thumb Code    16  nrf_impala.o(i.nrf_impl_is_disabled)
    nrf_impl_pop_rx_fifo                     0x0001e509   Thumb Code    20  nrf_impala.o(i.nrf_impl_pop_rx_fifo)
    nrf_impl_put_tx_fifo                     0x0001e51d   Thumb Code    52  nrf_impala.o(i.nrf_impl_put_tx_fifo)
    nrf_impl_read_rx_fifo                    0x0001e555   Thumb Code     8  nrf_impala.o(i.nrf_impl_read_rx_fifo)
    nrf_impl_reserve_packet                  0x0001e55d   Thumb Code    20  nrf_impala.o(i.nrf_impl_reserve_packet)
    nrf_impl_set_base_address_length         0x0001e571   Thumb Code    22  nrf_impala.o(i.nrf_impl_set_base_address_length)
    nrf_impl_set_channel_selection_policy    0x0001e591   Thumb Code     6  nrf_impala.o(i.nrf_impl_set_channel_selection_policy)
    nrf_impl_set_channel_table               0x0001e59d   Thumb Code    38  nrf_impala.o(i.nrf_impl_set_channel_table)
    nrf_impl_set_datarate                    0x0001e5d1   Thumb Code    94  nrf_impala.o(i.nrf_impl_set_datarate)
    nrf_impl_set_max_allowed_tx_attempts     0x0001e665   Thumb Code     6  nrf_impala.o(i.nrf_impl_set_max_allowed_tx_attempts)
    nrf_impl_set_mode                        0x0001e671   Thumb Code    42  nrf_impala.o(i.nrf_impl_set_mode)
    nrf_impl_set_pipe_0_base_address         0x0001e6a1   Thumb Code    98  nrf_impala.o(i.nrf_impl_set_pipe_0_base_address)
    nrf_impl_set_pipes_1_to_7_base_address   0x0001e70d   Thumb Code    98  nrf_impala.o(i.nrf_impl_set_pipes_1_to_7_base_address)
    nrf_impl_set_timeslot_period             0x0001e779   Thumb Code     6  nrf_impala.o(i.nrf_impl_set_timeslot_period)
    nrf_impl_set_timeslots_per_channel_when_in_sync 0x0001e785   Thumb Code    36  nrf_impala.o(i.nrf_impl_set_timeslots_per_channel_when_in_sync)
    nrf_impl_set_tx_power                    0x0001e7b5   Thumb Code    10  nrf_impala.o(i.nrf_impl_set_tx_power)
    nrf_impl_set_xosc_ctl                    0x0001e7c9   Thumb Code     6  nrf_impala.o(i.nrf_impl_set_xosc_ctl)
    nrf_impl_state_fun_device_send_packet    0x0001e7d5   Thumb Code    74  nrf_impala.o(i.nrf_impl_state_fun_device_send_packet)
    nrf_impl_state_fun_timeslot_start        0x0001e839   Thumb Code  1200  nrf_impala.o(i.nrf_impl_state_fun_timeslot_start)
    nrf_lcore_force_disable                  0x0001ecf9   Thumb Code   114  nrf_link_core.o(i.nrf_lcore_force_disable)
    nrf_lcore_init                           0x0001ee9d   Thumb Code    54  nrf_link_core.o(i.nrf_lcore_init)
    nrf_lcore_prepare_operation              0x0001eef1   Thumb Code   176  nrf_link_core.o(i.nrf_lcore_prepare_operation)
    nrf_lcore_rx_address_match               0x0001efd5   Thumb Code    12  nrf_link_core.o(i.nrf_lcore_rx_address_match)
    nrf_lcore_start_operation                0x0001efe5   Thumb Code   122  nrf_link_core.o(i.nrf_lcore_start_operation)
    nrf_log_backend_hexdump_handler_get      0x0001f089   Thumb Code     4  nrf_log_backend_serial.o(i.nrf_log_backend_hexdump_handler_get)
    nrf_log_backend_init                     0x0001f091   Thumb Code    42  nrf_log_backend_serial.o(i.nrf_log_backend_init)
    nrf_log_backend_std_handler_get          0x0001f3b9   Thumb Code     4  nrf_log_backend_serial.o(i.nrf_log_backend_std_handler_get)
    nrf_log_frontend_dequeue                 0x0001f3c1   Thumb Code   506  nrf_log_frontend.o(i.nrf_log_frontend_dequeue)
    nrf_log_frontend_init                    0x0001f5c9   Thumb Code    30  nrf_log_frontend.o(i.nrf_log_frontend_init)
    nrf_log_frontend_std_0                   0x0001f5ed   Thumb Code   124  nrf_log_frontend.o(i.nrf_log_frontend_std_0)
    nrf_log_frontend_std_1                   0x0001f671   Thumb Code   142  nrf_log_frontend.o(i.nrf_log_frontend_std_1)
    nrf_log_frontend_std_2                   0x0001f709   Thumb Code   164  nrf_log_frontend.o(i.nrf_log_frontend_std_2)
    nrf_log_handlers_set                     0x0001f7b5   Thumb Code     8  nrf_log_frontend.o(i.nrf_log_handlers_set)
    nrf_log_init                             0x0001f7c1   Thumb Code    42  nrf_log_frontend.o(i.nrf_log_init)
    nrf_nm_add                               0x0001f7ed   Thumb Code   100  nrf_notification_manager.o(i.nrf_nm_add)
    nrf_nm_get_remaining_space_in_notification_queue 0x0001f865   Thumb Code    12  nrf_notification_manager.o(i.nrf_nm_get_remaining_space_in_notification_queue)
    nrf_nm_init                              0x0001f875   Thumb Code    36  nrf_notification_manager.o(i.nrf_nm_init)
    nrf_pm_end_prx                           0x0001f8a9   Thumb Code   364  nrf_packet_manager.o(i.nrf_pm_end_prx)
    nrf_pm_end_ptx                           0x0001fa3d   Thumb Code   182  nrf_packet_manager.o(i.nrf_pm_end_ptx)
    nrf_pm_free_packet                       0x0001fb19   Thumb Code     8  nrf_packet_manager.o(i.nrf_pm_free_packet)
    nrf_pm_get_available_fifo_packets        0x0001fb21   Thumb Code     8  nrf_packet_manager.o(i.nrf_pm_get_available_fifo_packets)
    nrf_pm_get_current_ptx_ack_ptr           0x0001fb29   Thumb Code     6  nrf_packet_manager.o(i.nrf_pm_get_current_ptx_ack_ptr)
    nrf_pm_get_current_ptx_packet            0x0001fb35   Thumb Code     6  nrf_packet_manager.o(i.nrf_pm_get_current_ptx_packet)
    nrf_pm_get_current_ptx_pipe              0x0001fb41   Thumb Code     6  nrf_packet_manager.o(i.nrf_pm_get_current_ptx_pipe)
    nrf_pm_get_rx_fifo_status                0x0001fb4d   Thumb Code    10  nrf_packet_manager.o(i.nrf_pm_get_rx_fifo_status)
    nrf_pm_get_state                         0x0001fb59   Thumb Code     6  nrf_packet_manager.o(i.nrf_pm_get_state)
    nrf_pm_get_tx_fifo_status                0x0001fb65   Thumb Code     8  nrf_packet_manager.o(i.nrf_pm_get_tx_fifo_status)
    nrf_pm_init                              0x0001fb6d   Thumb Code    90  nrf_packet_manager.o(i.nrf_pm_init)
    nrf_pm_pop_rx_fifo                       0x0001fbd9   Thumb Code    10  nrf_packet_manager.o(i.nrf_pm_pop_rx_fifo)
    nrf_pm_put_tx_fifo                       0x0001fbe3   Thumb Code    38  nrf_packet_manager.o(i.nrf_pm_put_tx_fifo)
    nrf_pm_read_rx_fifo                      0x0001fc09   Thumb Code    10  nrf_packet_manager.o(i.nrf_pm_read_rx_fifo)
    nrf_pm_reserve_packet                    0x0001fc13   Thumb Code     8  nrf_packet_manager.o(i.nrf_pm_reserve_packet)
    nrf_pm_search_for_ptx_pipe_to_service    0x0001fc1d   Thumb Code    64  nrf_packet_manager.o(i.nrf_pm_search_for_ptx_pipe_to_service)
    nrf_pm_set_dyn_ack_status                0x0001fc65   Thumb Code     6  nrf_packet_manager.o(i.nrf_pm_set_dyn_ack_status)
    nrf_pm_start_prx                         0x0001fc71   Thumb Code    62  nrf_packet_manager.o(i.nrf_pm_start_prx)
    nrf_pm_start_ptx                         0x0001fcb9   Thumb Code   156  nrf_packet_manager.o(i.nrf_pm_start_ptx)
    nrf_pm_there_is_ptx_packet_to_be_serviced 0x0001fd69   Thumb Code     6  nrf_packet_manager.o(i.nrf_pm_there_is_ptx_packet_to_be_serviced)
    nrf_sm_execute                           0x0001fdbd   Thumb Code    18  nrf_state_machine.o(i.nrf_sm_execute)
    nrf_sm_get_current_state                 0x0001fdd9   Thumb Code     6  nrf_state_machine.o(i.nrf_sm_get_current_state)
    nrf_sm_get_next_state                    0x0001fde5   Thumb Code     6  nrf_state_machine.o(i.nrf_sm_get_next_state)
    nrf_sm_init                              0x0001fdf1   Thumb Code    10  nrf_state_machine.o(i.nrf_sm_init)
    nrf_sm_set_next_state                    0x0001fe01   Thumb Code    20  nrf_state_machine.o(i.nrf_sm_set_next_state)
    print_bits_raw                           0x0001fe71   Thumb Code    54  major.o(i.print_bits_raw)
    qf_enter_dfu                             0x0001feb1   Thumb Code    32  major.o(i.qf_enter_dfu)
    softdevice_handler_is_enabled            0x00020095   Thumb Code     6  softdevice_handler.o(i.softdevice_handler_is_enabled)
    tick                                     0x000200a1   Thumb Code    34  main.o(i.tick)
    rtc1                                     0x000203b4   Data           8  main.o(.constdata)
    __ctype_table                            0x0002047c   Data         129  ctype_o.o(.constdata)
    Region$$Table$$Base                      0x000205ec   Number         0  anon$$obj.o(Region$$Table)
    Region$$Table$$Limit                     0x0002060c   Number         0  anon$$obj.o(Region$$Table)
    Image$$RW_IRAM1$$Base                    0x20001fe8   Number         0  anon$$obj.o ABSOLUTE
    hand_count                               0x20001fec   Data           2  main.o(.data)
    rows                                     0x20001ff0   Data          16  main.o(.data)
    columns                                  0x20002000   Data          28  main.o(.data)
    channelC                                 0x2000201c   Data           1  main.o(.data)
    pre_flag                                 0x20002024   Data           1  major.o(.data)
    rtc_ota_counter                          0x20002028   Data           4  major.o(.data)
    addr0                                    0x2000202c   Data          12  major.o(.data)
    addr1                                    0x20002038   Data          12  major.o(.data)
    rtc_addr_counter0                        0x20002044   Data           4  major.o(.data)
    rtc_addr_counter1                        0x20002048   Data           4  major.o(.data)
    pg_size                                  0x20002054   Data           4  eeprom.o(.data)
    pg_num                                   0x20002058   Data           4  eeprom.o(.data)
    err_code                                 0x2000205c   Data           4  eeprom.o(.data)
    nrf_nvic_state                           0x20002068   Data           8  app_util_platform.o(.data)
    SystemCoreClock                          0x20002094   Data           4  system_nrf51.o(.data)
    nrf_gzll_error_code                      0x20002098   Data           1  nrf_gzll.o(.data)
    impl_async_state                         0x200020b8   Data           1  nrf_impala.o(.data)
    runstate                                 0x200020cc   Data           1  nrf_flywheel.o(.data)
    nrf_pm_ack_payload_pending               0x200020d8   Data           8  nrf_packet_manager.o(.data)
    sm_status                                0x200020e0   Data           3  nrf_state_machine.o(.data)
    state_functions                          0x200020e4   Data           8  nrf_state_machine.o(.data)
    available_packet_count                   0x200020ec   Data           4  nrf_fifo.o(.data)
    _SEGGER_RTT                              0x200027b0   Data         120  segger_rtt.o(.bss)
    impl_internal_params                     0x20002834   Data          52  nrf_impala.o(.bss)
    nrf_impl_status                          0x20002868   Data          28  nrf_impala.o(.bss)
    lcore_config                             0x20002884   Data          24  nrf_impala.o(.bss)
    nrf_lcore_status                         0x200028a8   Data          36  nrf_link_core.o(.bss)
    nm_status                                0x200028cc   Data         136  nrf_notification_manager.o(.bss)
    pm_status                                0x20002954   Data         148  nrf_packet_manager.o(.bss)
    pipe_status                              0x200029e8   Data          48  nrf_fifo.o(.bss)
    fifo_contents                            0x20002a18   Data         192  nrf_fifo.o(.bss)
    available_packets                        0x20002ad8   Data          24  nrf_fifo.o(.bss)
    packet_pool                              0x20002af0   Data         204  nrf_fifo.o(.bss)
    __initial_sp                             0x200033c0   Data           0  arm_startup_nrf51.o(STACK)



==============================================================================

Memory Map of the image

  Image Entry point : 0x0001b0c1

  Load Region LR_IROM1 (Base: 0x0001b000, Size: 0x00005714, Max: 0x00011800, ABSOLUTE)

    Execution Region ER_IROM1 (Exec base: 0x0001b000, Load base: 0x0001b000, Size: 0x0000560c, Max: 0x00011800, ABSOLUTE)

    Exec Addr    Load Addr    Size         Type   Attr      Idx    E Section Name        Object

    0x0001b000   0x0001b000   0x000000c0   Data   RO          321    RESET               arm_startup_nrf51.o
    0x0001b0c0   0x0001b0c0   0x00000000   Code   RO          562  * .ARM.Collect$$$$00000000  mc_p.l(entry.o)
    0x0001b0c0   0x0001b0c0   0x00000004   Code   RO          717    .ARM.Collect$$$$00000001  mc_p.l(entry2.o)
    0x0001b0c4   0x0001b0c4   0x00000004   Code   RO          720    .ARM.Collect$$$$00000004  mc_p.l(entry5.o)
    0x0001b0c8   0x0001b0c8   0x00000000   Code   RO          722    .ARM.Collect$$$$00000008  mc_p.l(entry7b.o)
    0x0001b0c8   0x0001b0c8   0x00000000   Code   RO          724    .ARM.Collect$$$$0000000A  mc_p.l(entry8b.o)
    0x0001b0c8   0x0001b0c8   0x00000008   Code   RO          725    .ARM.Collect$$$$0000000B  mc_p.l(entry9a.o)
    0x0001b0d0   0x0001b0d0   0x00000000   Code   RO          727    .ARM.Collect$$$$0000000D  mc_p.l(entry10a.o)
    0x0001b0d0   0x0001b0d0   0x00000000   Code   RO          729    .ARM.Collect$$$$0000000F  mc_p.l(entry11a.o)
    0x0001b0d0   0x0001b0d0   0x00000004   Code   RO          718    .ARM.Collect$$$$00002712  mc_p.l(entry2.o)
    0x0001b0d4   0x0001b0d4   0x0000001e   Code   RO          490    .emb_text           gzll_nrf51_arm.lib(nrf_link_core.o)
    0x0001b0f2   0x0001b0f2   0x00000002   PAD
    0x0001b0f4   0x0001b0f4   0x00000038   Code   RO          322    .text               arm_startup_nrf51.o
    0x0001b12c   0x0001b12c   0x0000002c   Code   RO          565    .text               mc_p.l(uidiv.o)
    0x0001b158   0x0001b158   0x00000008   Code   RO          566    .text               mc_p.l(ctype_o.o)
    0x0001b160   0x0001b160   0x00000024   Code   RO          581    .text               mc_p.l(memcpya.o)
    0x0001b184   0x0001b184   0x00000024   Code   RO          582    .text               mc_p.l(memseta.o)
    0x0001b1a8   0x0001b1a8   0x0000000e   Code   RO          583    .text               mc_p.l(strlen.o)
    0x0001b1b6   0x0001b1b6   0x00000012   Code   RO          584    .text               mc_p.l(strcpy.o)
    0x0001b1c8   0x0001b1c8   0x00000060   Code   RO          733    .text               mc_p.l(uldiv.o)
    0x0001b228   0x0001b228   0x00000024   Code   RO          740    .text               mc_p.l(init.o)
    0x0001b24c   0x0001b24c   0x00000020   Code   RO          742    .text               mc_p.l(llshl.o)
    0x0001b26c   0x0001b26c   0x00000022   Code   RO          743    .text               mc_p.l(llushr.o)
    0x0001b28e   0x0001b28e   0x00000002   PAD
    0x0001b290   0x0001b290   0x00000278   Code   RO           86    i.GPIOTE_IRQHandler  nrf_drv_gpiote.o
    0x0001b508   0x0001b508   0x00000008   Code   RO          459    i.NRF_ASSERT_INTERNAL_parse_and_forward  gzll_nrf51_arm.lib(nrf_assert_internal.o)
    0x0001b510   0x0001b510   0x000000f4   Code   RO          478    i.NRF_flw_prepare_call  gzll_nrf51_arm.lib(nrf_flywheel.o)
    0x0001b604   0x0001b604   0x00000054   Code   RO           47    i.POWER_CLOCK_IRQHandler  nrf_drv_clock.o
    0x0001b658   0x0001b658   0x000001c0   Code   RO          491    i.RADIO_IRQHandler  gzll_nrf51_arm.lib(nrf_link_core.o)
    0x0001b818   0x0001b818   0x00000014   Code   RO          171    i.RTC1_IRQHandler   nrf_drv_rtc.o
    0x0001b82c   0x0001b82c   0x00000018   Code   RO          277    i.SEGGER_RTT_Init   segger_rtt.o
    0x0001b844   0x0001b844   0x00000084   Code   RO          286    i.SEGGER_RTT_WriteNoLock  segger_rtt.o
    0x0001b8c8   0x0001b8c8   0x00000088   Code   RO          505    i.SWI0_IRQHandler   gzll_nrf51_arm.lib(nrf_notification_manager.o)
    0x0001b950   0x0001b950   0x0000003c   Code   RO          298    i.SWI2_IRQHandler   softdevice_handler.o
    0x0001b98c   0x0001b98c   0x00000064   Code   RO          326    i.SystemInit        system_nrf51.o
    0x0001b9f0   0x0001b9f0   0x0000006c   Code   RO          479    i.TIMER2_IRQHandler  gzll_nrf51_arm.lib(nrf_flywheel.o)
    0x0001ba5c   0x0001ba5c   0x00000014   Code   RO          131    i.UART0_IRQHandler  nrf_drv_uart.o
    0x0001ba70   0x0001ba70   0x00000070   Code   RO          289    i._DoInit           segger_rtt.o
    0x0001bae0   0x0001bae0   0x0000001c   Code   RO          290    i._GetAvailWriteSpace  segger_rtt.o
    0x0001bafc   0x0001bafc   0x0000007a   Code   RO          292    i._WriteBlocking    segger_rtt.o
    0x0001bb76   0x0001bb76   0x0000004a   Code   RO          293    i._WriteNoCheck     segger_rtt.o
    0x0001bbc0   0x0001bbc0   0x00000034   Code   RO          691    i.__0snprintf$8     mc_p.l(printf8.o)
    0x0001bbf4   0x0001bbf4   0x0000001c   Code   RO          245    i.__ARM_common_switch8  nrf_log_backend_serial.o
    0x0001bc10   0x0001bc10   0x00000078   Code   RO           81    i.__NVIC_SetPriority  nrf_drv_common.o
    0x0001bc88   0x0001bc88   0x0000001c   Code   RO           21    i.__NVIC_SystemReset  major.o
    0x0001bca4   0x0001bca4   0x0000000e   Code   RO          750    i.__scatterload_copy  mc_p.l(handlers.o)
    0x0001bcb2   0x0001bcb2   0x00000002   Code   RO          751    i.__scatterload_null  mc_p.l(handlers.o)
    0x0001bcb4   0x0001bcb4   0x0000000e   Code   RO          752    i.__scatterload_zeroinit  mc_p.l(handlers.o)
    0x0001bcc2   0x0001bcc2   0x0000000c   Code   RO          206    i.__sd_nvic_irq_disable  app_util_platform.o
    0x0001bcce   0x0001bcce   0x00000002   PAD
    0x0001bcd0   0x0001bcd0   0x00000428   Code   RO          697    i._printf_core      mc_p.l(printf8.o)
    0x0001c0f8   0x0001c0f8   0x00000020   Code   RO          698    i._printf_post_padding  mc_p.l(printf8.o)
    0x0001c118   0x0001c118   0x0000002c   Code   RO          699    i._printf_pre_padding  mc_p.l(printf8.o)
    0x0001c144   0x0001c144   0x00000016   Code   RO          700    i._snputc           mc_p.l(printf8.o)
    0x0001c15a   0x0001c15a   0x00000002   PAD
    0x0001c15c   0x0001c15c   0x00000020   Code   RO            3    i.app_error_fault_handler  main.o
    0x0001c17c   0x0001c17c   0x00000020   Code   RO          197    i.app_error_handler  app_error.o
    0x0001c19c   0x0001c19c   0x00000054   Code   RO          207    i.app_util_critical_region_enter  app_util_platform.o
    0x0001c1f0   0x0001c1f0   0x00000040   Code   RO          208    i.app_util_critical_region_exit  app_util_platform.o
    0x0001c230   0x0001c230   0x00000158   Code   RO          391    i.async_state_packet_received  gzll_nrf51_arm.lib(nrf_impala.o)
    0x0001c388   0x0001c388   0x0000009c   Code   RO          393    i.async_state_rx_enabling  gzll_nrf51_arm.lib(nrf_impala.o)
    0x0001c424   0x0001c424   0x00000014   Code   RO          394    i.async_state_tx_ack_complete  gzll_nrf51_arm.lib(nrf_impala.o)
    0x0001c438   0x0001c438   0x00000014   Code   RO          230    i.buf_len_update    nrf_log_backend_serial.o
    0x0001c44c   0x0001c44c   0x000000a4   Code   RO          248    i.buf_prealloc      nrf_log_frontend.o
    0x0001c4f0   0x0001c4f0   0x00000018   Code   RO          249    i.buffer_is_empty   nrf_log_frontend.o
    0x0001c508   0x0001c508   0x00000032   Code   RO          231    i.byte2hex          nrf_log_backend_serial.o
    0x0001c53a   0x0001c53a   0x00000002   PAD
    0x0001c53c   0x0001c53c   0x00000010   Code   RO           88    i.channel_handler_get  nrf_drv_gpiote.o
    0x0001c54c   0x0001c54c   0x0000000c   Code   RO           90    i.channel_port_get  nrf_drv_gpiote.o
    0x0001c558   0x0001c558   0x000000ec   Code   RO           22    i.check_addr        major.o
    0x0001c644   0x0001c644   0x000000e0   Code   RO           23    i.check_ota         major.o
    0x0001c724   0x0001c724   0x00000024   Code   RO           24    i.check_predef_action  major.o
    0x0001c748   0x0001c748   0x00000034   Code   RO           48    i.clock_clk_started_notify  nrf_drv_clock.o
    0x0001c77c   0x0001c77c   0x00000020   Code   RO            4    i.compare_keys      main.o
    0x0001c79c   0x0001c79c   0x00000140   Code   RO          395    i.device_ack_received  gzll_nrf51_arm.lib(nrf_impala.o)
    0x0001c8dc   0x0001c8dc   0x00000150   Code   RO           39    i.eeprom_read       eeprom.o
    0x0001ca2c   0x0001ca2c   0x00000088   Code   RO           40    i.eeprom_write      eeprom.o
    0x0001cab4   0x0001cab4   0x0000001a   Code   RO            5    i.empty_keys        main.o
    0x0001cace   0x0001cace   0x00000002   PAD
    0x0001cad0   0x0001cad0   0x00000038   Code   RO           41    i.flash_page_erase  eeprom.o
    0x0001cb08   0x0001cb08   0x00000038   Code   RO           42    i.flash_word_write  eeprom.o
    0x0001cb40   0x0001cb40   0x000000a4   Code   RO          396    i.goto_disable      gzll_nrf51_arm.lib(nrf_impala.o)
    0x0001cbe4   0x0001cbe4   0x00000060   Code   RO            6    i.gpio_config       main.o
    0x0001cc44   0x0001cc44   0x0000008c   Code   RO            7    i.handle_inactivity  main.o
    0x0001ccd0   0x0001ccd0   0x00000078   Code   RO           25    i.handle_send       major.o
    0x0001cd48   0x0001cd48   0x000000d8   Code   RO          302    i.intern_softdevice_events_execute  softdevice_handler.o
    0x0001ce20   0x0001ce20   0x00000038   Code   RO          327    i.is_disabled_in_debug_needed  system_nrf51.o
    0x0001ce58   0x0001ce58   0x0000006c   Code   RO          328    i.is_manual_peripheral_setup_needed  system_nrf51.o
    0x0001cec4   0x0001cec4   0x00000054   Code   RO          329    i.is_peripheral_domain_setup_needed  system_nrf51.o
    0x0001cf18   0x0001cf18   0x0000000e   Code   RO           51    i.item_dequeue      nrf_drv_clock.o
    0x0001cf26   0x0001cf26   0x00000024   Code   RO           52    i.item_enqueue      nrf_drv_clock.o
    0x0001cf4a   0x0001cf4a   0x00000002   PAD
    0x0001cf4c   0x0001cf4c   0x00000030   Code   RO            8    i.lfclk_config      main.o
    0x0001cf7c   0x0001cf7c   0x00000018   Code   RO           53    i.lfclk_start       nrf_drv_clock.o
    0x0001cf94   0x0001cf94   0x00000310   Code   RO          397    i.m_nrf_impl_restore_all_hw_params  gzll_nrf51_arm.lib(nrf_impala.o)
    0x0001d2a4   0x0001d2a4   0x000001e4   Code   RO            9    i.main              main.o
    0x0001d488   0x0001d488   0x000000f4   Code   RO          333    i.notification_cb   gzll_nrf51_arm.lib(nrf_gzll.o)
    0x0001d57c   0x0001d57c   0x00000010   Code   RO          334    i.nrf_assert_internal_callback  gzll_nrf51_arm.lib(nrf_gzll.o)
    0x0001d58c   0x0001d58c   0x00000016   Code   RO           91    i.nrf_bitmask_bit_is_set  nrf_drv_gpiote.o
    0x0001d5a2   0x0001d5a2   0x00000002   PAD
    0x0001d5a4   0x0001d5a4   0x00000030   Code   RO          462    i.nrf_chm_execute_single_tick  gzll_nrf51_arm.lib(nrf_channel_manager.o)
    0x0001d5d4   0x0001d5d4   0x0000002c   Code   RO          464    i.nrf_chm_get_current_channel  gzll_nrf51_arm.lib(nrf_channel_manager.o)
    0x0001d600   0x0001d600   0x0000000c   Code   RO          465    i.nrf_chm_get_current_channel_index  gzll_nrf51_arm.lib(nrf_channel_manager.o)
    0x0001d60c   0x0001d60c   0x0000000c   Code   RO          466    i.nrf_chm_get_current_timeslot  gzll_nrf51_arm.lib(nrf_channel_manager.o)
    0x0001d618   0x0001d618   0x00000028   Code   RO          467    i.nrf_chm_init      gzll_nrf51_arm.lib(nrf_channel_manager.o)
    0x0001d640   0x0001d640   0x00000028   Code   RO          468    i.nrf_chm_set_current_channel_index  gzll_nrf51_arm.lib(nrf_channel_manager.o)
    0x0001d668   0x0001d668   0x00000028   Code   RO          469    i.nrf_chm_set_current_timeslot  gzll_nrf51_arm.lib(nrf_channel_manager.o)
    0x0001d690   0x0001d690   0x00000016   Code   RO           55    i.nrf_clock_event_check  nrf_drv_clock.o
    0x0001d6a6   0x0001d6a6   0x0000000c   Code   RO           56    i.nrf_clock_event_clear  nrf_drv_clock.o
    0x0001d6b2   0x0001d6b2   0x00000002   PAD
    0x0001d6b4   0x0001d6b4   0x0000000c   Code   RO           58    i.nrf_clock_int_disable  nrf_drv_clock.o
    0x0001d6c0   0x0001d6c0   0x0000000c   Code   RO           59    i.nrf_clock_int_enable  nrf_drv_clock.o
    0x0001d6cc   0x0001d6cc   0x0000000a   Code   RO           61    i.nrf_clock_task_trigger  nrf_drv_clock.o
    0x0001d6d6   0x0001d6d6   0x00000002   PAD
    0x0001d6d8   0x0001d6d8   0x00000070   Code   RO           67    i.nrf_drv_clock_init  nrf_drv_clock.o
    0x0001d748   0x0001d748   0x00000074   Code   RO           72    i.nrf_drv_clock_lfclk_request  nrf_drv_clock.o
    0x0001d7bc   0x0001d7bc   0x0000000e   Code   RO           75    i.nrf_drv_clock_on_soc_event  nrf_drv_clock.o
    0x0001d7ca   0x0001d7ca   0x00000002   PAD
    0x0001d7cc   0x0001d7cc   0x00000048   Code   RO           83    i.nrf_drv_common_irq_enable  nrf_drv_common.o
    0x0001d814   0x0001d814   0x00000020   Code   RO          174    i.nrf_drv_rtc_disable  nrf_drv_rtc.o
    0x0001d834   0x0001d834   0x00000020   Code   RO          175    i.nrf_drv_rtc_enable  nrf_drv_rtc.o
    0x0001d854   0x0001d854   0x00000080   Code   RO          176    i.nrf_drv_rtc_init  nrf_drv_rtc.o
    0x0001d8d4   0x0001d8d4   0x000000c8   Code   RO          177    i.nrf_drv_rtc_int_handler  nrf_drv_rtc.o
    0x0001d99c   0x0001d99c   0x0000002a   Code   RO          182    i.nrf_drv_rtc_tick_enable  nrf_drv_rtc.o
    0x0001d9c6   0x0001d9c6   0x00000002   PAD
    0x0001d9c8   0x0001d9c8   0x00000090   Code   RO          552    i.nrf_fifo_free_packet  gzll_nrf51_arm.lib(nrf_fifo.o)
    0x0001da58   0x0001da58   0x0000000c   Code   RO          561    i.nrf_fifo_get_available_packet_count  gzll_nrf51_arm.lib(nrf_fifo.o)
    0x0001da64   0x0001da64   0x00000020   Code   RO          560    i.nrf_fifo_get_packet_count  gzll_nrf51_arm.lib(nrf_fifo.o)
    0x0001da84   0x0001da84   0x00000094   Code   RO          553    i.nrf_fifo_init     gzll_nrf51_arm.lib(nrf_fifo.o)
    0x0001db18   0x0001db18   0x00000054   Code   RO          554    i.nrf_fifo_pop_packet  gzll_nrf51_arm.lib(nrf_fifo.o)
    0x0001db6c   0x0001db6c   0x000000ac   Code   RO          555    i.nrf_fifo_put_packet  gzll_nrf51_arm.lib(nrf_fifo.o)
    0x0001dc18   0x0001dc18   0x0000003c   Code   RO          556    i.nrf_fifo_read_packet  gzll_nrf51_arm.lib(nrf_fifo.o)
    0x0001dc54   0x0001dc54   0x00000074   Code   RO          557    i.nrf_fifo_reserve_packet  gzll_nrf51_arm.lib(nrf_fifo.o)
    0x0001dcc8   0x0001dcc8   0x00000008   Code   RO          480    i.nrf_flw_get_ext_capture_task  gzll_nrf51_arm.lib(nrf_flywheel.o)
    0x0001dcd0   0x0001dcd0   0x00000008   Code   RO          481    i.nrf_flw_get_flw_call_event  gzll_nrf51_arm.lib(nrf_flywheel.o)
    0x0001dcd8   0x0001dcd8   0x0000000c   Code   RO          482    i.nrf_flw_get_runstate  gzll_nrf51_arm.lib(nrf_flywheel.o)
    0x0001dce4   0x0001dce4   0x00000070   Code   RO          483    i.nrf_flw_init      gzll_nrf51_arm.lib(nrf_flywheel.o)
    0x0001dd54   0x0001dd54   0x00000018   Code   RO          484    i.nrf_flw_start     gzll_nrf51_arm.lib(nrf_flywheel.o)
    0x0001dd6c   0x0001dd6c   0x0000002c   Code   RO          485    i.nrf_flw_stop      gzll_nrf51_arm.lib(nrf_flywheel.o)
    0x0001dd98   0x0001dd98   0x0000000c   Code   RO          486    i.nrf_flw_task_is_delayed  gzll_nrf51_arm.lib(nrf_flywheel.o)
    0x0001dda4   0x0001dda4   0x0000002a   Code   RO           10    i.nrf_gpio_cfg      main.o
    0x0001ddce   0x0001ddce   0x00000018   Code   RO           11    i.nrf_gpio_cfg_output  main.o
    0x0001dde6   0x0001dde6   0x00000040   Code   RO          113    i.nrf_gpio_cfg_sense_set  nrf_drv_gpiote.o
    0x0001de26   0x0001de26   0x00000018   Code   RO           12    i.nrf_gpio_pin_clear  main.o
    0x0001de3e   0x0001de3e   0x00000018   Code   RO           13    i.nrf_gpio_pin_set  main.o
    0x0001de56   0x0001de56   0x00000002   PAD
    0x0001de58   0x0001de58   0x00000030   Code   RO          117    i.nrf_gpio_ports_read  nrf_drv_gpiote.o
    0x0001de88   0x0001de88   0x0000000c   Code   RO          118    i.nrf_gpiote_event_addr_get  nrf_drv_gpiote.o
    0x0001de94   0x0001de94   0x00000010   Code   RO          119    i.nrf_gpiote_event_clear  nrf_drv_gpiote.o
    0x0001dea4   0x0001dea4   0x00000016   Code   RO          120    i.nrf_gpiote_event_is_set  nrf_drv_gpiote.o
    0x0001deba   0x0001deba   0x00000002   PAD
    0x0001debc   0x0001debc   0x000000b4   Code   RO          335    i.nrf_gzll_add_packet_to_tx_fifo  gzll_nrf51_arm.lib(nrf_gzll.o)
    0x0001df70   0x0001df70   0x00000002   Code   RO           32    i.nrf_gzll_device_tx_failed  receiver_cb.o
    0x0001df72   0x0001df72   0x00000002   PAD
    0x0001df74   0x0001df74   0x00000024   Code   RO           33    i.nrf_gzll_device_tx_success  receiver_cb.o
    0x0001df98   0x0001df98   0x00000002   Code   RO           34    i.nrf_gzll_disabled  receiver_cb.o
    0x0001df9a   0x0001df9a   0x00000002   PAD
    0x0001df9c   0x0001df9c   0x00000020   Code   RO          338    i.nrf_gzll_enable   gzll_nrf51_arm.lib(nrf_gzll.o)
    0x0001dfbc   0x0001dfbc   0x00000078   Code   RO          339    i.nrf_gzll_fetch_packet_from_rx_fifo  gzll_nrf51_arm.lib(nrf_gzll.o)
    0x0001e034   0x0001e034   0x00000002   Code   RO           35    i.nrf_gzll_host_rx_data_ready  receiver_cb.o
    0x0001e036   0x0001e036   0x00000002   PAD
    0x0001e038   0x0001e038   0x00000128   Code   RO          364    i.nrf_gzll_init     gzll_nrf51_arm.lib(nrf_gzll.o)
    0x0001e160   0x0001e160   0x00000002   Code   RO          366    i.nrf_gzll_mode_changed  gzll_nrf51_arm.lib(nrf_gzll.o)
    0x0001e162   0x0001e162   0x00000002   PAD
    0x0001e164   0x0001e164   0x00000020   Code   RO          372    i.nrf_gzll_set_base_address_0  gzll_nrf51_arm.lib(nrf_gzll.o)
    0x0001e184   0x0001e184   0x00000020   Code   RO          373    i.nrf_gzll_set_base_address_1  gzll_nrf51_arm.lib(nrf_gzll.o)
    0x0001e1a4   0x0001e1a4   0x00000050   Code   RO          374    i.nrf_gzll_set_channel_table  gzll_nrf51_arm.lib(nrf_gzll.o)
    0x0001e1f4   0x0001e1f4   0x0000003c   Code   RO          375    i.nrf_gzll_set_datarate  gzll_nrf51_arm.lib(nrf_gzll.o)
    0x0001e230   0x0001e230   0x00000020   Code   RO          377    i.nrf_gzll_set_max_tx_attempts  gzll_nrf51_arm.lib(nrf_gzll.o)
    0x0001e250   0x0001e250   0x00000020   Code   RO          381    i.nrf_gzll_set_timeslot_period  gzll_nrf51_arm.lib(nrf_gzll.o)
    0x0001e270   0x0001e270   0x00000020   Code   RO          382    i.nrf_gzll_set_timeslots_per_channel  gzll_nrf51_arm.lib(nrf_gzll.o)
    0x0001e290   0x0001e290   0x0000002c   Code   RO          399    i.nrf_impl_disable  gzll_nrf51_arm.lib(nrf_impala.o)
    0x0001e2bc   0x0001e2bc   0x0000005c   Code   RO          400    i.nrf_impl_enable   gzll_nrf51_arm.lib(nrf_impala.o)
    0x0001e318   0x0001e318   0x00000024   Code   RO          401    i.nrf_impl_enable_rssi  gzll_nrf51_arm.lib(nrf_impala.o)
    0x0001e33c   0x0001e33c   0x00000014   Code   RO          404    i.nrf_impl_free_packet  gzll_nrf51_arm.lib(nrf_impala.o)
    0x0001e350   0x0001e350   0x00000008   Code   RO          405    i.nrf_impl_get_available_fifo_packets  gzll_nrf51_arm.lib(nrf_impala.o)
    0x0001e358   0x0001e358   0x00000008   Code   RO          414    i.nrf_impl_get_rx_fifo_status  gzll_nrf51_arm.lib(nrf_impala.o)
    0x0001e360   0x0001e360   0x00000008   Code   RO          420    i.nrf_impl_get_tx_fifo_status  gzll_nrf51_arm.lib(nrf_impala.o)
    0x0001e368   0x0001e368   0x0000018c   Code   RO          422    i.nrf_impl_init     gzll_nrf51_arm.lib(nrf_impala.o)
    0x0001e4f4   0x0001e4f4   0x00000014   Code   RO          423    i.nrf_impl_is_disabled  gzll_nrf51_arm.lib(nrf_impala.o)
    0x0001e508   0x0001e508   0x00000014   Code   RO          424    i.nrf_impl_pop_rx_fifo  gzll_nrf51_arm.lib(nrf_impala.o)
    0x0001e51c   0x0001e51c   0x00000038   Code   RO          425    i.nrf_impl_put_tx_fifo  gzll_nrf51_arm.lib(nrf_impala.o)
    0x0001e554   0x0001e554   0x00000008   Code   RO          426    i.nrf_impl_read_rx_fifo  gzll_nrf51_arm.lib(nrf_impala.o)
    0x0001e55c   0x0001e55c   0x00000014   Code   RO          428    i.nrf_impl_reserve_packet  gzll_nrf51_arm.lib(nrf_impala.o)
    0x0001e570   0x0001e570   0x00000020   Code   RO          429    i.nrf_impl_set_base_address_length  gzll_nrf51_arm.lib(nrf_impala.o)
    0x0001e590   0x0001e590   0x0000000c   Code   RO          430    i.nrf_impl_set_channel_selection_policy  gzll_nrf51_arm.lib(nrf_impala.o)
    0x0001e59c   0x0001e59c   0x00000034   Code   RO          431    i.nrf_impl_set_channel_table  gzll_nrf51_arm.lib(nrf_impala.o)
    0x0001e5d0   0x0001e5d0   0x00000094   Code   RO          452    i.nrf_impl_set_datarate  gzll_nrf51_arm.lib(nrf_impala.o)
    0x0001e664   0x0001e664   0x0000000c   Code   RO          435    i.nrf_impl_set_max_allowed_tx_attempts  gzll_nrf51_arm.lib(nrf_impala.o)
    0x0001e670   0x0001e670   0x00000030   Code   RO          436    i.nrf_impl_set_mode  gzll_nrf51_arm.lib(nrf_impala.o)
    0x0001e6a0   0x0001e6a0   0x0000006c   Code   RO          437    i.nrf_impl_set_pipe_0_base_address  gzll_nrf51_arm.lib(nrf_impala.o)
    0x0001e70c   0x0001e70c   0x0000006c   Code   RO          438    i.nrf_impl_set_pipes_1_to_7_base_address  gzll_nrf51_arm.lib(nrf_impala.o)
    0x0001e778   0x0001e778   0x0000000c   Code   RO          442    i.nrf_impl_set_timeslot_period  gzll_nrf51_arm.lib(nrf_impala.o)
    0x0001e784   0x0001e784   0x00000030   Code   RO          443    i.nrf_impl_set_timeslots_per_channel_when_in_sync  gzll_nrf51_arm.lib(nrf_impala.o)
    0x0001e7b4   0x0001e7b4   0x00000014   Code   RO          453    i.nrf_impl_set_tx_power  gzll_nrf51_arm.lib(nrf_impala.o)
    0x0001e7c8   0x0001e7c8   0x0000000c   Code   RO          445    i.nrf_impl_set_xosc_ctl  gzll_nrf51_arm.lib(nrf_impala.o)
    0x0001e7d4   0x0001e7d4   0x00000064   Code   RO          446    i.nrf_impl_state_fun_device_send_packet  gzll_nrf51_arm.lib(nrf_impala.o)
    0x0001e838   0x0001e838   0x000004c0   Code   RO          447    i.nrf_impl_state_fun_timeslot_start  gzll_nrf51_arm.lib(nrf_impala.o)
    0x0001ecf8   0x0001ecf8   0x00000094   Code   RO          493    i.nrf_lcore_force_disable  gzll_nrf51_arm.lib(nrf_link_core.o)
    0x0001ed8c   0x0001ed8c   0x00000110   Code   RO          494    i.nrf_lcore_handler_rx_enable_start_tx_enable_start_disable  gzll_nrf51_arm.lib(nrf_link_core.o)
    0x0001ee9c   0x0001ee9c   0x00000054   Code   RO          495    i.nrf_lcore_init    gzll_nrf51_arm.lib(nrf_link_core.o)
    0x0001eef0   0x0001eef0   0x000000e4   Code   RO          496    i.nrf_lcore_prepare_operation  gzll_nrf51_arm.lib(nrf_link_core.o)
    0x0001efd4   0x0001efd4   0x00000010   Code   RO          502    i.nrf_lcore_rx_address_match  gzll_nrf51_arm.lib(nrf_link_core.o)
    0x0001efe4   0x0001efe4   0x000000a4   Code   RO          497    i.nrf_lcore_start_operation  gzll_nrf51_arm.lib(nrf_link_core.o)
    0x0001f088   0x0001f088   0x00000008   Code   RO          233    i.nrf_log_backend_hexdump_handler_get  nrf_log_backend_serial.o
    0x0001f090   0x0001f090   0x00000034   Code   RO          234    i.nrf_log_backend_init  nrf_log_backend_serial.o
    0x0001f0c4   0x0001f0c4   0x0000015e   Code   RO          235    i.nrf_log_backend_serial_hexdump_handler  nrf_log_backend_serial.o
    0x0001f222   0x0001f222   0x00000194   Code   RO          236    i.nrf_log_backend_serial_std_handler  nrf_log_backend_serial.o
    0x0001f3b6   0x0001f3b6   0x00000002   PAD
    0x0001f3b8   0x0001f3b8   0x00000008   Code   RO          237    i.nrf_log_backend_std_handler_get  nrf_log_backend_serial.o
    0x0001f3c0   0x0001f3c0   0x00000208   Code   RO          252    i.nrf_log_frontend_dequeue  nrf_log_frontend.o
    0x0001f5c8   0x0001f5c8   0x00000024   Code   RO          254    i.nrf_log_frontend_init  nrf_log_frontend.o
    0x0001f5ec   0x0001f5ec   0x00000084   Code   RO          255    i.nrf_log_frontend_std_0  nrf_log_frontend.o
    0x0001f670   0x0001f670   0x00000098   Code   RO          256    i.nrf_log_frontend_std_1  nrf_log_frontend.o
    0x0001f708   0x0001f708   0x000000ac   Code   RO          257    i.nrf_log_frontend_std_2  nrf_log_frontend.o
    0x0001f7b4   0x0001f7b4   0x0000000c   Code   RO          263    i.nrf_log_handlers_set  nrf_log_frontend.o
    0x0001f7c0   0x0001f7c0   0x0000002a   Code   RO          264    i.nrf_log_init      nrf_log_frontend.o
    0x0001f7ea   0x0001f7ea   0x00000002   PAD
    0x0001f7ec   0x0001f7ec   0x00000078   Code   RO          506    i.nrf_nm_add        gzll_nrf51_arm.lib(nrf_notification_manager.o)
    0x0001f864   0x0001f864   0x00000010   Code   RO          507    i.nrf_nm_get_remaining_space_in_notification_queue  gzll_nrf51_arm.lib(nrf_notification_manager.o)
    0x0001f874   0x0001f874   0x00000034   Code   RO          508    i.nrf_nm_init       gzll_nrf51_arm.lib(nrf_notification_manager.o)
    0x0001f8a8   0x0001f8a8   0x00000194   Code   RO          512    i.nrf_pm_end_prx    gzll_nrf51_arm.lib(nrf_packet_manager.o)
    0x0001fa3c   0x0001fa3c   0x000000dc   Code   RO          513    i.nrf_pm_end_ptx    gzll_nrf51_arm.lib(nrf_packet_manager.o)
    0x0001fb18   0x0001fb18   0x00000008   Code   RO          516    i.nrf_pm_free_packet  gzll_nrf51_arm.lib(nrf_packet_manager.o)
    0x0001fb20   0x0001fb20   0x00000008   Code   RO          518    i.nrf_pm_get_available_fifo_packets  gzll_nrf51_arm.lib(nrf_packet_manager.o)
    0x0001fb28   0x0001fb28   0x0000000c   Code   RO          519    i.nrf_pm_get_current_ptx_ack_ptr  gzll_nrf51_arm.lib(nrf_packet_manager.o)
    0x0001fb34   0x0001fb34   0x0000000c   Code   RO          520    i.nrf_pm_get_current_ptx_packet  gzll_nrf51_arm.lib(nrf_packet_manager.o)
    0x0001fb40   0x0001fb40   0x0000000c   Code   RO          521    i.nrf_pm_get_current_ptx_pipe  gzll_nrf51_arm.lib(nrf_packet_manager.o)
    0x0001fb4c   0x0001fb4c   0x0000000a   Code   RO          523    i.nrf_pm_get_rx_fifo_status  gzll_nrf51_arm.lib(nrf_packet_manager.o)
    0x0001fb56   0x0001fb56   0x00000002   PAD
    0x0001fb58   0x0001fb58   0x0000000c   Code   RO          524    i.nrf_pm_get_state  gzll_nrf51_arm.lib(nrf_packet_manager.o)
    0x0001fb64   0x0001fb64   0x00000008   Code   RO          525    i.nrf_pm_get_tx_fifo_status  gzll_nrf51_arm.lib(nrf_packet_manager.o)
    0x0001fb6c   0x0001fb6c   0x0000006c   Code   RO          526    i.nrf_pm_init       gzll_nrf51_arm.lib(nrf_packet_manager.o)
    0x0001fbd8   0x0001fbd8   0x0000000a   Code   RO          527    i.nrf_pm_pop_rx_fifo  gzll_nrf51_arm.lib(nrf_packet_manager.o)
    0x0001fbe2   0x0001fbe2   0x00000026   Code   RO          528    i.nrf_pm_put_tx_fifo  gzll_nrf51_arm.lib(nrf_packet_manager.o)
    0x0001fc08   0x0001fc08   0x0000000a   Code   RO          529    i.nrf_pm_read_rx_fifo  gzll_nrf51_arm.lib(nrf_packet_manager.o)
    0x0001fc12   0x0001fc12   0x00000008   Code   RO          531    i.nrf_pm_reserve_packet  gzll_nrf51_arm.lib(nrf_packet_manager.o)
    0x0001fc1a   0x0001fc1a   0x00000002   PAD
    0x0001fc1c   0x0001fc1c   0x00000048   Code   RO          532    i.nrf_pm_search_for_ptx_pipe_to_service  gzll_nrf51_arm.lib(nrf_packet_manager.o)
    0x0001fc64   0x0001fc64   0x0000000c   Code   RO          533    i.nrf_pm_set_dyn_ack_status  gzll_nrf51_arm.lib(nrf_packet_manager.o)
    0x0001fc70   0x0001fc70   0x00000048   Code   RO          534    i.nrf_pm_start_prx  gzll_nrf51_arm.lib(nrf_packet_manager.o)
    0x0001fcb8   0x0001fcb8   0x000000b0   Code   RO          535    i.nrf_pm_start_ptx  gzll_nrf51_arm.lib(nrf_packet_manager.o)
    0x0001fd68   0x0001fd68   0x0000000c   Code   RO          536    i.nrf_pm_there_is_ptx_packet_to_be_serviced  gzll_nrf51_arm.lib(nrf_packet_manager.o)
    0x0001fd74   0x0001fd74   0x00000006   Code   RO          185    i.nrf_rtc_event_clear  nrf_drv_rtc.o
    0x0001fd7a   0x0001fd7a   0x0000000a   Code   RO          186    i.nrf_rtc_event_disable  nrf_drv_rtc.o
    0x0001fd84   0x0001fd84   0x0000000a   Code   RO          187    i.nrf_rtc_event_enable  nrf_drv_rtc.o
    0x0001fd8e   0x0001fd8e   0x00000006   Code   RO          188    i.nrf_rtc_event_pending  nrf_drv_rtc.o
    0x0001fd94   0x0001fd94   0x0000000a   Code   RO          189    i.nrf_rtc_int_disable  nrf_drv_rtc.o
    0x0001fd9e   0x0001fd9e   0x0000000a   Code   RO          190    i.nrf_rtc_int_enable  nrf_drv_rtc.o
    0x0001fda8   0x0001fda8   0x0000000e   Code   RO          191    i.nrf_rtc_int_is_enabled  nrf_drv_rtc.o
    0x0001fdb6   0x0001fdb6   0x00000006   Code   RO          192    i.nrf_rtc_task_trigger  nrf_drv_rtc.o
    0x0001fdbc   0x0001fdbc   0x0000001c   Code   RO          542    i.nrf_sm_execute    gzll_nrf51_arm.lib(nrf_state_machine.o)
    0x0001fdd8   0x0001fdd8   0x0000000c   Code   RO          543    i.nrf_sm_get_current_state  gzll_nrf51_arm.lib(nrf_state_machine.o)
    0x0001fde4   0x0001fde4   0x0000000c   Code   RO          544    i.nrf_sm_get_next_state  gzll_nrf51_arm.lib(nrf_state_machine.o)
    0x0001fdf0   0x0001fdf0   0x00000010   Code   RO          546    i.nrf_sm_init       gzll_nrf51_arm.lib(nrf_state_machine.o)
    0x0001fe00   0x0001fe00   0x0000001c   Code   RO          547    i.nrf_sm_set_next_state  gzll_nrf51_arm.lib(nrf_state_machine.o)
    0x0001fe1c   0x0001fe1c   0x00000014   Code   RO          151    i.nrf_uart_errorsrc_get_and_clear  nrf_drv_uart.o
    0x0001fe30   0x0001fe30   0x00000010   Code   RO          152    i.nrf_uart_event_check  nrf_drv_uart.o
    0x0001fe40   0x0001fe40   0x00000006   Code   RO          153    i.nrf_uart_event_clear  nrf_drv_uart.o
    0x0001fe46   0x0001fe46   0x0000000a   Code   RO          155    i.nrf_uart_int_disable  nrf_drv_uart.o
    0x0001fe50   0x0001fe50   0x00000018   Code   RO          157    i.nrf_uart_int_enable_check  nrf_drv_uart.o
    0x0001fe68   0x0001fe68   0x00000006   Code   RO          158    i.nrf_uart_task_trigger  nrf_drv_uart.o
    0x0001fe6e   0x0001fe6e   0x00000002   PAD
    0x0001fe70   0x0001fe70   0x00000040   Code   RO           26    i.print_bits_raw    major.o
    0x0001feb0   0x0001feb0   0x00000040   Code   RO           27    i.qf_enter_dfu      major.o
    0x0001fef0   0x0001fef0   0x0000005c   Code   RO           14    i.read_keys         main.o
    0x0001ff4c   0x0001ff4c   0x00000034   Code   RO           15    i.rtc_config        main.o
    0x0001ff80   0x0001ff80   0x00000048   Code   RO          161    i.rx_byte           nrf_drv_uart.o
    0x0001ffc8   0x0001ffc8   0x0000001c   Code   RO          162    i.rx_done_event     nrf_drv_uart.o
    0x0001ffe4   0x0001ffe4   0x00000004   Code   RO          239    i.serial_is_busy    nrf_log_backend_serial.o
    0x0001ffe8   0x0001ffe8   0x00000048   Code   RO          240    i.serial_tx         nrf_log_backend_serial.o
    0x00020030   0x00020030   0x00000064   Code   RO          448    i.sm_start          gzll_nrf51_arm.lib(nrf_impala.o)
    0x00020094   0x00020094   0x0000000c   Code   RO          311    i.softdevice_handler_is_enabled  softdevice_handler.o
    0x000200a0   0x000200a0   0x00000022   Code   RO           16    i.tick              main.o
    0x000200c2   0x000200c2   0x00000002   PAD
    0x000200c4   0x000200c4   0x00000040   Code   RO          241    i.timestamp_process  nrf_log_backend_serial.o
    0x00020104   0x00020104   0x0000002a   Code   RO          164    i.tx_byte           nrf_drv_uart.o
    0x0002012e   0x0002012e   0x00000022   Code   RO          165    i.tx_done_event     nrf_drv_uart.o
    0x00020150   0x00020150   0x00000158   Code   RO          166    i.uart_irq_handler  nrf_drv_uart.o
    0x000202a8   0x000202a8   0x0000010c   Code   RO          449    i.update_mode       gzll_nrf51_arm.lib(nrf_impala.o)
    0x000203b4   0x000203b4   0x0000002a   Data   RO           17    .constdata          main.o
    0x000203de   0x000203de   0x00000002   PAD
    0x000203e0   0x000203e0   0x00000047   Data   RO          128    .constdata          nrf_drv_gpiote.o
    0x00020427   0x00020427   0x00000001   PAD
    0x00020428   0x00020428   0x00000024   Data   RO          267    .constdata          nrf_log_frontend.o
    0x0002044c   0x0002044c   0x00000030   Data   RO          500    .constdata          gzll_nrf51_arm.lib(nrf_link_core.o)
    0x0002047c   0x0002047c   0x00000081   Data   RO          567    .constdata          mc_p.l(ctype_o.o)
    0x000204fd   0x000204fd   0x00000003   PAD
    0x00020500   0x00020500   0x00000004   Data   RO          568    .constdata          mc_p.l(ctype_o.o)
    0x00020504   0x00020504   0x00000044   Data   RO           28    .conststring        major.o
    0x00020548   0x00020548   0x00000047   Data   RO           43    .conststring        eeprom.o
    0x0002058f   0x0002058f   0x00000001   PAD
    0x00020590   0x00020590   0x0000000b   Data   RO          268    .conststring        nrf_log_frontend.o
    0x0002059b   0x0002059b   0x00000001   PAD
    0x0002059c   0x0002059c   0x0000004d   Data   RO          317    .conststring        softdevice_handler.o
    0x000205e9   0x000205e9   0x00000003   PAD
    0x000205ec   0x000205ec   0x00000020   Data   RO          748    Region$$Table       anon$$obj.o


    Execution Region RW_IRAM1 (Exec base: 0x20001fe8, Load base: 0x0002060c, Size: 0x000013d8, Max: 0x00002018, ABSOLUTE)

    Exec Addr    Load Addr    Size         Type   Attr      Idx    E Section Name        Object

    0x20001fe8   0x0002060c   0x0000003c   Data   RW           18    .data               main.o
    0x20002024   0x00020648   0x00000030   Data   RW           29    .data               major.o
    0x20002054   0x00020678   0x0000000c   Data   RW           44    .data               eeprom.o
    0x20002060   0x00020684   0x00000007   Data   RW          194    .data               nrf_drv_rtc.o
    0x20002067   0x0002068b   0x00000001   PAD
    0x20002068   0x0002068c   0x0000000c   Data   RW          211    .data               app_util_platform.o
    0x20002074   0x00020698   0x00000002   Data   RW          243    .data               nrf_log_backend_serial.o
    0x20002076   0x0002069a   0x00000002   PAD
    0x20002078   0x0002069c   0x00000004   Data   RW          269    .data               nrf_log_frontend.o
    0x2000207c   0x000206a0   0x00000018   Data   RW          318    .data               softdevice_handler.o
    0x20002094   0x000206b8   0x00000004   Data   RW          330    .data               system_nrf51.o
    0x20002098   0x000206bc   0x00000020   Data   RW          387    .data               gzll_nrf51_arm.lib(nrf_gzll.o)
    0x200020b8   0x000206dc   0x00000008   Data   RW          451    .data               gzll_nrf51_arm.lib(nrf_impala.o)
    0x200020c0   0x000206e4   0x0000000c   Data   RW          474    .data               gzll_nrf51_arm.lib(nrf_channel_manager.o)
    0x200020cc   0x000206f0   0x00000008   Data   RW          487    .data               gzll_nrf51_arm.lib(nrf_flywheel.o)
    0x200020d4   0x000206f8   0x00000004   Data   RW          501    .data               gzll_nrf51_arm.lib(nrf_link_core.o)
    0x200020d8   0x000206fc   0x00000008   Data   RW          538    .data               gzll_nrf51_arm.lib(nrf_packet_manager.o)
    0x200020e0   0x00020704   0x0000000c   Data   RW          548    .data               gzll_nrf51_arm.lib(nrf_state_machine.o)
    0x200020ec   0x00020710   0x00000004   Data   RW          559    .data               gzll_nrf51_arm.lib(nrf_fifo.o)
    0x200020f0        -       0x00000020   Zero   RW           36    .bss                receiver_cb.o
    0x20002110        -       0x00000014   Zero   RW           77    .bss                nrf_drv_clock.o
    0x20002124        -       0x00000048   Zero   RW          127    .bss                nrf_drv_gpiote.o
    0x2000216c        -       0x0000001c   Zero   RW          167    .bss                nrf_drv_uart.o
    0x20002188        -       0x00000418   Zero   RW          266    .bss                nrf_log_frontend.o
    0x200025a0        -       0x00000288   Zero   RW          294    .bss                segger_rtt.o
    0x20002828        -       0x0000000c   Zero   RW          386    .bss                gzll_nrf51_arm.lib(nrf_gzll.o)
    0x20002834        -       0x00000074   Zero   RW          450    .bss                gzll_nrf51_arm.lib(nrf_impala.o)
    0x200028a8        -       0x00000024   Zero   RW          499    .bss                gzll_nrf51_arm.lib(nrf_link_core.o)
    0x200028cc        -       0x00000088   Zero   RW          509    .bss                gzll_nrf51_arm.lib(nrf_notification_manager.o)
    0x20002954        -       0x00000094   Zero   RW          537    .bss                gzll_nrf51_arm.lib(nrf_packet_manager.o)
    0x200029e8        -       0x000001d4   Zero   RW          558    .bss                gzll_nrf51_arm.lib(nrf_fifo.o)
    0x20002bbc   0x00020714   0x00000004   PAD
    0x20002bc0        -       0x00000800   Zero   RW          319    STACK               arm_startup_nrf51.o


==============================================================================

Image component sizes


      Code (inc. data)   RO Data    RW Data    ZI Data      Debug   Object Name

        32          4          0          0          0          0   app_error.o
       160         22          0         12          0          0   app_util_platform.o
        56         18        192          0       2048          0   arm_startup_nrf51.o
       584        298         71         12          0          0   eeprom.o
      1150        310         42         60          0          0   main.o
       772        248         68         48          0          0   major.o
       520         42          0          0         20          0   nrf_drv_clock.o
       192         18          0          0          0          0   nrf_drv_common.o
       844         34         71          0         72          0   nrf_drv_gpiote.o
       526         32          0          7          0          0   nrf_drv_rtc.o
       622          8          0          0         28          0   nrf_drv_uart.o
      1060         38          0          2          0          0   nrf_log_backend_serial.o
      1254         66         47          4       1048          0   nrf_log_frontend.o
        42          6          0          0         32          0   receiver_cb.o
       492         46          0          0        648          0   segger_rtt.o
       288         42         77         24          0          0   softdevice_handler.o
       348         38          0          4          0          0   system_nrf51.o

    ----------------------------------------------------------------------
      8978       1270        608        176       3896          0   Object Totals
         0          0         32          0          0          0   (incl. Generated)
        36          0          8          3          0          0   (incl. Padding)

    ----------------------------------------------------------------------

      Code (inc. data)   RO Data    RW Data    ZI Data      Debug   Library Member Name

         8          0          0          0          0          0   nrf_assert_internal.o
       236         76          0         12          0          0   nrf_channel_manager.o
       768        144          0          4        468          0   nrf_fifo.o
       572        154          0          8          0          0   nrf_flywheel.o
      1190        110          0         32         12          0   nrf_gzll.o
      4820        662          0          8        116          0   nrf_impala.o
      1390        292         48          4         36          0   nrf_link_core.o
       324         46          0          0        136          0   nrf_notification_manager.o
      1224        170          0          8        148          0   nrf_packet_manager.o
        96         36          0         12          0          0   nrf_state_machine.o
         8          4        133          0          0          0   ctype_o.o
         0          0          0          0          0          0   entry.o
         0          0          0          0          0          0   entry10a.o
         0          0          0          0          0          0   entry11a.o
         8          4          0          0          0          0   entry2.o
         4          0          0          0          0          0   entry5.o
         0          0          0          0          0          0   entry7b.o
         0          0          0          0          0          0   entry8b.o
         8          4          0          0          0          0   entry9a.o
        30          0          0          0          0          0   handlers.o
        36          8          0          0          0          0   init.o
        32          0          0          0          0          0   llshl.o
        34          0          0          0          0          0   llushr.o
        36          0          0          0          0          0   memcpya.o
        36          0          0          0          0          0   memseta.o
      1214         50          0          0          0          0   printf8.o
        18          0          0          0          0          0   strcpy.o
        14          0          0          0          0          0   strlen.o
        44          0          0          0          0          0   uidiv.o
        96          0          0          0          0          0   uldiv.o

    ----------------------------------------------------------------------
     12258       1760        184         88        920          0   Library Totals
        12          0          3          0          4          0   (incl. Padding)

    ----------------------------------------------------------------------

      Code (inc. data)   RO Data    RW Data    ZI Data      Debug   Library Name

     10628       1690         48         88        916          0   gzll_nrf51_arm.lib
      1618         70        133          0          0          0   mc_p.l

    ----------------------------------------------------------------------
     12258       1760        184         88        920          0   Library Totals

    ----------------------------------------------------------------------

==============================================================================


      Code (inc. data)   RO Data    RW Data    ZI Data      Debug   

     21236       3030        792        264       4816          0   Grand Totals
     21236       3030        792        264       4816          0   ELF Image Totals
     21236       3030        792        264          0          0   ROM Totals

==============================================================================

    Total RO  Size (Code + RO Data)                22028 (  21.51kB)
    Total RW  Size (RW Data + ZI Data)              5080 (   4.96kB)
    Total ROM Size (Code + RO Data + RW Data)      22292 (  21.77kB)

==============================================================================

